Archive member included to satisfy reference by file (symbol)

d:/Documents/NMPP/NMPP/NMPP_NDS/nflib/lib\libnflib.a(nf_2d.o)
                              main.o (NF_Set2D)
d:/Documents/NMPP/NMPP/NMPP_NDS/nflib/lib\libnflib.a(nf_basic.o)
                              d:/Documents/NMPP/NMPP/NMPP_NDS/nflib/lib\libnflib.a(nf_2d.o) (NF_Error)
d:/Documents/NMPP/NMPP/NMPP_NDS/nflib/lib\libnflib.a(nf_sprite256.o)
                              main.o (NF_InitSpriteBuffers)
d:/Documents/NMPP/NMPP/NMPP_NDS/nflib/lib\libnflib.a(nf_tiledbg.o)
                              main.o (NF_InitTiledBgBuffers)
c:/devkitPro/libnds/lib\libfilesystem.a(nitrofs.o)
                              d:/Documents/NMPP/NMPP/NMPP_NDS/nflib/lib\libnflib.a(nf_basic.o) (nitroFSInit)
c:/devkitPro/libnds/lib\libfat.a(libfat.o)
                              d:/Documents/NMPP/NMPP/NMPP_NDS/nflib/lib\libnflib.a(nf_basic.o) (fatInitDefault)
c:/devkitPro/libnds/lib\libfat.a(partition.o)
                              c:/devkitPro/libnds/lib\libfat.a(libfat.o) (_FAT_partition_constructor)
c:/devkitPro/libnds/lib\libfat.a(lock.o)
                              c:/devkitPro/libnds/lib\libfat.a(partition.o) (_FAT_lock_init)
c:/devkitPro/libnds/lib\libfat.a(fatdir.o)
                              c:/devkitPro/libnds/lib\libfat.a(libfat.o) (_FAT_stat_r)
c:/devkitPro/libnds/lib\libfat.a(cache.o)
                              c:/devkitPro/libnds/lib\libfat.a(partition.o) (_FAT_cache_constructor)
c:/devkitPro/libnds/lib\libfat.a(fatfile.o)
                              c:/devkitPro/libnds/lib\libfat.a(libfat.o) (_FAT_open_r)
c:/devkitPro/libnds/lib\libfat.a(disc.o)
                              c:/devkitPro/libnds/lib\libfat.a(libfat.o) (_FAT_disc_interfaces)
c:/devkitPro/libnds/lib\libfat.a(file_allocation_table.o)
                              c:/devkitPro/libnds/lib\libfat.a(fatfile.o) (_FAT_fat_nextCluster)
c:/devkitPro/libnds/lib\libfat.a(filetime.o)
                              c:/devkitPro/libnds/lib\libfat.a(fatdir.o) (_FAT_filetime_getTimeFromRTC)
c:/devkitPro/libnds/lib\libfat.a(directory.o)
                              c:/devkitPro/libnds/lib\libfat.a(fatdir.o) (_FAT_directory_entryGetCluster)
c:/devkitPro/libnds/lib\libnds9.a(keys.o)
                              main.o (scanKeys)
c:/devkitPro/libnds/lib\libnds9.a(sprite.o)
                              d:/Documents/NMPP/NMPP/NMPP_NDS/nflib/lib\libnflib.a(nf_sprite256.o) (oamInit)
c:/devkitPro/libnds/lib\libnds9.a(trig.o)
                              c:/devkitPro/libnds/lib\libnds9.a(sprite.o) (sinLerp)
c:/devkitPro/libnds/lib\libnds9.a(console.o)
                              d:/Documents/NMPP/NMPP/NMPP_NDS/nflib/lib\libnflib.a(nf_basic.o) (consoleDemoInit)
c:/devkitPro/libnds/lib\libnds9.a(sprite_alloc.o)
                              c:/devkitPro/libnds/lib\libnds9.a(sprite.o) (oamAllocReset)
c:/devkitPro/libnds/lib\libnds9.a(touch.o)
                              main.o (touchRead)
c:/devkitPro/libnds/lib\libnds9.a(video.o)
                              d:/Documents/NMPP/NMPP/NMPP_NDS/nflib/lib\libnflib.a(nf_basic.o) (setBrightness)
c:/devkitPro/libnds/lib\libnds9.a(background.o)
                              c:/devkitPro/libnds/lib\libnds9.a(console.o) (bgState)
c:/devkitPro/libnds/lib\libnds9.a(dldi.o)
                              c:/devkitPro/libnds/lib\libfat.a(disc.o) (dldiGetInternal)
c:/devkitPro/libnds/lib\libnds9.a(dsi_sd.o)
                              c:/devkitPro/libnds/lib\libfat.a(disc.o) (__io_dsisd)
c:/devkitPro/libnds/lib\libnds9.a(initSystem.o)
                              c:/devkitpro/devkitarm/bin/../lib/gcc/arm-none-eabi/5.3.0/../../../../arm-none-eabi/lib/thumb/ds_arm9_crt0.o (initSystem)
c:/devkitPro/libnds/lib\libnds9.a(fifosystem.o)
                              c:/devkitPro/libnds/lib\libnds9.a(initSystem.o) (fifoSetValue32Handler)
c:/devkitPro/libnds/lib\libnds9.a(card.o)
                              c:/devkitPro/libnds/lib\libfilesystem.a(nitrofs.o) (cardParamCommand)
c:/devkitPro/libnds/lib\libnds9.a(libnds_exit.arm.o)
                              c:/devkitpro/devkitarm/bin/../lib/gcc/arm-none-eabi/5.3.0/../../../../arm-none-eabi/lib/thumb/ds_arm9_crt0.o (__libnds_exit)
c:/devkitPro/libnds/lib\libnds9.a(interrupts.o)
                              c:/devkitPro/libnds/lib\libnds9.a(fifosystem.o) (irqSet)
c:/devkitPro/libnds/lib\libnds9.a(dcache.o)
                              d:/Documents/NMPP/NMPP/NMPP_NDS/nflib/lib\libnflib.a(nf_basic.o) (DC_FlushRange)
c:/devkitPro/libnds/lib\libnds9.a(dldi_stub.o)
                              c:/devkitPro/libnds/lib\libnds9.a(dldi.o) (_io_dldi_stub)
c:/devkitPro/libnds/lib\libnds9.a(IntrWait.o)
                              c:/devkitPro/libnds/lib\libnds9.a(dsi_sd.o) (swiIntrWait)
c:/devkitPro/libnds/lib\libnds9.a(mpu_setup.o)
                              c:/devkitpro/devkitarm/bin/../lib/gcc/arm-none-eabi/5.3.0/../../../../arm-none-eabi/lib/thumb/ds_arm9_crt0.o (__libnds_mpu_setup)
[...]
Memory Configuration

Name             Origin             Length             Attributes
rom              0x08000000         0x02000000
ewram            0x02000000         0x003ff000
dtcm             0x0b000000         0x00004000
vectors          0x01000000         0x00000100
itcm             0x01000100         0x00007f00
*default*        0x00000000         0xffffffff

Linker script and memory map

                0x01000000                __vectors_start = ORIGIN (vectors)
                0x01000100                __itcm_start = ORIGIN (itcm)
                0x023ff000                __ewram_end = (ORIGIN (ewram) + 0x3ff000)
                0x023ff000                __eheap_end = (ORIGIN (ewram) + 0x3ff000)
                0x0b000000                __dtcm_start = ORIGIN (dtcm)
                0x0b004000                __dtcm_top = (ORIGIN (dtcm) + 0x4000)
                0x0b003ff8                __irq_flags = (__dtcm_top - 0x8)
                0x0b003ffc                __irq_vector = (__dtcm_top - 0x4)
                0x0b003f00                __sp_svc = (__dtcm_top - 0x100)
                0x0b003e00                __sp_irq = (__sp_svc - 0x100)
                0x0b003d00                __sp_usr = (__sp_irq - 0x100)

.init           0x02000000      0x23c
                0x02000000                __text_start = .
 *(.init)
 .init          0x02000000      0x230 c:/devkitpro/devkitarm/bin/../lib/gcc/arm-none-eabi/5.3.0/../../../../arm-none-eabi/lib/thumb/ds_arm9_crt0.o
                0x02000000                _start
 .init          0x02000230        0x4 c:/devkitpro/devkitarm/bin/../lib/gcc/arm-none-eabi/5.3.0/thumb/crti.o
                0x02000230                _init
 .init          0x02000234        0x8 c:/devkitpro/devkitarm/bin/../lib/gcc/arm-none-eabi/5.3.0/thumb/crtn.o
                0x0200023c                . = ALIGN (0x4)

.plt
 *(.plt)

.text           0x02000240    0x25b20
 *(EXCLUDE_FILE(*.itcm*) .text)
 .text          0x02000240       0xd4 c:/devkitpro/devkitarm/bin/../lib/gcc/arm-none-eabi/5.3.0/thumb/crtbegin.o
 .text          0x02000314      0x874 d:/Documents/NMPP/NMPP/NMPP_NDS/nflib/lib\libnflib.a(nf_2d.o)
                0x02000314                NF_Set2D
                0x0200037c                NF_ShowBg
                0x020003f8                NF_HideBg
                0x0200049c                NF_ScrollBg
                0x020007ec                NF_MoveSprite
                0x0200080c                NF_SpriteLayer
                0x02000828                NF_ShowSprite
                0x02000848                NF_HflipSprite
                0x02000864                NF_GetSpriteHflip
                0x02000880                NF_VflipSprite
                0x0200089c                NF_GetSpriteVflip
                0x020008b8                NF_SpriteFrame
                0x02000988                NF_EnableSpriteRotScale
                0x02000a1c                NF_DisableSpriteRotScale
                0x02000a90                NF_SpriteRotScale
 .text          0x02000b88      0x4a0 d:/Documents/NMPP/NMPP/NMPP_NDS/nflib/lib\libnflib.a(nf_basic.o)
                0x02000b88                NF_Error
                0x02000e34                NF_SetRootFolder
                0x02000f8c                NF_DmaMemCopy
                0x02001018                NF_GetLanguage
 .text          0x02001028     0x13b4 d:/Documents/NMPP/NMPP/NMPP_NDS/nflib/lib\libnflib.a(nf_sprite256.o)
                0x02001028                NF_InitSpriteBuffers
                0x02001074                NF_ResetSpriteBuffers
                0x020010a8                NF_InitSpriteSys
                0x020012b8                NF_LoadSpriteGfx
                0x020013c8                NF_UnloadSpriteGfx
                0x02001438                NF_LoadSpritePal
                0x02001534                NF_UnloadSpritePal
                0x02001584                NF_VramSpriteGfx
                0x020018dc                NF_VramSpriteGfxDefrag
                0x02001ae0                NF_FreeSpriteGfx
                0x02001be0                NF_VramSpritePal
                0x02001cb4                NF_CreateSprite
                0x02002054                NF_DeleteSprite
                0x020020f4                NF_SpriteOamSet
                0x020021cc                NF_SpriteSetPalColor
                0x02002264                NF_SpriteEditPalColor
                0x020022e0                NF_SpriteUpdatePalette
                0x02002370                NF_SpriteGetPalColor
 .text          0x020023dc     0x19fc d:/Documents/NMPP/NMPP/NMPP_NDS/nflib/lib\libnflib.a(nf_tiledbg.o)
                0x020023dc                NF_InitTiledBgBuffers
                0x02002478                NF_ResetTiledBgBuffers
                0x020024dc                NF_InitTiledBgSys
                0x0200260c                NF_LoadTiledBg
                0x0200288c                NF_LoadTilesForBg
                0x02002b08                NF_UnloadTiledBg
                0x02002bc0                NF_DeleteTiledBg
                0x02002d68                NF_CreateTiledBg
                0x02003390                NF_GetTileMapAddress
                0x0200344c                NF_GetTileOfMap
                0x02003484                NF_SetTileOfMap
                0x020034c8                NF_UpdateVramMap
                0x020035e8                NF_BgSetPalColor
                0x02003698                NF_BgEditPalColor
                0x0200373c                NF_BgUpdatePalette
                0x020037fc                NF_BgGetPalColor
                0x02003894                NF_GetTilePal
                0x020038c8                NF_SetTilePal
                0x02003910                NF_LoadExBgPal
                0x020039fc                NF_UnloadExBgPal
                0x02003a4c                NF_VramExBgPal
                0x02003b00                NF_SetExBgPal
                0x02003bc0                NF_SetTileHflip
                0x02003bfc                NF_SetTileVflip
                0x02003c38                NF_RotateTileGfx
 .text          0x02003dd8      0xa10 c:/devkitPro/libnds/lib\libfilesystem.a(nitrofs.o)
                0x020046d8                nitroFSInit
 .text          0x020047e8      0x338 c:/devkitPro/libnds/lib\libfat.a(libfat.o)
                0x020047e8                fatMount
                0x020048a8                fatMountSimple
                0x020048bc                fatUnmount
                0x020048f4                fatInit
                0x02004a38                fatInitDefault
                0x02004a44                fatGetVolumeLabel
 .text          0x02004b20      0x768 c:/devkitPro/libnds/lib\libfat.a(partition.o)
                0x02004d2c                FindFirstValidPartition_buf
                0x02004eb0                FindFirstValidPartition
                0x02004ed8                _FAT_partition_constructor_buf
                0x02005198                _FAT_partition_constructor
                0x020051d8                _FAT_partition_destructor
                0x02005220                _FAT_partition_getPartitionFromPath
                0x02005234                _FAT_partition_createFSinfo
                0x0200524c                _FAT_partition_readFSinfo
                0x0200525c                _FAT_partition_writeFSinfo
                0x0200526c                _FAT_getCwdClusterPtr
 .text          0x02005288       0x10 c:/devkitPro/libnds/lib\libfat.a(lock.o)
                0x02005288                _FAT_lock_init
                0x0200528c                _FAT_lock_deinit
                0x02005290                _FAT_lock
                0x02005294                _FAT_unlock
 .text          0x02005298      0x91c c:/devkitPro/libnds/lib\libfat.a(fatdir.o)
                0x02005298                _FAT_stat_r
                0x02005334                _FAT_link_r
                0x02005340                _FAT_unlink_r
                0x020054c8                _FAT_chdir_r
                0x02005538                _FAT_rename_r
                0x02005704                _FAT_mkdir_r
                0x0200597c                _FAT_statvfs_r
                0x02005a04                _FAT_diropen_r
                0x02005ac4                _FAT_dirreset_r
                0x02005b10                _FAT_dirnext_r
                0x02005b94                _FAT_dirclose_r
 .text          0x02005bb4      0x528 c:/devkitPro/libnds/lib\libfat.a(cache.o)
                0x02005cf0                _FAT_cache_constructor
                0x02005d90                _FAT_cache_readSectors
                0x02005dfc                _FAT_cache_readPartialSector
                0x02005e3c                _FAT_cache_readLittleEndianValue
                0x02005ec8                _FAT_cache_writePartialSector
                0x02005ee8                _FAT_cache_writeLittleEndianValue
                0x02005f3c                _FAT_cache_eraseWritePartialSector
                0x02005fa8                _FAT_cache_writeSectors
                0x02006020                _FAT_cache_flush
                0x02006078                _FAT_cache_destructor
                0x020060ac                _FAT_cache_invalidate
 .text          0x020060dc     0x1424 c:/devkitPro/libnds/lib\libfat.a(fatfile.o)
                0x0200642c                _FAT_findEntry
                0x0200646c                FAT_getAttr
                0x02006494                FAT_setAttr
                0x02006544                _FAT_open_r
                0x02006868                _FAT_syncToDisc
                0x02006888                _FAT_close_r
                0x02006900                _FAT_read_r
                0x02006c5c                _FAT_write_r
                0x0200715c                _FAT_seek_r
                0x020072c0                _FAT_fstat_r
                0x02007354                _FAT_ftruncate_r
                0x020074b8                _FAT_fsync_r
 .text          0x02007500        0x8 c:/devkitPro/libnds/lib\libfat.a(disc.o)
 .text          0x02007508      0x4bc c:/devkitPro/libnds/lib\libfat.a(file_allocation_table.o)
                0x02007654                _FAT_fat_nextCluster
                0x02007770                _FAT_fat_linkFreeCluster
                0x02007804                _FAT_fat_linkFreeClusterCleared
                0x02007874                _FAT_fat_clearLinks
                0x020078d8                _FAT_fat_trimChain
                0x02007964                _FAT_fat_lastCluster
                0x02007998                _FAT_fat_freeClusterCount
 .text          0x020079c4       0xb8 c:/devkitPro/libnds/lib\libfat.a(filetime.o)
                0x020079c4                _FAT_filetime_getTimeFromRTC
                0x02007a04                _FAT_filetime_getDateFromRTC
                0x02007a44                _FAT_filetime_to_time_t
 .text          0x02007a7c     0x14c0 c:/devkitPro/libnds/lib\libfat.a(directory.o)
                0x02007d20                _FAT_directory_entryGetCluster
                0x02007d3c                _FAT_directory_getNextEntry
                0x02007fb8                _FAT_directory_getFirstEntry
                0x02007fd8                _FAT_directory_getRootEntry
                0x02008034                _FAT_directory_getVolumeLabel
                0x020080f8                _FAT_directory_entryFromPosition
                0x02008240                _FAT_directory_entryFromPath
                0x020084b4                _FAT_directory_removeEntry
                0x0200857c                _FAT_directory_addEntry
                0x02008e18                _FAT_directory_chdir
                0x02008e64                _FAT_directory_entryStat
 .text          0x02008f3c       0xf4 c:/devkitPro/libnds/lib\libnds9.a(keys.o)
                0x02008f3c                scanKeys
                0x02008fa8                keysHeld
                0x02008fb4                keysDown
                0x02008fc4                keysDownRepeat
                0x02008fd4                keysSetRepeat
                0x02008fec                keysUp
                0x02008ffc                keysCurrent
 .text          0x02009030      0x3f8 c:/devkitPro/libnds/lib\libnds9.a(sprite.o)
                0x02009030                oamInit
                0x0200914c                oamDisable
                0x02009178                oamEnable
                0x02009198                oamGetGfxPtr
                0x020091d0                oamClear
                0x020091f8                oamGfxPtrToOffset
                0x02009228                oamSet
                0x0200937c                oamUpdate
                0x020093dc                oamRotateScale
 .text          0x02009428      0x2a0 c:/devkitPro/libnds/lib\libnds9.a(trig.o)
                0x02009428                asinComp
                0x0200944c                sinLutLookup
                0x02009484                sinLerp
                0x02009520                cosLerp
                0x02009534                tanLutLookup
                0x0200956c                tanLerp
                0x02009614                asinLerp
                0x02009690                acosLerp
                0x020096a4                atanComp
 .text          0x020096c8      0xa30 c:/devkitPro/libnds/lib\libnds9.a(console.o)
                0x02009778                nocash_write
                0x02009788                consoleGetDefault
                0x02009794                consoleSelect
                0x020097a4                consoleDebugInit
                0x020097f4                consolePrintChar
                0x020099d4                consoleLoadFont
                0x02009c50                consoleSetFont
                0x02009c70                consoleInit
                0x02009dd8                consoleDemoInit
                0x02009e1c                con_write
                0x0200a0c8                consoleClear
                0x0200a0d8                consoleSetWindow
 .text          0x0200a0f8      0x450 c:/devkitPro/libnds/lib\libnds9.a(sprite_alloc.o)
                0x0200a128                oamAllocReset
                0x0200a144                oamAllocateGfx
                0x0200a36c                oamFreeGfx
                0x0200a4f4                oamCountFragments
 .text          0x0200a548       0x48 c:/devkitPro/libnds/lib\libnds9.a(touch.o)
                0x0200a548                touchRead
                0x0200a56c                touchReadXY
 .text          0x0200a590      0x1bc c:/devkitPro/libnds/lib\libnds9.a(video.o)
                0x0200a590                vramSetMainBanks
                0x0200a5d4                vramSetPrimaryBanks
                0x0200a5dc                vramSetBanks_EFG
                0x0200a614                vramRestorePrimaryBanks
                0x0200a620                vramRestoreMainBanks
                0x0200a62c                vramRestoreBanks_EFG
                0x0200a638                setBrightness
                0x0200a678                vramDefault
 .text          0x0200a74c      0x350 c:/devkitPro/libnds/lib\libnds9.a(background.o)
                0x0200a788                bgIsText
                0x0200a794                checkIfText
                0x0200a7bc                bgUpdate
                0x0200a8ac                bgInit_call
                0x0200a99c                bgInitSub_call
 .text          0x0200aa9c      0x22c c:/devkitPro/libnds/lib\libnds9.a(dldi.o)
                0x0200aa9c                dldiGetInternal
                0x0200aad0                dldiIsValid
                0x0200ab0c                dldiFixDriverAddresses
                0x0200abe4                dldiLoadFromFile
                0x0200acbc                dldiFree
 .text          0x0200acc8      0x170 c:/devkitPro/libnds/lib\libnds9.a(dsi_sd.o)
                0x0200acc8                sdio_Shutdown
                0x0200acd8                sdio_ClearStatus
                0x0200ace0                sdio_Startup
                0x0200ad38                sdio_IsInserted
                0x0200ad78                sdio_ReadSectors
                0x0200add8                sdio_WriteSectors
 .text          0x0200ae38      0x148 c:/devkitPro/libnds/lib\libnds9.a(initSystem.o)
                0x0200ae38                initSystem
 .text          0x0200af80      0xd04 c:/devkitPro/libnds/lib\libnds9.a(fifosystem.o)
                0x0200b1d4                fifoSetValue32Handler
                0x0200b248                fifoSendAddress
                0x0200b280                fifoSendValue32
                0x0200b2d0                fifoSendDatamsg
                0x0200b360                fifoGetAddress
                0x0200b3cc                fifoSetAddressHandler
                0x0200b440                fifoGetValue32
                0x0200b454                fifoGetDatamsg
                0x0200b984                fifoSetDatamsgHandler
                0x0200ba1c                fifoCheckAddress
                0x0200ba40                fifoCheckDatamsg
                0x0200ba64                fifoCheckDatamsgLength
                0x0200ba94                fifoCheckValue32
                0x0200bab8                fifoInit
 .text          0x0200bc84      0x27c c:/devkitPro/libnds/lib\libnds9.a(card.o)
                0x0200bc84                cardWriteCommand
                0x0200bca8                cardPolledTransfer
                0x0200bcf8                cardStartTransfer
                0x0200bd54                cardWriteAndRead
                0x0200bd98                cardParamCommand
                0x0200bdcc                cardReadID
                0x0200be28                cardReset
                0x0200be94                cardReadHeader
 .text          0x0200bf00       0x60 c:/devkitPro/libnds/lib\libnds9.a(libnds_exit.arm.o)
                0x0200bf00                systemErrorExit
                0x0200bf04                __libnds_exit
 .text          0x0200bf60      0x1e8 c:/devkitPro/libnds/lib\libnds9.a(interrupts.o)
                0x0200bf60                irqDummy
                0x0200bf64                irqSet
                0x0200bfd0                irqInitHandler
                0x0200bff8                irqInit
                0x0200c048                irqEnable
                0x0200c0ac                irqDisable
                0x0200c110                irqClear
 .text          0x0200c148       0x88 c:/devkitPro/libnds/lib\libnds9.a(dcache.o)
                0x0200c148                DC_FlushAll
                0x0200c174                DC_FlushRange
                0x0200c198                DC_InvalidateAll
                0x0200c1a4                DC_InvalidateRange
 *fill*         0x0200c1d0       0x30 ff
 .text          0x0200c200     0x8000 c:/devkitPro/libnds/lib\libnds9.a(dldi_stub.o)
                0x0200c200                _io_dldi_stub
 .text          0x02014200       0x20 c:/devkitPro/libnds/lib\libnds9.a(IntrWait.o)
                0x02014200                swiIntrWait
 .text          0x02014220      0x1b4 c:/devkitPro/libnds/lib\libnds9.a(mpu_setup.o)
                0x02014220                __libnds_mpu_setup
                0x02014360                memCached
                0x02014378                memUncached
 *fill*         0x020143d4        0xc ff
 .text          0x020143e0       0x30 c:/devkitPro/libnds/lib\libnds9.a(swiSoftReset.o)
                0x020143e0                swiSoftReset
 .text          0x02014410       0xa4 c:/devkitPro/libnds/lib\libnds9.a(debugprint.o)
                0x02014410                nocashWrite
                0x02014412                nocashMessage
 *fill*         0x020144b4        0xc ff
 .text          0x020144c0       0x70 c:/devkitPro/libnds/lib\libnds9.a(biosCalls.o)
                0x020144c0                swiDelay
                0x020144c4                swiWaitForVBlank
                0x020144c8                swiSleep
                0x020144cc                swiChangeSoundBias
                0x020144d0                swiDivide
                0x020144d4                swiRemainder
                0x020144da                swiDivMod
                0x020144e6                swiCopy
                0x020144ea                swiFastCopy
                0x020144ee                swiSqrt
                0x020144f2                swiCRC16
                0x020144f6                swiIsDebugger
                0x020144fa                swiUnpackBits
                0x020144fe                swiDecompressLZSSWram
                0x02014502                swiDecompressLZSSVramNTR
                0x02014506                swiDecompressLZSSVramTWL
                0x0201450a                swiDecompressHuffman
                0x0201450e                swiDecompressRLEWram
                0x02014512                swiDecompressRLEVram
                0x02014516                swiWaitForIRQ
                0x0201451a                swiDecodeDelta8
                0x0201451e                swiDecodeDelta16
                0x02014522                swiSetHaltCR
 .text          0x02014530      0x140 c:/devkitPro/libnds/lib\libnds9.a(system.o)
                0x02014530                setSDcallback
                0x0201453c                systemValueHandler
                0x02014584                systemMsgHandler
                0x020145d4                systemSleep
                0x020145ec                powerOn
                0x02014618                powerOff
                0x02014640                ledBlink
                0x02014650                getBatteryLevel
 .text          0x02014670       0x24 c:/devkitPro/libnds/lib\libnds9.a(timeSupport.o)
                0x02014670                __libnds_gtod
 .text          0x02014694      0x11c c:/devkitpro/devkitarm/bin/../lib/gcc/arm-none-eabi/5.3.0/thumb\libgcc.a(_udivsi3.o)
                0x02014694                __aeabi_uidiv
                0x02014694                __udivsi3
                0x02014790                __aeabi_uidivmod
 .text          0x020147b0      0x150 c:/devkitpro/devkitarm/bin/../lib/gcc/arm-none-eabi/5.3.0/thumb\libgcc.a(_divsi3.o)
                0x020147b0                __divsi3
                0x020147b0                __aeabi_idiv
                0x020148e0                __aeabi_idivmod
 .text          0x02014900        0x4 c:/devkitpro/devkitarm/bin/../lib/gcc/arm-none-eabi/5.3.0/thumb\libgcc.a(_dvmd_tls.o)
                0x02014900                __aeabi_idiv0
                0x02014900                __aeabi_ldiv0
 .text          0x02014904      0x41c c:/devkitpro/devkitarm/bin/../lib/gcc/arm-none-eabi/5.3.0/thumb\libgcc.a(_arm_addsubdf3.o)
                0x02014904                __aeabi_drsub
                0x0201490c                __aeabi_dsub
                0x0201490c                __subdf3
                0x02014910                __aeabi_dadd
                0x02014910                __adddf3
                0x02014c20                __floatunsidf
                0x02014c20                __aeabi_ui2d
                0x02014c44                __floatsidf
                0x02014c44                __aeabi_i2d
                0x02014c6c                __aeabi_f2d
                0x02014c6c                __extendsfdf2
                0x02014cac                __floatundidf
                0x02014cac                __aeabi_ul2d
                0x02014cc0                __floatdidf
                0x02014cc0                __aeabi_l2d
 .text          0x02014d20      0x144 c:/devkitpro/devkitarm/bin/../lib/gcc/arm-none-eabi/5.3.0/thumb\libgcc.a(_arm_cmpdf2.o)
                0x02014d20                __gtdf2
                0x02014d20                __gedf2
                0x02014d28                __ltdf2
                0x02014d28                __ledf2
                0x02014d30                __nedf2
                0x02014d30                __eqdf2
                0x02014d30                __cmpdf2
                0x02014db8                __aeabi_cdrcmple
                0x02014dd4                __aeabi_cdcmpeq
                0x02014dd4                __aeabi_cdcmple
                0x02014dec                __aeabi_dcmpeq
                0x02014e04                __aeabi_dcmplt
                0x02014e1c                __aeabi_dcmple
                0x02014e34                __aeabi_dcmpge
                0x02014e4c                __aeabi_dcmpgt
 .text          0x02014e64       0x60 c:/devkitpro/devkitarm/bin/../lib/gcc/arm-none-eabi/5.3.0/thumb\libgcc.a(_muldi3.o)
                0x02014e64                __muldi3
                0x02014e64                __aeabi_lmul
 .text          0x02014ec4      0x224 c:/devkitpro/devkitarm/bin/../lib/gcc/arm-none-eabi/5.3.0/../../../../arm-none-eabi/lib/thumb\libg.a(lib_a-strcmp.o)
                0x02014ec4                strcmp
 .text          0x020150e8      0x160 c:/devkitpro/devkitarm/bin/../lib/gcc/arm-none-eabi/5.3.0/../../../../arm-none-eabi/lib/thumb\libsysbase.a(iosupport.o)
                0x020150ec                setDefaultDevice
                0x020150fc                FindDevice
                0x02015188                RemoveDevice
                0x020151ac                AddDevice
                0x02015228                GetDeviceOpTab
 .text          0x02015248       0x54 c:/devkitpro/devkitarm/bin/../lib/gcc/arm-none-eabi/5.3.0/../../../../arm-none-eabi/lib/thumb\libsysbase.a(close.o)
                0x02015248                _close_r
 .text          0x0201529c       0x44 c:/devkitpro/devkitarm/bin/../lib/gcc/arm-none-eabi/5.3.0/../../../../arm-none-eabi/lib/thumb\libsysbase.a(fstat.o)
                0x0201529c                _fstat_r
 .text          0x020152e0       0x28 c:/devkitpro/devkitarm/bin/../lib/gcc/arm-none-eabi/5.3.0/../../../../arm-none-eabi/lib/thumb\libsysbase.a(gettod.o)
                0x020152e0                _gettimeofday_r
 .text          0x02015308        0x4 c:/devkitpro/devkitarm/bin/../lib/gcc/arm-none-eabi/5.3.0/../../../../arm-none-eabi/lib/thumb\libsysbase.a(isatty.o)
                0x02015308                _isatty_r
 .text          0x0201530c       0x48 c:/devkitpro/devkitarm/bin/../lib/gcc/arm-none-eabi/5.3.0/../../../../arm-none-eabi/lib/thumb\libsysbase.a(lseek.o)
                0x0201530c                _lseek_r
 .text          0x02015354       0x9c c:/devkitpro/devkitarm/bin/../lib/gcc/arm-none-eabi/5.3.0/../../../../arm-none-eabi/lib/thumb\libsysbase.a(open.o)
                0x02015354                _open_r
 .text          0x020153f0       0x48 c:/devkitpro/devkitarm/bin/../lib/gcc/arm-none-eabi/5.3.0/../../../../arm-none-eabi/lib/thumb\libsysbase.a(read.o)
                0x020153f0                _read_r
 .text          0x02015438       0x54 c:/devkitpro/devkitarm/bin/../lib/gcc/arm-none-eabi/5.3.0/../../../../arm-none-eabi/lib/thumb\libsysbase.a(sbrk.o)
                0x02015438                _sbrk_r
 .text          0x0201548c       0x48 c:/devkitpro/devkitarm/bin/../lib/gcc/arm-none-eabi/5.3.0/../../../../arm-none-eabi/lib/thumb\libsysbase.a(write.o)
                0x0201548c                _write_r
 .text          0x020154d4      0x284 c:/devkitpro/devkitarm/bin/../lib/gcc/arm-none-eabi/5.3.0/../../../../arm-none-eabi/lib/thumb\libsysbase.a(chdir.o)
                0x020154d4                _concatenate_path
                0x0201560c                chdir
                0x020156f4                getcwd
 .text          0x02015758       0x4c c:/devkitpro/devkitarm/bin/../lib/gcc/arm-none-eabi/5.3.0/../../../../arm-none-eabi/lib/thumb\libsysbase.a(build_argv.o)
                0x02015758                build_argv
 .text          0x020157a4       0x20 c:/devkitpro/devkitarm/bin/../lib/gcc/arm-none-eabi/5.3.0/../../../../arm-none-eabi/lib/thumb\libsysbase.a(flock.o)
                0x020157a4                __flockfile
                0x020157b4                __funlockfile
 .text          0x020157c4      0x104 c:/devkitpro/devkitarm/bin/../lib/gcc/arm-none-eabi/5.3.0/../../../../arm-none-eabi/lib/thumb\libsysbase.a(syscall_support.o)
                0x020157c4                __libc_lock_init
                0x020157dc                __libc_lock_acquire
                0x020157f4                __libc_lock_try_acquire
                0x02015814                __libc_lock_release
                0x0201582c                __libc_lock_close
                0x02015844                __libc_lock_init_recursive
                0x0201585c                __libc_lock_acquire_recursive
                0x02015874                __libc_lock_try_acquire_recursive
                0x02015894                __libc_lock_release_recursive
                0x020158ac                __libc_lock_close_recursive
 .text          0x020158c8      0x204 c:/devkitpro/devkitarm/bin/../lib/gcc/arm-none-eabi/5.3.0/../../../../arm-none-eabi/lib/thumb\libsysbase.a(handle_manager.o)
                0x020158c8                __free_handle
                0x02015900                __release_handle
                0x02015938                __alloc_handle
                0x02015990                __get_handle
                0x020159ac                dup
                0x02015a20                dup2
 .text          0x02015acc       0x28 c:/devkitpro/devkitarm/bin/../lib/gcc/arm-none-eabi/5.3.0/../../../../arm-none-eabi/lib/thumb\libsysbase.a(getreent.o)
                0x02015acc                __getreent
 .text          0x02015af4      0x49c c:/devkitpro/devkitarm/bin/../lib/gcc/arm-none-eabi/5.3.0/thumb\libgcc.a(_arm_muldivdf3.o)
                0x02015af4                __aeabi_dmul
                0x02015af4                __muldf3
                0x02015d84                __divdf3
                0x02015d84                __aeabi_ddiv
 .text          0x02015f90       0x5c c:/devkitpro/devkitarm/bin/../lib/gcc/arm-none-eabi/5.3.0/thumb\libgcc.a(_arm_fixdfsi.o)
                0x02015f90                __aeabi_d2iz
                0x02015f90                __fixdfsi
 .text          0x02015fec       0x3c c:/devkitpro/devkitarm/bin/../lib/gcc/arm-none-eabi/5.3.0/thumb\libgcc.a(_aeabi_uldivmod.o)
                0x02015fec                __aeabi_uldivmod
 .text          0x02016028      0x184 c:/devkitpro/devkitarm/bin/../lib/gcc/arm-none-eabi/5.3.0/thumb\libgcc.a(_udivmoddi4.o)
                0x02016028                __udivmoddi4
 .text          0x020161ac       0x28 c:/devkitpro/devkitarm/bin/../lib/gcc/arm-none-eabi/5.3.0/thumb\libgcc.a(_clzdi2.o)
                0x020161ac                __clzdi2
 .text          0x020161d4       0x48 c:/devkitpro/devkitarm/bin/../lib/gcc/arm-none-eabi/5.3.0/thumb\libgcc.a(_clzsi2.o)
                0x020161d4                __clzsi2
 *(.text.*)
 .text.startup  0x0201621c      0x1bc main.o
                0x0201621c                main
 .text.bsearch  0x020163d8       0x64 c:/devkitpro/devkitarm/bin/../lib/gcc/arm-none-eabi/5.3.0/../../../../arm-none-eabi/lib/thumb\libg.a(lib_a-bsearch.o)
                0x020163d8                bsearch
 .text.calloc   0x0201643c       0x18 c:/devkitpro/devkitarm/bin/../lib/gcc/arm-none-eabi/5.3.0/../../../../arm-none-eabi/lib/thumb\libg.a(lib_a-calloc.o)
                0x0201643c                calloc
 .text._calloc_r
                0x02016454       0x64 c:/devkitpro/devkitarm/bin/../lib/gcc/arm-none-eabi/5.3.0/../../../../arm-none-eabi/lib/thumb\libg.a(lib_a-callocr.o)
                0x02016454                _calloc_r
 .text._fclose_r
                0x020164b8       0xb4 c:/devkitpro/devkitarm/bin/../lib/gcc/arm-none-eabi/5.3.0/../../../../arm-none-eabi/lib/thumb\libg.a(lib_a-fclose.o)
                0x020164b8                _fclose_r
 .text.fclose   0x0201656c       0x14 c:/devkitpro/devkitarm/bin/../lib/gcc/arm-none-eabi/5.3.0/../../../../arm-none-eabi/lib/thumb\libg.a(lib_a-fclose.o)
                0x0201656c                fclose
 .text.__sflush_r
                0x02016580      0x158 c:/devkitpro/devkitarm/bin/../lib/gcc/arm-none-eabi/5.3.0/../../../../arm-none-eabi/lib/thumb\libg.a(lib_a-fflush.o)
                0x02016580                __sflush_r
 .text._fflush_r
                0x020166d8       0x58 c:/devkitpro/devkitarm/bin/../lib/gcc/arm-none-eabi/5.3.0/../../../../arm-none-eabi/lib/thumb\libg.a(lib_a-fflush.o)
                0x020166d8                _fflush_r
 .text.fflush   0x02016730       0x2c c:/devkitpro/devkitarm/bin/../lib/gcc/arm-none-eabi/5.3.0/../../../../arm-none-eabi/lib/thumb\libg.a(lib_a-fflush.o)
                0x02016730                fflush
 .text._cleanup_r
                0x0201675c       0x14 c:/devkitpro/devkitarm/bin/../lib/gcc/arm-none-eabi/5.3.0/../../../../arm-none-eabi/lib/thumb\libg.a(lib_a-findfp.o)
                0x0201675c                _cleanup_r
 .text.std.isra.0
                0x02016770       0x54 c:/devkitpro/devkitarm/bin/../lib/gcc/arm-none-eabi/5.3.0/../../../../arm-none-eabi/lib/thumb\libg.a(lib_a-findfp.o)
 .text.__sfmoreglue
                0x020167c4       0x34 c:/devkitpro/devkitarm/bin/../lib/gcc/arm-none-eabi/5.3.0/../../../../arm-none-eabi/lib/thumb\libg.a(lib_a-findfp.o)
                0x020167c4                __sfmoreglue
 .text.__sinit  0x020167f8       0x64 c:/devkitpro/devkitarm/bin/../lib/gcc/arm-none-eabi/5.3.0/../../../../arm-none-eabi/lib/thumb\libg.a(lib_a-findfp.o)
                0x020167f8                __sinit
 .text.__sfp    0x0201685c       0xb4 c:/devkitpro/devkitarm/bin/../lib/gcc/arm-none-eabi/5.3.0/../../../../arm-none-eabi/lib/thumb\libg.a(lib_a-findfp.o)
                0x0201685c                __sfp
 .text.__sfp_lock_acquire
                0x02016910       0x14 c:/devkitpro/devkitarm/bin/../lib/gcc/arm-none-eabi/5.3.0/../../../../arm-none-eabi/lib/thumb\libg.a(lib_a-findfp.o)
                0x02016910                __sfp_lock_acquire
 .text.__sfp_lock_release
                0x02016924       0x14 c:/devkitpro/devkitarm/bin/../lib/gcc/arm-none-eabi/5.3.0/../../../../arm-none-eabi/lib/thumb\libg.a(lib_a-findfp.o)
                0x02016924                __sfp_lock_release
 .text._fopen_r
                0x02016938       0xb4 c:/devkitpro/devkitarm/bin/../lib/gcc/arm-none-eabi/5.3.0/../../../../arm-none-eabi/lib/thumb\libg.a(lib_a-fopen.o)
                0x02016938                _fopen_r
 .text.fopen    0x020169ec       0x18 c:/devkitpro/devkitarm/bin/../lib/gcc/arm-none-eabi/5.3.0/../../../../arm-none-eabi/lib/thumb\libg.a(lib_a-fopen.o)
                0x020169ec                fopen
 .text._fread_r
                0x02016a04      0x1e0 c:/devkitpro/devkitarm/bin/../lib/gcc/arm-none-eabi/5.3.0/../../../../arm-none-eabi/lib/thumb\libg.a(lib_a-fread.o)
                0x02016a04                _fread_r
 .text.fread    0x02016be4       0x24 c:/devkitpro/devkitarm/bin/../lib/gcc/arm-none-eabi/5.3.0/../../../../arm-none-eabi/lib/thumb\libg.a(lib_a-fread.o)
                0x02016be4                fread
 .text._malloc_trim_r
                0x02016c08       0xa4 c:/devkitpro/devkitarm/bin/../lib/gcc/arm-none-eabi/5.3.0/../../../../arm-none-eabi/lib/thumb\libg.a(lib_a-freer.o)
                0x02016c08                _malloc_trim_r
 .text._free_r  0x02016cac      0x1c8 c:/devkitpro/devkitarm/bin/../lib/gcc/arm-none-eabi/5.3.0/../../../../arm-none-eabi/lib/thumb\libg.a(lib_a-freer.o)
                0x02016cac                _free_r
 .text._fseek_r
                0x02016e74        0xc c:/devkitpro/devkitarm/bin/../lib/gcc/arm-none-eabi/5.3.0/../../../../arm-none-eabi/lib/thumb\libg.a(lib_a-fseek.o)
                0x02016e74                _fseek_r
 .text.fseek    0x02016e80       0x1c c:/devkitpro/devkitarm/bin/../lib/gcc/arm-none-eabi/5.3.0/../../../../arm-none-eabi/lib/thumb\libg.a(lib_a-fseek.o)
                0x02016e80                fseek
 .text._fseeko_r
                0x02016e9c      0x334 c:/devkitpro/devkitarm/bin/../lib/gcc/arm-none-eabi/5.3.0/../../../../arm-none-eabi/lib/thumb\libg.a(lib_a-fseeko.o)
                0x02016e9c                _fseeko_r
 .text.ftell    0x020171d0       0x14 c:/devkitpro/devkitarm/bin/../lib/gcc/arm-none-eabi/5.3.0/../../../../arm-none-eabi/lib/thumb\libg.a(lib_a-ftell.o)
                0x020171d0                ftell
 .text._ftello_r
                0x020171e4       0xc8 c:/devkitpro/devkitarm/bin/../lib/gcc/arm-none-eabi/5.3.0/../../../../arm-none-eabi/lib/thumb\libg.a(lib_a-ftello.o)
                0x020171e4                _ftello_r
 .text._fwalk   0x020172ac       0x4c c:/devkitpro/devkitarm/bin/../lib/gcc/arm-none-eabi/5.3.0/../../../../arm-none-eabi/lib/thumb\libg.a(lib_a-fwalk.o)
                0x020172ac                _fwalk
 .text._fwalk_reent
                0x020172f8       0x54 c:/devkitpro/devkitarm/bin/../lib/gcc/arm-none-eabi/5.3.0/../../../../arm-none-eabi/lib/thumb\libg.a(lib_a-fwalk.o)
                0x020172f8                _fwalk_reent
 .text.__libc_init_array
                0x0201734c       0x58 c:/devkitpro/devkitarm/bin/../lib/gcc/arm-none-eabi/5.3.0/../../../../arm-none-eabi/lib/thumb\libg.a(lib_a-init.o)
                0x0201734c                __libc_init_array
 .text.iprintf  0x020173a4       0x24 c:/devkitpro/devkitarm/bin/../lib/gcc/arm-none-eabi/5.3.0/../../../../arm-none-eabi/lib/thumb\libg.a(lib_a-iprintf.o)
                0x020173a4                iprintf
 .text.localtime_r
                0x020173c8      0x210 c:/devkitpro/devkitarm/bin/../lib/gcc/arm-none-eabi/5.3.0/../../../../arm-none-eabi/lib/thumb\libg.a(lib_a-lcltime_r.o)
                0x020173c8                localtime_r
 .text.__locale_charset
                0x020175d8        0x8 c:/devkitpro/devkitarm/bin/../lib/gcc/arm-none-eabi/5.3.0/../../../../arm-none-eabi/lib/thumb\libg.a(lib_a-locale.o)
                0x020175d8                __locale_charset
 .text.__locale_mb_cur_max
                0x020175e0        0xc c:/devkitpro/devkitarm/bin/../lib/gcc/arm-none-eabi/5.3.0/../../../../arm-none-eabi/lib/thumb\libg.a(lib_a-locale.o)
                0x020175e0                __locale_mb_cur_max
 .text._localeconv_r
                0x020175ec        0x8 c:/devkitpro/devkitarm/bin/../lib/gcc/arm-none-eabi/5.3.0/../../../../arm-none-eabi/lib/thumb\libg.a(lib_a-locale.o)
                0x020175ec                _localeconv_r
 .text.__smakebuf_r
                0x020175f4       0xf4 c:/devkitpro/devkitarm/bin/../lib/gcc/arm-none-eabi/5.3.0/../../../../arm-none-eabi/lib/thumb\libg.a(lib_a-makebuf.o)
                0x020175f4                __smakebuf_r
 .text.malloc   0x020176e8       0x14 c:/devkitpro/devkitarm/bin/../lib/gcc/arm-none-eabi/5.3.0/../../../../arm-none-eabi/lib/thumb\libg.a(lib_a-malloc.o)
                0x020176e8                malloc
 .text.free     0x020176fc       0x14 c:/devkitpro/devkitarm/bin/../lib/gcc/arm-none-eabi/5.3.0/../../../../arm-none-eabi/lib/thumb\libg.a(lib_a-malloc.o)
                0x020176fc                free
 .text._malloc_r
                0x02017710      0x564 c:/devkitpro/devkitarm/bin/../lib/gcc/arm-none-eabi/5.3.0/../../../../arm-none-eabi/lib/thumb\libg.a(lib_a-mallocr.o)
                0x02017710                _malloc_r
 .text._mbrtowc_r
                0x02017c74       0x7c c:/devkitpro/devkitarm/bin/../lib/gcc/arm-none-eabi/5.3.0/../../../../arm-none-eabi/lib/thumb\libg.a(lib_a-mbrtowc.o)
                0x02017c74                _mbrtowc_r
 .text.mbrtowc  0x02017cf0       0x80 c:/devkitpro/devkitarm/bin/../lib/gcc/arm-none-eabi/5.3.0/../../../../arm-none-eabi/lib/thumb\libg.a(lib_a-mbrtowc.o)
                0x02017cf0                mbrtowc
 .text.mbsrtowcs
                0x02017d70       0x28 c:/devkitpro/devkitarm/bin/../lib/gcc/arm-none-eabi/5.3.0/../../../../arm-none-eabi/lib/thumb\libg.a(lib_a-mbsrtowcs.o)
                0x02017d70                mbsrtowcs
 .text.__utf8_mbtowc
                0x02017d98      0x2cc c:/devkitpro/devkitarm/bin/../lib/gcc/arm-none-eabi/5.3.0/../../../../arm-none-eabi/lib/thumb\libg.a(lib_a-mbtowc_r.o)
                0x02017d98                __utf8_mbtowc
 .text.memcmp   0x02018064       0x54 c:/devkitpro/devkitarm/bin/../lib/gcc/arm-none-eabi/5.3.0/../../../../arm-none-eabi/lib/thumb\libg.a(lib_a-memcmp.o)
                0x02018064                memcmp
 .text.memcpy   0x020180b8       0x80 c:/devkitpro/devkitarm/bin/../lib/gcc/arm-none-eabi/5.3.0/../../../../arm-none-eabi/lib/thumb\libg.a(lib_a-memcpy.o)
                0x020180b8                memcpy
 .text.memmove  0x02018138       0x9c c:/devkitpro/devkitarm/bin/../lib/gcc/arm-none-eabi/5.3.0/../../../../arm-none-eabi/lib/thumb\libg.a(lib_a-memmove.o)
                0x02018138                memmove
 .text.memset   0x020181d4       0x94 c:/devkitpro/devkitarm/bin/../lib/gcc/arm-none-eabi/5.3.0/../../../../arm-none-eabi/lib/thumb\libg.a(lib_a-memset.o)
                0x020181d4                memset
 .text.validate_structure
                0x02018268      0x210 c:/devkitpro/devkitarm/bin/../lib/gcc/arm-none-eabi/5.3.0/../../../../arm-none-eabi/lib/thumb\libg.a(lib_a-mktime.o)
 .text.mktime   0x02018478      0x378 c:/devkitpro/devkitarm/bin/../lib/gcc/arm-none-eabi/5.3.0/../../../../arm-none-eabi/lib/thumb\libg.a(lib_a-mktime.o)
                0x02018478                mktime
 .text.__malloc_lock
                0x020187f0       0x14 c:/devkitpro/devkitarm/bin/../lib/gcc/arm-none-eabi/5.3.0/../../../../arm-none-eabi/lib/thumb\libg.a(lib_a-mlock.o)
                0x020187f0                __malloc_lock
 .text.__malloc_unlock
                0x02018804       0x14 c:/devkitpro/devkitarm/bin/../lib/gcc/arm-none-eabi/5.3.0/../../../../arm-none-eabi/lib/thumb\libg.a(lib_a-mlock.o)
                0x02018804                __malloc_unlock
 .text.realloc  0x02018818       0x18 c:/devkitpro/devkitarm/bin/../lib/gcc/arm-none-eabi/5.3.0/../../../../arm-none-eabi/lib/thumb\libg.a(lib_a-realloc.o)
                0x02018818                realloc
 .text._realloc_r
                0x02018830      0x3ec c:/devkitpro/devkitarm/bin/../lib/gcc/arm-none-eabi/5.3.0/../../../../arm-none-eabi/lib/thumb\libg.a(lib_a-reallocr.o)
                0x02018830                _realloc_r
 .text.lflush   0x02018c1c       0x20 c:/devkitpro/devkitarm/bin/../lib/gcc/arm-none-eabi/5.3.0/../../../../arm-none-eabi/lib/thumb\libg.a(lib_a-refill.o)
 .text.__srefill_r
                0x02018c3c      0x128 c:/devkitpro/devkitarm/bin/../lib/gcc/arm-none-eabi/5.3.0/../../../../arm-none-eabi/lib/thumb\libg.a(lib_a-refill.o)
                0x02018c3c                __srefill_r
 .text.rewind   0x02018d64       0x20 c:/devkitpro/devkitarm/bin/../lib/gcc/arm-none-eabi/5.3.0/../../../../arm-none-eabi/lib/thumb\libg.a(lib_a-rewind.o)
                0x02018d64                rewind
 .text.setvbuf  0x02018d84      0x148 c:/devkitpro/devkitarm/bin/../lib/gcc/arm-none-eabi/5.3.0/../../../../arm-none-eabi/lib/thumb\libg.a(lib_a-setvbuf.o)
                0x02018d84                setvbuf
 .text.siscanf  0x02018ecc       0x4c c:/devkitpro/devkitarm/bin/../lib/gcc/arm-none-eabi/5.3.0/../../../../arm-none-eabi/lib/thumb\libg.a(lib_a-siscanf.o)
                0x02018ecc                siscanf
 .text.sprintf  0x02018f18       0x48 c:/devkitpro/devkitarm/bin/../lib/gcc/arm-none-eabi/5.3.0/../../../../arm-none-eabi/lib/thumb\libg.a(lib_a-sprintf.o)
                0x02018f18                sprintf
 .text.__sread  0x02018f60       0x2c c:/devkitpro/devkitarm/bin/../lib/gcc/arm-none-eabi/5.3.0/../../../../arm-none-eabi/lib/thumb\libg.a(lib_a-stdio.o)
                0x02018f60                __sread
 .text.__seofread
                0x02018f8c        0x4 c:/devkitpro/devkitarm/bin/../lib/gcc/arm-none-eabi/5.3.0/../../../../arm-none-eabi/lib/thumb\libg.a(lib_a-stdio.o)
                0x02018f8c                __seofread
 .text.__swrite
                0x02018f90       0x3c c:/devkitpro/devkitarm/bin/../lib/gcc/arm-none-eabi/5.3.0/../../../../arm-none-eabi/lib/thumb\libg.a(lib_a-stdio.o)
                0x02018f90                __swrite
 .text.__sseek  0x02018fcc       0x30 c:/devkitpro/devkitarm/bin/../lib/gcc/arm-none-eabi/5.3.0/../../../../arm-none-eabi/lib/thumb\libg.a(lib_a-stdio.o)
                0x02018fcc                __sseek
 .text.__sclose
                0x02018ffc       0x10 c:/devkitpro/devkitarm/bin/../lib/gcc/arm-none-eabi/5.3.0/../../../../arm-none-eabi/lib/thumb\libg.a(lib_a-stdio.o)
                0x02018ffc                __sclose
 .text.stpcpy   0x0201900c       0x4c c:/devkitpro/devkitarm/bin/../lib/gcc/arm-none-eabi/5.3.0/../../../../arm-none-eabi/lib/thumb\libg.a(lib_a-stpcpy.o)
                0x0201900c                stpcpy
 .text.strchr   0x02019058       0xdc c:/devkitpro/devkitarm/bin/../lib/gcc/arm-none-eabi/5.3.0/../../../../arm-none-eabi/lib/thumb\libg.a(lib_a-strchr.o)
                0x02019058                strchr
 .text.strcpy   0x02019134       0x10 c:/devkitpro/devkitarm/bin/../lib/gcc/arm-none-eabi/5.3.0/../../../../arm-none-eabi/lib/thumb\libg.a(lib_a-strcpy.o)
                0x02019134                strcpy
 .text.strdup   0x02019144       0x14 c:/devkitpro/devkitarm/bin/../lib/gcc/arm-none-eabi/5.3.0/../../../../arm-none-eabi/lib/thumb\libg.a(lib_a-strdup.o)
                0x02019144                strdup
 .text._strdup_r
                0x02019158       0x2c c:/devkitpro/devkitarm/bin/../lib/gcc/arm-none-eabi/5.3.0/../../../../arm-none-eabi/lib/thumb\libg.a(lib_a-strdup_r.o)
                0x02019158                _strdup_r
 .text.strlen   0x02019184       0x6c c:/devkitpro/devkitarm/bin/../lib/gcc/arm-none-eabi/5.3.0/../../../../arm-none-eabi/lib/thumb\libg.a(lib_a-strlen.o)
                0x02019184                strlen
 .text.strncasecmp
                0x020191f0       0x5c c:/devkitpro/devkitarm/bin/../lib/gcc/arm-none-eabi/5.3.0/../../../../arm-none-eabi/lib/thumb\libg.a(lib_a-strncasecmp.o)
                0x020191f0                strncasecmp
 .text.strncmp  0x0201924c       0x94 c:/devkitpro/devkitarm/bin/../lib/gcc/arm-none-eabi/5.3.0/../../../../arm-none-eabi/lib/thumb\libg.a(lib_a-strncmp.o)
                0x0201924c                strncmp
 .text.strncpy  0x020192e0       0x7c c:/devkitpro/devkitarm/bin/../lib/gcc/arm-none-eabi/5.3.0/../../../../arm-none-eabi/lib/thumb\libg.a(lib_a-strncpy.o)
                0x020192e0                strncpy
 .text.strnlen  0x0201935c       0x30 c:/devkitpro/devkitarm/bin/../lib/gcc/arm-none-eabi/5.3.0/../../../../arm-none-eabi/lib/thumb\libg.a(lib_a-strnlen.o)
                0x0201935c                strnlen
 .text.strpbrk  0x0201938c       0x4c c:/devkitpro/devkitarm/bin/../lib/gcc/arm-none-eabi/5.3.0/../../../../arm-none-eabi/lib/thumb\libg.a(lib_a-strpbrk.o)
                0x0201938c                strpbrk
 .text.strrchr  0x020193d8       0x2c c:/devkitpro/devkitarm/bin/../lib/gcc/arm-none-eabi/5.3.0/../../../../arm-none-eabi/lib/thumb\libg.a(lib_a-strrchr.o)
                0x020193d8                strrchr
 .text._strtol_r
                0x02019404      0x178 c:/devkitpro/devkitarm/bin/../lib/gcc/arm-none-eabi/5.3.0/../../../../arm-none-eabi/lib/thumb\libg.a(lib_a-strtol.o)
                0x02019404                _strtol_r
 .text._sungetc_r
                0x0201957c       0x8c c:/devkitpro/devkitarm/bin/../lib/gcc/arm-none-eabi/5.3.0/../../../../arm-none-eabi/lib/thumb\libg.a(lib_a-svfiscanf.o)
                0x0201957c                _sungetc_r
 .text.__ssrefill_r
                0x02019608       0x44 c:/devkitpro/devkitarm/bin/../lib/gcc/arm-none-eabi/5.3.0/../../../../arm-none-eabi/lib/thumb\libg.a(lib_a-svfiscanf.o)
                0x02019608                __ssrefill_r
 .text._sfread_r
                0x0201964c       0x90 c:/devkitpro/devkitarm/bin/../lib/gcc/arm-none-eabi/5.3.0/../../../../arm-none-eabi/lib/thumb\libg.a(lib_a-svfiscanf.o)
                0x0201964c                _sfread_r
 .text.__ssvfiscanf_r
                0x020196dc     0x1498 c:/devkitpro/devkitarm/bin/../lib/gcc/arm-none-eabi/5.3.0/../../../../arm-none-eabi/lib/thumb\libg.a(lib_a-svfiscanf.o)
                0x020196dc                __ssvfiscanf_r
 .text.get_arg  0x0201ab74      0xcb0 c:/devkitpro/devkitarm/bin/../lib/gcc/arm-none-eabi/5.3.0/../../../../arm-none-eabi/lib/thumb\libg.a(lib_a-svfprintf.o)
 .text._svfprintf_r
                0x0201b824     0x3114 c:/devkitpro/devkitarm/bin/../lib/gcc/arm-none-eabi/5.3.0/../../../../arm-none-eabi/lib/thumb\libg.a(lib_a-svfprintf.o)
                0x0201b824                _svfprintf_r
 .text.close    0x0201e938       0x14 c:/devkitpro/devkitarm/bin/../lib/gcc/arm-none-eabi/5.3.0/../../../../arm-none-eabi/lib/thumb\libg.a(lib_a-sysclose.o)
                0x0201e938                close
 .text.lseek    0x0201e94c       0x1c c:/devkitpro/devkitarm/bin/../lib/gcc/arm-none-eabi/5.3.0/../../../../arm-none-eabi/lib/thumb\libg.a(lib_a-syslseek.o)
                0x0201e94c                lseek
 .text.open     0x0201e968       0x28 c:/devkitpro/devkitarm/bin/../lib/gcc/arm-none-eabi/5.3.0/../../../../arm-none-eabi/lib/thumb\libg.a(lib_a-sysopen.o)
                0x0201e968                open
 .text.read     0x0201e990       0x1c c:/devkitpro/devkitarm/bin/../lib/gcc/arm-none-eabi/5.3.0/../../../../arm-none-eabi/lib/thumb\libg.a(lib_a-sysread.o)
                0x0201e990                read
 .text.time     0x0201e9ac       0x2c c:/devkitpro/devkitarm/bin/../lib/gcc/arm-none-eabi/5.3.0/../../../../arm-none-eabi/lib/thumb\libg.a(lib_a-time.o)
                0x0201e9ac                time
 .text.towlower
                0x0201e9d8      0x7e0 c:/devkitpro/devkitarm/bin/../lib/gcc/arm-none-eabi/5.3.0/../../../../arm-none-eabi/lib/thumb\libg.a(lib_a-towlower.o)
                0x0201e9d8                towlower
 .text.towupper
                0x0201f1b8      0x98c c:/devkitpro/devkitarm/bin/../lib/gcc/arm-none-eabi/5.3.0/../../../../arm-none-eabi/lib/thumb\libg.a(lib_a-towupper.o)
                0x0201f1b8                towupper
 .text.__tzcalc_limits
                0x0201fb44      0x1a0 c:/devkitpro/devkitarm/bin/../lib/gcc/arm-none-eabi/5.3.0/../../../../arm-none-eabi/lib/thumb\libg.a(lib_a-tzcalc_limits.o)
                0x0201fb44                __tzcalc_limits
 .text.__tz_lock
                0x0201fce4       0x14 c:/devkitpro/devkitarm/bin/../lib/gcc/arm-none-eabi/5.3.0/../../../../arm-none-eabi/lib/thumb\libg.a(lib_a-tzlock.o)
                0x0201fce4                __tz_lock
 .text.__tz_unlock
                0x0201fcf8       0x14 c:/devkitpro/devkitarm/bin/../lib/gcc/arm-none-eabi/5.3.0/../../../../arm-none-eabi/lib/thumb\libg.a(lib_a-tzlock.o)
                0x0201fcf8                __tz_unlock
 .text.__submore
                0x0201fd0c       0x88 c:/devkitpro/devkitarm/bin/../lib/gcc/arm-none-eabi/5.3.0/../../../../arm-none-eabi/lib/thumb\libg.a(lib_a-ungetc.o)
                0x0201fd0c                __submore
 .text.get_arg  0x0201fd94      0xcb0 c:/devkitpro/devkitarm/bin/../lib/gcc/arm-none-eabi/5.3.0/../../../../arm-none-eabi/lib/thumb\libg.a(lib_a-vfiprintf.o)
 .text.__sprint_r.part.0
                0x02020a44       0x80 c:/devkitpro/devkitarm/bin/../lib/gcc/arm-none-eabi/5.3.0/../../../../arm-none-eabi/lib/thumb\libg.a(lib_a-vfiprintf.o)
 .text._vfiprintf_r
                0x02020ac4     0x2240 c:/devkitpro/devkitarm/bin/../lib/gcc/arm-none-eabi/5.3.0/../../../../arm-none-eabi/lib/thumb\libg.a(lib_a-vfiprintf.o)
                0x02020ac4                _vfiprintf_r
 .text.__sbprintf
                0x02022d04       0x8c c:/devkitpro/devkitarm/bin/../lib/gcc/arm-none-eabi/5.3.0/../../../../arm-none-eabi/lib/thumb\libg.a(lib_a-vfiprintf.o)
 .text._wcrtomb_r
                0x02022d90       0x6c c:/devkitpro/devkitarm/bin/../lib/gcc/arm-none-eabi/5.3.0/../../../../arm-none-eabi/lib/thumb\libg.a(lib_a-wcrtomb.o)
                0x02022d90                _wcrtomb_r
 .text.wcrtomb  0x02022dfc       0x74 c:/devkitpro/devkitarm/bin/../lib/gcc/arm-none-eabi/5.3.0/../../../../arm-none-eabi/lib/thumb\libg.a(lib_a-wcrtomb.o)
                0x02022dfc                wcrtomb
 .text._wcsrtombs_r
                0x02022e70       0x1c c:/devkitpro/devkitarm/bin/../lib/gcc/arm-none-eabi/5.3.0/../../../../arm-none-eabi/lib/thumb\libg.a(lib_a-wcsrtombs.o)
                0x02022e70                _wcsrtombs_r
 .text.wctob    0x02022e8c       0x50 c:/devkitpro/devkitarm/bin/../lib/gcc/arm-none-eabi/5.3.0/../../../../arm-none-eabi/lib/thumb\libg.a(lib_a-wctob.o)
                0x02022e8c                wctob
 .text.__utf8_wctomb
                0x02022edc       0xbc c:/devkitpro/devkitarm/bin/../lib/gcc/arm-none-eabi/5.3.0/../../../../arm-none-eabi/lib/thumb\libg.a(lib_a-wctomb_r.o)
                0x02022edc                __utf8_wctomb
 .text.__swsetup_r
                0x02022f98       0xcc c:/devkitpro/devkitarm/bin/../lib/gcc/arm-none-eabi/5.3.0/../../../../arm-none-eabi/lib/thumb\libg.a(lib_a-wsetup.o)
                0x02022f98                __swsetup_r
 .text.div      0x02023064       0x40 c:/devkitpro/devkitarm/bin/../lib/gcc/arm-none-eabi/5.3.0/../../../../arm-none-eabi/lib/thumb\libg.a(lib_a-div.o)
                0x02023064                div
 .text.quorem   0x020230a4      0x158 c:/devkitpro/devkitarm/bin/../lib/gcc/arm-none-eabi/5.3.0/../../../../arm-none-eabi/lib/thumb\libg.a(lib_a-dtoa.o)
 .text._dtoa_r  0x020231fc      0xfd8 c:/devkitpro/devkitarm/bin/../lib/gcc/arm-none-eabi/5.3.0/../../../../arm-none-eabi/lib/thumb\libg.a(lib_a-dtoa.o)
                0x020231fc                _dtoa_r
 .text.__sflags
                0x020241d4       0x9c c:/devkitpro/devkitarm/bin/../lib/gcc/arm-none-eabi/5.3.0/../../../../arm-none-eabi/lib/thumb\libg.a(lib_a-flags.o)
                0x020241d4                __sflags
 .text.__fputwc
                0x02024270       0xc0 c:/devkitpro/devkitarm/bin/../lib/gcc/arm-none-eabi/5.3.0/../../../../arm-none-eabi/lib/thumb\libg.a(lib_a-fputwc.o)
                0x02024270                __fputwc
 .text._fputwc_r
                0x02024330       0x5c c:/devkitpro/devkitarm/bin/../lib/gcc/arm-none-eabi/5.3.0/../../../../arm-none-eabi/lib/thumb\libg.a(lib_a-fputwc.o)
                0x02024330                _fputwc_r
 .text.__sfvwrite_r
                0x0202438c      0x340 c:/devkitpro/devkitarm/bin/../lib/gcc/arm-none-eabi/5.3.0/../../../../arm-none-eabi/lib/thumb\libg.a(lib_a-fvwrite.o)
                0x0202438c                __sfvwrite_r
 .text.__gettzinfo
                0x020246cc        0x8 c:/devkitpro/devkitarm/bin/../lib/gcc/arm-none-eabi/5.3.0/../../../../arm-none-eabi/lib/thumb\libg.a(lib_a-gettzinfo.o)
                0x020246cc                __gettzinfo
 .text.gmtime_r
                0x020246d4      0x178 c:/devkitpro/devkitarm/bin/../lib/gcc/arm-none-eabi/5.3.0/../../../../arm-none-eabi/lib/thumb\libg.a(lib_a-gmtime_r.o)
                0x020246d4                gmtime_r
 .text.iswspace
                0x0202484c       0x78 c:/devkitpro/devkitarm/bin/../lib/gcc/arm-none-eabi/5.3.0/../../../../arm-none-eabi/lib/thumb\libg.a(lib_a-iswspace.o)
                0x0202484c                iswspace
 .text.__jp2uc  0x020248c4      0x188 c:/devkitpro/devkitarm/bin/../lib/gcc/arm-none-eabi/5.3.0/../../../../arm-none-eabi/lib/thumb\libg.a(lib_a-jp2uc.o)
 .text._jp2uc   0x02024a4c       0x64 c:/devkitpro/devkitarm/bin/../lib/gcc/arm-none-eabi/5.3.0/../../../../arm-none-eabi/lib/thumb\libg.a(lib_a-jp2uc.o)
                0x02024a4c                _jp2uc
 .text._mbsnrtowcs_r
                0x02024ab0       0xbc c:/devkitpro/devkitarm/bin/../lib/gcc/arm-none-eabi/5.3.0/../../../../arm-none-eabi/lib/thumb\libg.a(lib_a-mbsnrtowcs.o)
                0x02024ab0                _mbsnrtowcs_r
 .text.memchr   0x02024b6c       0x90 c:/devkitpro/devkitarm/bin/../lib/gcc/arm-none-eabi/5.3.0/../../../../arm-none-eabi/lib/thumb\libg.a(lib_a-memchr.o)
                0x02024b6c                memchr
 .text._Balloc  0x02024bfc       0x54 c:/devkitpro/devkitarm/bin/../lib/gcc/arm-none-eabi/5.3.0/../../../../arm-none-eabi/lib/thumb\libg.a(lib_a-mprec.o)
                0x02024bfc                _Balloc
 .text._Bfree   0x02024c50       0x14 c:/devkitpro/devkitarm/bin/../lib/gcc/arm-none-eabi/5.3.0/../../../../arm-none-eabi/lib/thumb\libg.a(lib_a-mprec.o)
                0x02024c50                _Bfree
 .text.__multadd
                0x02024c64       0x94 c:/devkitpro/devkitarm/bin/../lib/gcc/arm-none-eabi/5.3.0/../../../../arm-none-eabi/lib/thumb\libg.a(lib_a-mprec.o)
                0x02024c64                __multadd
 .text.__hi0bits
                0x02024cf8       0x3c c:/devkitpro/devkitarm/bin/../lib/gcc/arm-none-eabi/5.3.0/../../../../arm-none-eabi/lib/thumb\libg.a(lib_a-mprec.o)
                0x02024cf8                __hi0bits
 .text.__lo0bits
                0x02024d34       0x5c c:/devkitpro/devkitarm/bin/../lib/gcc/arm-none-eabi/5.3.0/../../../../arm-none-eabi/lib/thumb\libg.a(lib_a-mprec.o)
                0x02024d34                __lo0bits
 .text.__i2b    0x02024d90       0x18 c:/devkitpro/devkitarm/bin/../lib/gcc/arm-none-eabi/5.3.0/../../../../arm-none-eabi/lib/thumb\libg.a(lib_a-mprec.o)
                0x02024d90                __i2b
 .text.__multiply
                0x02024da8      0x16c c:/devkitpro/devkitarm/bin/../lib/gcc/arm-none-eabi/5.3.0/../../../../arm-none-eabi/lib/thumb\libg.a(lib_a-mprec.o)
                0x02024da8                __multiply
 .text.__pow5mult
                0x02024f14       0xc0 c:/devkitpro/devkitarm/bin/../lib/gcc/arm-none-eabi/5.3.0/../../../../arm-none-eabi/lib/thumb\libg.a(lib_a-mprec.o)
                0x02024f14                __pow5mult
 .text.__lshift
                0x02024fd4       0xc4 c:/devkitpro/devkitarm/bin/../lib/gcc/arm-none-eabi/5.3.0/../../../../arm-none-eabi/lib/thumb\libg.a(lib_a-mprec.o)
                0x02024fd4                __lshift
 .text.__mcmp   0x02025098       0x40 c:/devkitpro/devkitarm/bin/../lib/gcc/arm-none-eabi/5.3.0/../../../../arm-none-eabi/lib/thumb\libg.a(lib_a-mprec.o)
                0x02025098                __mcmp
 .text.__mdiff  0x020250d8      0x120 c:/devkitpro/devkitarm/bin/../lib/gcc/arm-none-eabi/5.3.0/../../../../arm-none-eabi/lib/thumb\libg.a(lib_a-mprec.o)
                0x020250d8                __mdiff
 .text.__d2b    0x020251f8       0xc0 c:/devkitpro/devkitarm/bin/../lib/gcc/arm-none-eabi/5.3.0/../../../../arm-none-eabi/lib/thumb\libg.a(lib_a-mprec.o)
                0x020251f8                __d2b
 .text.__sccl   0x020252b8       0x7c c:/devkitpro/devkitarm/bin/../lib/gcc/arm-none-eabi/5.3.0/../../../../arm-none-eabi/lib/thumb\libg.a(lib_a-sccl.o)
                0x020252b8                __sccl
 .text.__fpclassifyd
                0x02025334       0x5c c:/devkitpro/devkitarm/bin/../lib/gcc/arm-none-eabi/5.3.0/../../../../arm-none-eabi/lib/thumb\libg.a(lib_a-s_fpclassify.o)
                0x02025334                __fpclassifyd
 .text.frexp    0x02025390       0x74 c:/devkitpro/devkitarm/bin/../lib/gcc/arm-none-eabi/5.3.0/../../../../arm-none-eabi/lib/thumb\libg.a(lib_a-s_frexp.o)
                0x02025390                frexp
 .text._strtoll_r
                0x02025404      0x1e8 c:/devkitpro/devkitarm/bin/../lib/gcc/arm-none-eabi/5.3.0/../../../../arm-none-eabi/lib/thumb\libg.a(lib_a-strtoll_r.o)
                0x02025404                _strtoll_r
 .text._strtoull_r
                0x020255ec      0x1ec c:/devkitpro/devkitarm/bin/../lib/gcc/arm-none-eabi/5.3.0/../../../../arm-none-eabi/lib/thumb\libg.a(lib_a-strtoull_r.o)
                0x020255ec                _strtoull_r
 .text._strtoul_r
                0x020257d8      0x17c c:/devkitpro/devkitarm/bin/../lib/gcc/arm-none-eabi/5.3.0/../../../../arm-none-eabi/lib/thumb\libg.a(lib_a-strtoul.o)
                0x020257d8                _strtoul_r
 .text.__ssprint_r
                0x02025954      0x134 c:/devkitpro/devkitarm/bin/../lib/gcc/arm-none-eabi/5.3.0/../../../../arm-none-eabi/lib/thumb\libg.a(lib_a-svfiprintf.o)
                0x02025954                __ssprint_r
 .text.__swbuf_r
                0x02025a88       0xb8 c:/devkitpro/devkitarm/bin/../lib/gcc/arm-none-eabi/5.3.0/../../../../arm-none-eabi/lib/thumb\libg.a(lib_a-wbuf.o)
                0x02025a88                __swbuf_r
 .text._wcsnrtombs_r
                0x02025b40      0x118 c:/devkitpro/devkitarm/bin/../lib/gcc/arm-none-eabi/5.3.0/../../../../arm-none-eabi/lib/thumb\libg.a(lib_a-wcsnrtombs.o)
                0x02025b40                _wcsnrtombs_r
 .text.__errno  0x02025c58        0xc c:/devkitpro/devkitarm/bin/../lib/gcc/arm-none-eabi/5.3.0/../../../../arm-none-eabi/lib/thumb\libg.a(lib_a-errno.o)
                0x02025c58                __errno
 *fill*         0x02025c64        0x4 ff
 .text.__errno.__stub
                0x02025c68       0xe8 linker stubs
 *(.stub)
 *(.gnu.warning)
 *(.gnu.linkonce.t*)
 *(.glue_7)
 .glue_7        0x02025d60        0x0 linker stubs
 *(.glue_7t)
 .glue_7t       0x02025d60        0x0 linker stubs
                0x02025d60                . = ALIGN (0x4)

.vfp11_veneer   0x02025d60        0x0
 .vfp11_veneer  0x02025d60        0x0 linker stubs

.v4_bx          0x02025d60        0x0
 .v4_bx         0x02025d60        0x0 linker stubs

.iplt           0x02025d60        0x0
 .iplt          0x02025d60        0x0 c:/devkitpro/devkitarm/bin/../lib/gcc/arm-none-eabi/5.3.0/../../../../arm-none-eabi/lib/thumb/ds_arm9_crt0.o

.fini           0x02025d60        0xc
 *(.fini)
 .fini          0x02025d60        0x4 c:/devkitpro/devkitarm/bin/../lib/gcc/arm-none-eabi/5.3.0/thumb/crti.o
                0x02025d60                _fini
 .fini          0x02025d64        0x8 c:/devkitpro/devkitarm/bin/../lib/gcc/arm-none-eabi/5.3.0/thumb/crtn.o
                0x02025d6c                __text_end = .

.rodata         0x02025d70     0x8c90
 *(.rodata)
 .rodata        0x02025d70       0x50 d:/Documents/NMPP/NMPP/NMPP_NDS/nflib/lib\libnflib.a(nf_basic.o)
 .rodata        0x02025dc0       0x68 c:/devkitPro/libnds/lib\libfat.a(libfat.o)
 .rodata        0x02025e28        0xc c:/devkitPro/libnds/lib\libfat.a(partition.o)
 .rodata        0x02025e34       0x18 c:/devkitPro/libnds/lib\libfat.a(disc.o)
                0x02025e34                _FAT_disc_interfaces
 .rodata        0x02025e4c       0x54 c:/devkitPro/libnds/lib\libfat.a(directory.o)
 .rodata        0x02025ea0      0x308 c:/devkitPro/libnds/lib\libnds9.a(trig.o)
                0x02025ea0                SIN_LUT
                0x02025fa4                TAN_LUT
 .rodata        0x020261a8      0x20c c:/devkitPro/libnds/lib\libnds9.a(console.o)
 .rodata        0x020263b4        0xc c:/devkitPro/libnds/lib\libnds9.a(dldi.o)
                0x020263b4                DLDI_MAGIC_STRING_BACKWARDS
                0x020263bc                DLDI_MAGIC_NUMBER
 .rodata        0x020263c0       0x20 c:/devkitPro/libnds/lib\libnds9.a(dsi_sd.o)
                0x020263c0                __io_dsisd
 .rodata        0x020263e0     0x2004 c:/devkitPro/libnds/lib\libnds9.a(default_font.bin.o)
                0x020263e0                default_font_bin
                0x020283e0                default_font_bin_size
                0x020283e0                default_font_bin_end
 .rodata        0x020283e4       0x68 c:/devkitpro/devkitarm/bin/../lib/gcc/arm-none-eabi/5.3.0/../../../../arm-none-eabi/lib/thumb\libsysbase.a(iosupport.o)
                0x020283e4                dotab_stdnull
 .rodata        0x0202844c        0xc c:/devkitpro/devkitarm/bin/../lib/gcc/arm-none-eabi/5.3.0/../../../../arm-none-eabi/lib/thumb\libsysbase.a(chdir.o)
                0x0202844c                DIRECTORY_PARENT
                0x02028450                DIRECTORY_THIS
                0x02028454                DIRECTORY_SEPARATOR
 *all.rodata*(*)
 *(.roda)
 *(.rodata.*)
 .rodata.str1.4
                0x02028458       0x48 main.o
 .rodata.str1.4
                0x020284a0       0x27 d:/Documents/NMPP/NMPP/NMPP_NDS/nflib/lib\libnflib.a(nf_2d.o)
                                 0x28 (size before relaxing)
 *fill*         0x020284c7        0x1 ff
 .rodata.str1.4
                0x020284c8      0x613 d:/Documents/NMPP/NMPP/NMPP_NDS/nflib/lib\libnflib.a(nf_basic.o)
                                0x628 (size before relaxing)
 *fill*         0x02028adb        0x1 ff
 .rodata.str1.4
                0x02028adc       0x70 d:/Documents/NMPP/NMPP/NMPP_NDS/nflib/lib\libnflib.a(nf_sprite256.o)
                                 0x7c (size before relaxing)
 .rodata.str1.4
                0x02028b4c       0x4c d:/Documents/NMPP/NMPP/NMPP_NDS/nflib/lib\libnflib.a(nf_tiledbg.o)
                                 0x6c (size before relaxing)
 .rodata.str1.4
                0x02028b98       0x16 c:/devkitPro/libnds/lib\libfilesystem.a(nitrofs.o)
                                 0x20 (size before relaxing)
 *fill*         0x02028bae        0x2 ff
 .rodata.str1.4
                0x02028bb0       0x10 c:/devkitPro/libnds/lib\libfat.a(libfat.o)
                                 0x14 (size before relaxing)
 .rodata.str1.4
                0x02028bc0        0x5 c:/devkitPro/libnds/lib\libfat.a(fatdir.o)
                                  0x8 (size before relaxing)
 .rodata.str1.4
                0x02028bc5        0x8 c:/devkitPro/libnds/lib\libfat.a(disc.o)
 .rodata.str1.4
                0x02028bc5        0x8 c:/devkitPro/libnds/lib\libfat.a(directory.o)
 *fill*         0x02028bc5        0x3 ff
 .rodata.str1.4
                0x02028bc8       0x4c c:/devkitPro/libnds/lib\libnds9.a(console.o)
 .rodata._ctype_
                0x02028c14      0x104 c:/devkitpro/devkitarm/bin/../lib/gcc/arm-none-eabi/5.3.0/../../../../arm-none-eabi/lib/thumb\libg.a(lib_a-ctype_.o)
                0x02028c14                _ctype_
 .rodata.str1.4
                0x02028d18        0x2 c:/devkitpro/devkitarm/bin/../lib/gcc/arm-none-eabi/5.3.0/../../../../arm-none-eabi/lib/thumb\libg.a(lib_a-impure.o)
                                  0x4 (size before relaxing)
 *fill*         0x02028d1a        0x2 ff
 .rodata._global_impure_ptr
                0x02028d1c        0x4 c:/devkitpro/devkitarm/bin/../lib/gcc/arm-none-eabi/5.3.0/../../../../arm-none-eabi/lib/thumb\libg.a(lib_a-impure.o)
                0x02028d1c                _global_impure_ptr
 .rodata.str1.4
                0x02028d20      0x120 c:/devkitpro/devkitarm/bin/../lib/gcc/arm-none-eabi/5.3.0/../../../../arm-none-eabi/lib/thumb\libg.a(lib_a-locale.o)
                                0x130 (size before relaxing)
 .rodata.str1.4
                0x02028e40        0x4 c:/devkitpro/devkitarm/bin/../lib/gcc/arm-none-eabi/5.3.0/../../../../arm-none-eabi/lib/thumb\libg.a(lib_a-mbrtowc.o)
 .rodata._DAYS_BEFORE_MONTH
                0x02028e40       0x30 c:/devkitpro/devkitarm/bin/../lib/gcc/arm-none-eabi/5.3.0/../../../../arm-none-eabi/lib/thumb\libg.a(lib_a-mktime.o)
 .rodata.DAYS_IN_MONTH
                0x02028e70       0x30 c:/devkitpro/devkitarm/bin/../lib/gcc/arm-none-eabi/5.3.0/../../../../arm-none-eabi/lib/thumb\libg.a(lib_a-mktime.o)
 .rodata.__month_lengths
                0x02028ea0       0x60 c:/devkitpro/devkitarm/bin/../lib/gcc/arm-none-eabi/5.3.0/../../../../arm-none-eabi/lib/thumb\libg.a(lib_a-month_lengths.o)
                0x02028ea0                __month_lengths
 .rodata.__ssvfiscanf_r
                0x02028f00      0x324 c:/devkitpro/devkitarm/bin/../lib/gcc/arm-none-eabi/5.3.0/../../../../arm-none-eabi/lib/thumb\libg.a(lib_a-svfiscanf.o)
 .rodata.basefix.6493
                0x02029224       0x24 c:/devkitpro/devkitarm/bin/../lib/gcc/arm-none-eabi/5.3.0/../../../../arm-none-eabi/lib/thumb\libg.a(lib_a-svfiscanf.o)
 .rodata.get_arg
                0x02029248      0x914 c:/devkitpro/devkitarm/bin/../lib/gcc/arm-none-eabi/5.3.0/../../../../arm-none-eabi/lib/thumb\libg.a(lib_a-svfprintf.o)
 .rodata._svfprintf_r
                0x02029b5c      0x16c c:/devkitpro/devkitarm/bin/../lib/gcc/arm-none-eabi/5.3.0/../../../../arm-none-eabi/lib/thumb\libg.a(lib_a-svfprintf.o)
 .rodata.blanks.7120
                0x02029cc8       0x10 c:/devkitpro/devkitarm/bin/../lib/gcc/arm-none-eabi/5.3.0/../../../../arm-none-eabi/lib/thumb\libg.a(lib_a-svfprintf.o)
 .rodata.str1.4
                0x02029cd8       0x42 c:/devkitpro/devkitarm/bin/../lib/gcc/arm-none-eabi/5.3.0/../../../../arm-none-eabi/lib/thumb\libg.a(lib_a-svfprintf.o)
                                 0x44 (size before relaxing)
 *fill*         0x02029d1a        0x2 ff
 .rodata.zeroes.7121
                0x02029d1c       0x10 c:/devkitpro/devkitarm/bin/../lib/gcc/arm-none-eabi/5.3.0/../../../../arm-none-eabi/lib/thumb\libg.a(lib_a-svfprintf.o)
 .rodata.towlower
                0x02029d2c      0x674 c:/devkitpro/devkitarm/bin/../lib/gcc/arm-none-eabi/5.3.0/../../../../arm-none-eabi/lib/thumb\libg.a(lib_a-towlower.o)
 .rodata.towupper
                0x0202a3a0      0x2dc c:/devkitpro/devkitarm/bin/../lib/gcc/arm-none-eabi/5.3.0/../../../../arm-none-eabi/lib/thumb\libg.a(lib_a-towupper.o)
 .rodata.CSWTCH.1
                0x0202a67c      0x108 c:/devkitpro/devkitarm/bin/../lib/gcc/arm-none-eabi/5.3.0/../../../../arm-none-eabi/lib/thumb\libg.a(lib_a-towupper.o)
 .rodata.get_arg
                0x0202a784      0x914 c:/devkitpro/devkitarm/bin/../lib/gcc/arm-none-eabi/5.3.0/../../../../arm-none-eabi/lib/thumb\libg.a(lib_a-vfiprintf.o)
 .rodata._vfiprintf_r
                0x0202b098      0x16c c:/devkitpro/devkitarm/bin/../lib/gcc/arm-none-eabi/5.3.0/../../../../arm-none-eabi/lib/thumb\libg.a(lib_a-vfiprintf.o)
 .rodata.blanks.7113
                0x0202b204       0x10 c:/devkitpro/devkitarm/bin/../lib/gcc/arm-none-eabi/5.3.0/../../../../arm-none-eabi/lib/thumb\libg.a(lib_a-vfiprintf.o)
 .rodata.str1.4
                0x0202b214       0x30 c:/devkitpro/devkitarm/bin/../lib/gcc/arm-none-eabi/5.3.0/../../../../arm-none-eabi/lib/thumb\libg.a(lib_a-vfiprintf.o)
 .rodata.zeroes.7114
                0x0202b214       0x10 c:/devkitpro/devkitarm/bin/../lib/gcc/arm-none-eabi/5.3.0/../../../../arm-none-eabi/lib/thumb\libg.a(lib_a-vfiprintf.o)
 .rodata.str1.4
                0x0202b224       0x10 c:/devkitpro/devkitarm/bin/../lib/gcc/arm-none-eabi/5.3.0/../../../../arm-none-eabi/lib/thumb\libg.a(lib_a-dtoa.o)
                                 0x14 (size before relaxing)
 .rodata.__jp2uc
                0x0202b234       0x20 c:/devkitpro/devkitarm/bin/../lib/gcc/arm-none-eabi/5.3.0/../../../../arm-none-eabi/lib/thumb\libg.a(lib_a-jp2uc.o)
 .rodata.a1     0x0202b254       0xbc c:/devkitpro/devkitarm/bin/../lib/gcc/arm-none-eabi/5.3.0/../../../../arm-none-eabi/lib/thumb\libg.a(lib_a-jp2uc.o)
 .rodata.a2     0x0202b310       0xbc c:/devkitpro/devkitarm/bin/../lib/gcc/arm-none-eabi/5.3.0/../../../../arm-none-eabi/lib/thumb\libg.a(lib_a-jp2uc.o)
 .rodata.a3     0x0202b3cc       0x5c c:/devkitpro/devkitarm/bin/../lib/gcc/arm-none-eabi/5.3.0/../../../../arm-none-eabi/lib/thumb\libg.a(lib_a-jp2uc.o)
 .rodata.a6     0x0202b428       0x70 c:/devkitpro/devkitarm/bin/../lib/gcc/arm-none-eabi/5.3.0/../../../../arm-none-eabi/lib/thumb\libg.a(lib_a-jp2uc.o)
 .rodata.a7     0x0202b498       0xa4 c:/devkitpro/devkitarm/bin/../lib/gcc/arm-none-eabi/5.3.0/../../../../arm-none-eabi/lib/thumb\libg.a(lib_a-jp2uc.o)
 .rodata.a8     0x0202b53c       0x40 c:/devkitpro/devkitarm/bin/../lib/gcc/arm-none-eabi/5.3.0/../../../../arm-none-eabi/lib/thumb\libg.a(lib_a-jp2uc.o)
 .rodata.str1.4
                0x0202b57c       0x14 c:/devkitpro/devkitarm/bin/../lib/gcc/arm-none-eabi/5.3.0/../../../../arm-none-eabi/lib/thumb\libg.a(lib_a-jp2uc.o)
 .rodata.b02cf  0x0202b57c     0x172c c:/devkitpro/devkitarm/bin/../lib/gcc/arm-none-eabi/5.3.0/../../../../arm-none-eabi/lib/thumb\libg.a(lib_a-jp2uc.o)
 .rodata.d02f4  0x0202cca8     0x1a7c c:/devkitpro/devkitarm/bin/../lib/gcc/arm-none-eabi/5.3.0/../../../../arm-none-eabi/lib/thumb\libg.a(lib_a-jp2uc.o)
 .rodata.p05.5410
                0x0202e724        0xc c:/devkitpro/devkitarm/bin/../lib/gcc/arm-none-eabi/5.3.0/../../../../arm-none-eabi/lib/thumb\libg.a(lib_a-mprec.o)
 .rodata.__mprec_bigtens
                0x0202e730       0x28 c:/devkitpro/devkitarm/bin/../lib/gcc/arm-none-eabi/5.3.0/../../../../arm-none-eabi/lib/thumb\libg.a(lib_a-mprec.o)
                0x0202e730                __mprec_bigtens
 .rodata.__mprec_tens
                0x0202e758       0xc8 c:/devkitpro/devkitarm/bin/../lib/gcc/arm-none-eabi/5.3.0/../../../../arm-none-eabi/lib/thumb\libg.a(lib_a-mprec.o)
                0x0202e758                __mprec_tens
 .rodata.__state_table
                0x0202e820       0x6c c:/devkitpro/devkitarm/bin/../lib/gcc/arm-none-eabi/5.3.0/../../../../arm-none-eabi/lib/thumb\libg.a(lib_a-svfiprintf.o)
                0x0202e820                __state_table
 .rodata.__chclass
                0x0202e88c      0x100 c:/devkitpro/devkitarm/bin/../lib/gcc/arm-none-eabi/5.3.0/../../../../arm-none-eabi/lib/thumb\libg.a(lib_a-svfiprintf.o)
                0x0202e88c                __chclass
 .rodata.__action_table
                0x0202e98c       0x6c c:/devkitpro/devkitarm/bin/../lib/gcc/arm-none-eabi/5.3.0/../../../../arm-none-eabi/lib/thumb\libg.a(lib_a-svfiprintf.o)
                0x0202e98c                __action_table
 .rodata.str1.4
                0x0202e9f8        0x8 c:/devkitpro/devkitarm/bin/../lib/gcc/arm-none-eabi/5.3.0/../../../../arm-none-eabi/lib/thumb\libsysbase.a(iosupport.o)
 *(.gnu.linkonce.r*)
                0x0202ea00                . = ALIGN (0x4)

.ARM.extab
 *(.ARM.extab* .gnu.linkonce.armextab.*)
                0x0202ea00                __exidx_start = .

ARM.exidx
 *(.ARM.exidx* .gnu.linkonce.armexidx.*)
                0x0202ea00                __exidx_end = .
                0x0202ea00                . = ALIGN (0x4)
                0x0202ea00                PROVIDE (__preinit_array_start, .)

.preinit_array
 *(.preinit_array)
                0x0202ea00                PROVIDE (__preinit_array_end, .)
                0x0202ea00                PROVIDE (__init_array_start, .)

.init_array     0x0202ea00        0x4
 *(SORT(.init_array.*))
 *(.init_array)
 .init_array    0x0202ea00        0x4 c:/devkitpro/devkitarm/bin/../lib/gcc/arm-none-eabi/5.3.0/thumb/crtbegin.o
                0x0202ea04                PROVIDE (__init_array_end, .)
                [!provide]                PROVIDE (__fini_array_start, .)

.fini_array     0x0202ea04        0x4
 *(.fini_array)
 .fini_array    0x0202ea04        0x4 c:/devkitpro/devkitarm/bin/../lib/gcc/arm-none-eabi/5.3.0/thumb/crtbegin.o
 *(SORT(.fini_array.*))
                [!provide]                PROVIDE (__fini_array_end, .)

.ctors          0x0202ea08        0x0
 *crtbegin.o(.ctors)
 *(EXCLUDE_FILE(*crtend.o) .ctors)
 *(SORT(.ctors.*))
 *(.ctors)
                0x0202ea08                . = ALIGN (0x4)

.dtors          0x0202ea08        0x0
 *crtbegin.o(.dtors)
 *(EXCLUDE_FILE(*crtend.o) .dtors)
 *(SORT(.dtors.*))
 *(.dtors)
                0x0202ea08                . = ALIGN (0x4)

.eh_frame       0x0202ea08       0x48
 *(.eh_frame)
 .eh_frame      0x0202ea08        0x0 c:/devkitpro/devkitarm/bin/../lib/gcc/arm-none-eabi/5.3.0/thumb/crtbegin.o
 .eh_frame      0x0202ea08       0x44 c:/devkitpro/devkitarm/bin/../lib/gcc/arm-none-eabi/5.3.0/../../../../arm-none-eabi/lib/thumb\libg.a(lib_a-strcmp.o)
 .eh_frame      0x0202ea4c        0x4 c:/devkitpro/devkitarm/bin/../lib/gcc/arm-none-eabi/5.3.0/thumb/crtend.o
                0x0202ea50                . = ALIGN (0x4)

.rel.dyn        0x0202ea50        0x0
 .rel.iplt      0x0202ea50        0x0 c:/devkitpro/devkitarm/bin/../lib/gcc/arm-none-eabi/5.3.0/../../../../arm-none-eabi/lib/thumb/ds_arm9_crt0.o

.gcc_except_table
                0x0202ea50        0x0
 *(.gcc_except_table)
                0x0202ea50                . = ALIGN (0x4)

.jcr            0x0202ea50        0x4
 *(.jcr)
 .jcr           0x0202ea50        0x0 c:/devkitpro/devkitarm/bin/../lib/gcc/arm-none-eabi/5.3.0/thumb/crtbegin.o
 .jcr           0x0202ea50        0x4 c:/devkitpro/devkitarm/bin/../lib/gcc/arm-none-eabi/5.3.0/thumb/crtend.o

.got
 *(.got.plt)
 *(.got)
 *(.rel.got)

.ewram          0x0202ea54        0x0
                0x0202ea54                __ewram_start = ABSOLUTE (.)
 *(.ewram)
 *ewram.*(.text)
                0x0202ea54                . = ALIGN (0x4)

.data           0x0202ea54     0x2b0c
                0x0202ea54                __data_start = ABSOLUTE (.)
 *(.data)
 .data          0x0202ea54       0x74 c:/devkitPro/libnds/lib\libfilesystem.a(nitrofs.o)
                0x0202ea58                syspaths
                0x0202ea60                nitroFSdevoptab
 .data          0x0202eac8        0x3 c:/devkitPro/libnds/lib\libnds9.a(keys.o)
 *fill*         0x0202eacb        0x1 ff
 .data          0x0202eacc       0x30 c:/devkitPro/libnds/lib\libnds9.a(sprite.o)
                0x0202eacc                oamMain
                0x0202eae4                oamSub
 .data          0x0202eafc       0x64 c:/devkitPro/libnds/lib\libnds9.a(console.o)
                0x0202eafc                currentConsole
                0x0202eb00                defaultConsole
 .data          0x0202eb60       0x60 c:/devkitPro/libnds/lib\libnds9.a(background.o)
                0x0202eb60                bgScrollTable
                0x0202eb80                bgTransform
                0x0202eba0                bgControl
 .data          0x0202ebc0       0x10 c:/devkitPro/libnds/lib\libnds9.a(fifosystem.o)
                0x0202ebc0                fifo_buffer_free
                0x0202ebc4                fifo_freewords
                0x0202ebc8                fifo_send_queue
                0x0202ebcc                fifo_receive_queue
 .data          0x0202ebd0       0x44 c:/devkitpro/devkitarm/bin/../lib/gcc/arm-none-eabi/5.3.0/../../../../arm-none-eabi/lib/thumb\libsysbase.a(iosupport.o)
                0x0202ebd4                devoptab_list
 .data          0x0202ec14     0x1000 c:/devkitpro/devkitarm/bin/../lib/gcc/arm-none-eabi/5.3.0/../../../../arm-none-eabi/lib/thumb\libsysbase.a(chdir.o)
 .data          0x0202fc14     0x1028 c:/devkitpro/devkitarm/bin/../lib/gcc/arm-none-eabi/5.3.0/../../../../arm-none-eabi/lib/thumb\libsysbase.a(handle_manager.o)
 *(.data.*)
 .data.__ctype_ptr__
                0x02030c3c        0x4 c:/devkitpro/devkitarm/bin/../lib/gcc/arm-none-eabi/5.3.0/../../../../arm-none-eabi/lib/thumb\libg.a(lib_a-ctype_.o)
                0x02030c3c                __ctype_ptr__
 .data.__sfp_lock
                0x02030c40        0xc c:/devkitpro/devkitarm/bin/../lib/gcc/arm-none-eabi/5.3.0/../../../../arm-none-eabi/lib/thumb\libg.a(lib_a-findfp.o)
 .data.__sinit_lock
                0x02030c4c        0xc c:/devkitpro/devkitarm/bin/../lib/gcc/arm-none-eabi/5.3.0/../../../../arm-none-eabi/lib/thumb\libg.a(lib_a-findfp.o)
 .data.impure_data
                0x02030c58      0x440 c:/devkitpro/devkitarm/bin/../lib/gcc/arm-none-eabi/5.3.0/../../../../arm-none-eabi/lib/thumb\libg.a(lib_a-impure.o)
 .data._impure_ptr
                0x02031098        0x4 c:/devkitpro/devkitarm/bin/../lib/gcc/arm-none-eabi/5.3.0/../../../../arm-none-eabi/lib/thumb\libg.a(lib_a-impure.o)
                0x02031098                _impure_ptr
 .data.lconv    0x0203109c       0x38 c:/devkitpro/devkitarm/bin/../lib/gcc/arm-none-eabi/5.3.0/../../../../arm-none-eabi/lib/thumb\libg.a(lib_a-locale.o)
 .data.lc_ctype_charset
                0x020310d4       0x20 c:/devkitpro/devkitarm/bin/../lib/gcc/arm-none-eabi/5.3.0/../../../../arm-none-eabi/lib/thumb\libg.a(lib_a-locale.o)
 .data.__mb_cur_max
                0x020310f4        0x4 c:/devkitpro/devkitarm/bin/../lib/gcc/arm-none-eabi/5.3.0/../../../../arm-none-eabi/lib/thumb\libg.a(lib_a-locale.o)
                0x020310f4                __mb_cur_max
 .data.__malloc_av_
                0x020310f8      0x408 c:/devkitpro/devkitarm/bin/../lib/gcc/arm-none-eabi/5.3.0/../../../../arm-none-eabi/lib/thumb\libg.a(lib_a-mallocr.o)
                0x020310f8                __malloc_av_
 .data.__malloc_trim_threshold
                0x02031500        0x4 c:/devkitpro/devkitarm/bin/../lib/gcc/arm-none-eabi/5.3.0/../../../../arm-none-eabi/lib/thumb\libg.a(lib_a-mallocr.o)
                0x02031500                __malloc_trim_threshold
 .data.__malloc_sbrk_base
                0x02031504        0x4 c:/devkitpro/devkitarm/bin/../lib/gcc/arm-none-eabi/5.3.0/../../../../arm-none-eabi/lib/thumb\libg.a(lib_a-mallocr.o)
                0x02031504                __malloc_sbrk_base
 .data.__mbtowc
                0x02031508        0x4 c:/devkitpro/devkitarm/bin/../lib/gcc/arm-none-eabi/5.3.0/../../../../arm-none-eabi/lib/thumb\libg.a(lib_a-mbtowc_r.o)
                0x02031508                __mbtowc
 .data.__malloc_lock_object
                0x0203150c        0xc c:/devkitpro/devkitarm/bin/../lib/gcc/arm-none-eabi/5.3.0/../../../../arm-none-eabi/lib/thumb\libg.a(lib_a-mlock.o)
 .data.__tz_lock_object
                0x02031518        0x4 c:/devkitpro/devkitarm/bin/../lib/gcc/arm-none-eabi/5.3.0/../../../../arm-none-eabi/lib/thumb\libg.a(lib_a-tzlock.o)
 .data.__wctomb
                0x0203151c        0x4 c:/devkitpro/devkitarm/bin/../lib/gcc/arm-none-eabi/5.3.0/../../../../arm-none-eabi/lib/thumb\libg.a(lib_a-wctomb_r.o)
                0x0203151c                __wctomb
 .data.tzinfo   0x02031520       0x40 c:/devkitpro/devkitarm/bin/../lib/gcc/arm-none-eabi/5.3.0/../../../../arm-none-eabi/lib/thumb\libg.a(lib_a-gettzinfo.o)
 *(.gnu.linkonce.d*)
                0x02031560                . = ALIGN (0x4)
                0x02031560                __data_end = ABSOLUTE (.)
                0x02031560                __dtcm_lma = .
                0x02031560                __bss_vma = .

.igot.plt       0x02031560        0x0
 .igot.plt      0x02031560        0x0 c:/devkitpro/devkitarm/bin/../lib/gcc/arm-none-eabi/5.3.0/../../../../arm-none-eabi/lib/thumb/ds_arm9_crt0.o

.tm_clone_table
                0x02031560        0x0
 .tm_clone_table
                0x02031560        0x0 c:/devkitpro/devkitarm/bin/../lib/gcc/arm-none-eabi/5.3.0/thumb/crtbegin.o
 .tm_clone_table
                0x02031560        0x0 c:/devkitpro/devkitarm/bin/../lib/gcc/arm-none-eabi/5.3.0/thumb/crtend.o

.dtcm           0x0b000000        0x0 load address 0x02031560
 *(.dtcm)
 *(.dtcm.*)
                0x0b000000                . = ALIGN (0x4)
                0x0b000000                __dtcm_end = ABSOLUTE (.)
                0x02031560                __itcm_lma = (__dtcm_lma + SIZEOF (.dtcm))

.itcm           0x01000100      0x194 load address 0x02031560
 *(.itcm)
 .itcm          0x01000100       0xc8 c:/devkitPro/libnds/lib\libnds9.a(interrupts.o)
                0x01000100                irqTable
 .itcm          0x010001c8       0xcc c:/devkitPro/libnds/lib\libnds9.a(interruptDispatcher.o)
                0x010001c8                IntrMain
 *itcm.*(.text)
                0x01000294                . = ALIGN (0x4)
                0x01000294                __itcm_end = ABSOLUTE (.)
                0x020316f4                __vectors_lma = (__itcm_lma + SIZEOF (.itcm))

.vectors        0x01000000        0x0 load address 0x020316f4
 *(.vectors)
 *vectors.*(.text)
                0x01000000                . = ALIGN (0x4)
                0x01000000                __vectors_end = ABSOLUTE (.)

.sbss           0x0b000000        0x0
                0x0b000000                __sbss_start = ABSOLUTE (.)
                0x0b000000                __sbss_start__ = ABSOLUTE (.)
 *(.sbss)
                0x0b000000                . = ALIGN (0x4)
                0x0b000000                __sbss_end = ABSOLUTE (.)

.bss            0x02031560     0x9110
                0x02031560                __bss_start = ABSOLUTE (.)
                0x02031560                __bss_start__ = ABSOLUTE (.)
 *(.dynbss)
 *(.gnu.linkonce.b*)
 *(.bss*)
 .bss           0x02031560       0x1c c:/devkitpro/devkitarm/bin/../lib/gcc/arm-none-eabi/5.3.0/thumb/crtbegin.o
 .bss           0x0203157c      0x214 c:/devkitPro/libnds/lib\libfilesystem.a(nitrofs.o)
 .bss           0x02031790        0x4 c:/devkitPro/libnds/lib\libfat.a(cache.o)
 .bss           0x02031794        0x6 c:/devkitPro/libnds/lib\libnds9.a(keys.o)
 *fill*         0x0203179a        0x2 
 .bss           0x0203179c        0x8 c:/devkitPro/libnds/lib\libnds9.a(fifosystem.o)
                0x020317a0                processing
 .bss           0x020317a4        0x4 c:/devkitPro/libnds/lib\libnds9.a(system.o)
 .bss.__malloc_max_total_mem
                0x020317a8        0x4 c:/devkitpro/devkitarm/bin/../lib/gcc/arm-none-eabi/5.3.0/../../../../arm-none-eabi/lib/thumb\libg.a(lib_a-mallocr.o)
                0x020317a8                __malloc_max_total_mem
 .bss.__malloc_max_sbrked_mem
                0x020317ac        0x4 c:/devkitpro/devkitarm/bin/../lib/gcc/arm-none-eabi/5.3.0/../../../../arm-none-eabi/lib/thumb\libg.a(lib_a-mallocr.o)
                0x020317ac                __malloc_max_sbrked_mem
 .bss.__malloc_top_pad
                0x020317b0        0x4 c:/devkitpro/devkitarm/bin/../lib/gcc/arm-none-eabi/5.3.0/../../../../arm-none-eabi/lib/thumb\libg.a(lib_a-mallocr.o)
                0x020317b0                __malloc_top_pad
 .bss.__malloc_current_mallinfo
                0x020317b4       0x28 c:/devkitpro/devkitarm/bin/../lib/gcc/arm-none-eabi/5.3.0/../../../../arm-none-eabi/lib/thumb\libg.a(lib_a-mallocr.o)
                0x020317b4                __malloc_current_mallinfo
 .bss._daylight
                0x020317dc        0x4 c:/devkitpro/devkitarm/bin/../lib/gcc/arm-none-eabi/5.3.0/../../../../arm-none-eabi/lib/thumb\libg.a(lib_a-tzvars.o)
                0x020317dc                _daylight
 .bss           0x020317e0        0x4 c:/devkitpro/devkitarm/bin/../lib/gcc/arm-none-eabi/5.3.0/../../../../arm-none-eabi/lib/thumb\libsysbase.a(sbrk.o)
 .bss           0x020317e4        0x8 c:/devkitpro/devkitarm/bin/../lib/gcc/arm-none-eabi/5.3.0/../../../../arm-none-eabi/lib/thumb\libsysbase.a(malloc_vars.o)
                0x020317e4                fake_heap_start
                0x020317e8                fake_heap_end
 .bss           0x020317ec     0x1000 c:/devkitpro/devkitarm/bin/../lib/gcc/arm-none-eabi/5.3.0/../../../../arm-none-eabi/lib/thumb\libsysbase.a(chdir.o)
 .bss           0x020327ec       0x38 c:/devkitpro/devkitarm/bin/../lib/gcc/arm-none-eabi/5.3.0/../../../../arm-none-eabi/lib/thumb\libsysbase.a(syscall_support.o)
                0x020327ec                __syscalls
 *(COMMON)
 COMMON         0x02032824       0x20 d:/Documents/NMPP/NMPP/NMPP_NDS/nflib/lib\libnflib.a(nf_basic.o)
                0x02032824                NF_ROOTFOLDER
 COMMON         0x02032844     0x5378 d:/Documents/NMPP/NMPP/NMPP_NDS/nflib/lib\libnflib.a(nf_sprite256.o)
                0x02032844                NF_SPR256GFX
                0x02033444                NF_BUFFER_SPR256PAL
                0x02033544                NF_BUFFER_SPR256GFX
                0x02033944                NF_SPRITEOAM
                0x02035d44                NF_SPR256VRAM
                0x02037144                NF_SPRVRAM
                0x0203797c                NF_SPRPALSLOT
                0x020379bc                NF_SPR256PAL
 COMMON         0x02037bbc     0x16c8 d:/Documents/NMPP/NMPP/NMPP_NDS/nflib/lib\libnflib.a(nf_tiledbg.o)
                0x02037bbc                NF_BUFFER_BGTILES
                0x02037cbc                NF_TILEBLOCKS
                0x02037ccc                NF_BUFFER_BGMAP
                0x02037dcc                NF_BANKS_TILES
                0x02037dd0                NF_BANKS_MAPS
                0x02037dd4                NF_EXBGPAL
                0x020383d4                NF_TILEDBG_LAYERS
                0x02038464                NF_MAPBLOCKS
                0x02038484                NF_BUFFER_BGPAL
                0x02038584                NF_TILEDBG
 COMMON         0x02039284      0x800 c:/devkitPro/libnds/lib\libnds9.a(sprite.o)
                0x02039284                OamMemorySub
                0x02039684                OamMemory
 COMMON         0x02039a84       0x5c c:/devkitPro/libnds/lib\libnds9.a(console.o)
                0x02039a84                currentCopy
 COMMON         0x02039ae0      0x148 c:/devkitPro/libnds/lib\libnds9.a(background.o)
                0x02039ae0                bgState
                0x02039c20                bgIsTextLut
 COMMON         0x02039c28        0x1 c:/devkitPro/libnds/lib\libnds9.a(initSystem.o)
                0x02039c28                __dsimode
 *fill*         0x02039c29        0x3 
 COMMON         0x02039c2c      0xa40 c:/devkitPro/libnds/lib\libnds9.a(fifosystem.o)
                0x02039c2c                fifo_datamsg_data
                0x02039c6c                fifo_buffer
                0x0203a46c                fifo_value32_func
                0x0203a4ac                fifo_address_func
                0x0203a4ec                fifo_value32_data
                0x0203a52c                fifo_value32_queue
                0x0203a56c                fifo_data_queue
                0x0203a5ac                fifo_address_data
                0x0203a5ec                fifo_datamsg_func
                0x0203a62c                fifo_address_queue
 COMMON         0x0203a66c        0x4 c:/devkitPro/libnds/lib\libnds9.a(timeSupport.o)
                0x0203a66c                punixTime
                0x0203a670                . = ALIGN (0x4)
                0x0203a670                __bss_end__ = ABSOLUTE (.)
                0x0203a670                __end__ = ABSOLUTE (.)

.stab
 *(.stab)

.stabstr
 *(.stabstr)

.stab.excl
 *(.stab.excl)

.stab.exclstr
 *(.stab.exclstr)

.stab.index
 *(.stab.index)

.stab.indexstr
 *(.stab.indexstr)

.comment        0x00000000       0x88
 *(.comment)
 .comment       0x00000000       0x22 c:/devkitpro/devkitarm/bin/../lib/gcc/arm-none-eabi/5.3.0/thumb/crtbegin.o
                                 0x23 (size before relaxing)
 .comment       0x00000022       0x23 main.o
 .comment       0x00000022       0x22 d:/Documents/NMPP/NMPP/NMPP_NDS/nflib/lib\libnflib.a(nf_2d.o)
                                 0x23 (size before relaxing)
 .comment       0x00000044       0x23 d:/Documents/NMPP/NMPP/NMPP_NDS/nflib/lib\libnflib.a(nf_basic.o)
 .comment       0x00000044       0x23 d:/Documents/NMPP/NMPP/NMPP_NDS/nflib/lib\libnflib.a(nf_sprite256.o)
 .comment       0x00000044       0x23 d:/Documents/NMPP/NMPP/NMPP_NDS/nflib/lib\libnflib.a(nf_tiledbg.o)
 .comment       0x00000044       0x22 c:/devkitPro/libnds/lib\libfilesystem.a(nitrofs.o)
                                 0x23 (size before relaxing)
 .comment       0x00000066       0x23 c:/devkitPro/libnds/lib\libfat.a(libfat.o)
 .comment       0x00000066       0x23 c:/devkitPro/libnds/lib\libfat.a(partition.o)
 .comment       0x00000066       0x23 c:/devkitPro/libnds/lib\libfat.a(lock.o)
 .comment       0x00000066       0x23 c:/devkitPro/libnds/lib\libfat.a(fatdir.o)
 .comment       0x00000066       0x23 c:/devkitPro/libnds/lib\libfat.a(cache.o)
 .comment       0x00000066       0x23 c:/devkitPro/libnds/lib\libfat.a(fatfile.o)
 .comment       0x00000066       0x23 c:/devkitPro/libnds/lib\libfat.a(disc.o)
 .comment       0x00000066       0x23 c:/devkitPro/libnds/lib\libfat.a(file_allocation_table.o)
 .comment       0x00000066       0x23 c:/devkitPro/libnds/lib\libfat.a(filetime.o)
 .comment       0x00000066       0x23 c:/devkitPro/libnds/lib\libfat.a(directory.o)
 .comment       0x00000066       0x22 c:/devkitPro/libnds/lib\libnds9.a(keys.o)
                                 0x23 (size before relaxing)
 .comment       0x00000088       0x23 c:/devkitPro/libnds/lib\libnds9.a(sprite.o)
 .comment       0x00000088       0x23 c:/devkitPro/libnds/lib\libnds9.a(trig.o)
 .comment       0x00000088       0x23 c:/devkitPro/libnds/lib\libnds9.a(console.o)
 .comment       0x00000088       0x23 c:/devkitPro/libnds/lib\libnds9.a(sprite_alloc.o)
 .comment       0x00000088       0x23 c:/devkitPro/libnds/lib\libnds9.a(touch.o)
 .comment       0x00000088       0x23 c:/devkitPro/libnds/lib\libnds9.a(video.o)
 .comment       0x00000088       0x23 c:/devkitPro/libnds/lib\libnds9.a(background.o)
 .comment       0x00000088       0x23 c:/devkitPro/libnds/lib\libnds9.a(dldi.o)
 .comment       0x00000088       0x23 c:/devkitPro/libnds/lib\libnds9.a(dsi_sd.o)
 .comment       0x00000088       0x23 c:/devkitPro/libnds/lib\libnds9.a(initSystem.o)
 .comment       0x00000088       0x23 c:/devkitPro/libnds/lib\libnds9.a(fifosystem.o)
 .comment       0x00000088       0x23 c:/devkitPro/libnds/lib\libnds9.a(card.o)
 .comment       0x00000088       0x23 c:/devkitPro/libnds/lib\libnds9.a(libnds_exit.arm.o)
 .comment       0x00000088       0x23 c:/devkitPro/libnds/lib\libnds9.a(interrupts.o)
 .comment       0x00000088       0x23 c:/devkitPro/libnds/lib\libnds9.a(system.o)
 .comment       0x00000088       0x23 c:/devkitPro/libnds/lib\libnds9.a(timeSupport.o)
 .comment       0x00000088       0x23 c:/devkitpro/devkitarm/bin/../lib/gcc/arm-none-eabi/5.3.0/thumb\libgcc.a(_muldi3.o)
 .comment       0x00000088       0x23 c:/devkitpro/devkitarm/bin/../lib/gcc/arm-none-eabi/5.3.0/../../../../arm-none-eabi/lib/thumb\libg.a(lib_a-bsearch.o)
 .comment       0x00000088       0x23 c:/devkitpro/devkitarm/bin/../lib/gcc/arm-none-eabi/5.3.0/../../../../arm-none-eabi/lib/thumb\libg.a(lib_a-calloc.o)
 .comment       0x00000088       0x23 c:/devkitpro/devkitarm/bin/../lib/gcc/arm-none-eabi/5.3.0/../../../../arm-none-eabi/lib/thumb\libg.a(lib_a-callocr.o)
 .comment       0x00000088       0x23 c:/devkitpro/devkitarm/bin/../lib/gcc/arm-none-eabi/5.3.0/../../../../arm-none-eabi/lib/thumb\libg.a(lib_a-ctype_.o)
 .comment       0x00000088       0x23 c:/devkitpro/devkitarm/bin/../lib/gcc/arm-none-eabi/5.3.0/../../../../arm-none-eabi/lib/thumb\libg.a(lib_a-fclose.o)
 .comment       0x00000088       0x23 c:/devkitpro/devkitarm/bin/../lib/gcc/arm-none-eabi/5.3.0/../../../../arm-none-eabi/lib/thumb\libg.a(lib_a-fflush.o)
 .comment       0x00000088       0x23 c:/devkitpro/devkitarm/bin/../lib/gcc/arm-none-eabi/5.3.0/../../../../arm-none-eabi/lib/thumb\libg.a(lib_a-findfp.o)
 .comment       0x00000088       0x23 c:/devkitpro/devkitarm/bin/../lib/gcc/arm-none-eabi/5.3.0/../../../../arm-none-eabi/lib/thumb\libg.a(lib_a-fopen.o)
 .comment       0x00000088       0x23 c:/devkitpro/devkitarm/bin/../lib/gcc/arm-none-eabi/5.3.0/../../../../arm-none-eabi/lib/thumb\libg.a(lib_a-fread.o)
 .comment       0x00000088       0x23 c:/devkitpro/devkitarm/bin/../lib/gcc/arm-none-eabi/5.3.0/../../../../arm-none-eabi/lib/thumb\libg.a(lib_a-freer.o)
 .comment       0x00000088       0x23 c:/devkitpro/devkitarm/bin/../lib/gcc/arm-none-eabi/5.3.0/../../../../arm-none-eabi/lib/thumb\libg.a(lib_a-fseek.o)