Archive member included to satisfy reference by file (symbol)

d:/Documents/NMPP/NMPP/NMPP_NDS/nflib/lib\libnflib.a(nf_2d.o)
                              main.o (NF_Set2D)
d:/Documents/NMPP/NMPP/NMPP_NDS/nflib/lib\libnflib.a(nf_basic.o)
                              d:/Documents/NMPP/NMPP/NMPP_NDS/nflib/lib\libnflib.a(nf_2d.o) (NF_Error)
d:/Documents/NMPP/NMPP/NMPP_NDS/nflib/lib\libnflib.a(nf_sprite256.o)
                              d:/Documents/NMPP/NMPP/NMPP_NDS/nflib/lib\libnflib.a(nf_2d.o) (NF_BUFFER_SPR256GFX)
d:/Documents/NMPP/NMPP/NMPP_NDS/nflib/lib\libnflib.a(nf_tiledbg.o)
                              main.o (NF_InitTiledBgBuffers)
c:/devkitPro/libnds/lib\libfilesystem.a(nitrofs.o)
                              d:/Documents/NMPP/NMPP/NMPP_NDS/nflib/lib\libnflib.a(nf_basic.o) (nitroFSInit)
c:/devkitPro/libnds/lib\libfat.a(libfat.o)
                              d:/Documents/NMPP/NMPP/NMPP_NDS/nflib/lib\libnflib.a(nf_basic.o) (fatInitDefault)
c:/devkitPro/libnds/lib\libfat.a(partition.o)
                              c:/devkitPro/libnds/lib\libfat.a(libfat.o) (_FAT_partition_constructor)
c:/devkitPro/libnds/lib\libfat.a(lock.o)
                              c:/devkitPro/libnds/lib\libfat.a(partition.o) (_FAT_lock_init)
c:/devkitPro/libnds/lib\libfat.a(fatdir.o)
                              c:/devkitPro/libnds/lib\libfat.a(libfat.o) (_FAT_stat_r)
c:/devkitPro/libnds/lib\libfat.a(cache.o)
                              c:/devkitPro/libnds/lib\libfat.a(partition.o) (_FAT_cache_constructor)
c:/devkitPro/libnds/lib\libfat.a(fatfile.o)
                              c:/devkitPro/libnds/lib\libfat.a(libfat.o) (_FAT_open_r)
c:/devkitPro/libnds/lib\libfat.a(disc.o)
                              c:/devkitPro/libnds/lib\libfat.a(libfat.o) (_FAT_disc_interfaces)
c:/devkitPro/libnds/lib\libfat.a(file_allocation_table.o)
                              c:/devkitPro/libnds/lib\libfat.a(fatfile.o) (_FAT_fat_nextCluster)
c:/devkitPro/libnds/lib\libfat.a(filetime.o)
                              c:/devkitPro/libnds/lib\libfat.a(fatdir.o) (_FAT_filetime_getTimeFromRTC)
c:/devkitPro/libnds/lib\libfat.a(directory.o)
                              c:/devkitPro/libnds/lib\libfat.a(fatdir.o) (_FAT_directory_entryGetCluster)
c:/devkitPro/libnds/lib\libnds9.a(sprite.o)
                              d:/Documents/NMPP/NMPP/NMPP_NDS/nflib/lib\libnflib.a(nf_sprite256.o) (oamInit)
c:/devkitPro/libnds/lib\libnds9.a(trig.o)
                              c:/devkitPro/libnds/lib\libnds9.a(sprite.o) (sinLerp)
c:/devkitPro/libnds/lib\libnds9.a(console.o)
                              main.o (consoleDemoInit)
c:/devkitPro/libnds/lib\libnds9.a(sprite_alloc.o)
                              c:/devkitPro/libnds/lib\libnds9.a(sprite.o) (oamAllocReset)
c:/devkitPro/libnds/lib\libnds9.a(video.o)
                              main.o (setBrightness)
c:/devkitPro/libnds/lib\libnds9.a(background.o)
                              c:/devkitPro/libnds/lib\libnds9.a(console.o) (bgState)
c:/devkitPro/libnds/lib\libnds9.a(dldi.o)
                              c:/devkitPro/libnds/lib\libfat.a(disc.o) (dldiGetInternal)
c:/devkitPro/libnds/lib\libnds9.a(dsi_sd.o)
                              c:/devkitPro/libnds/lib\libfat.a(disc.o) (__io_dsisd)
c:/devkitPro/libnds/lib\libnds9.a(initSystem.o)
                              c:/devkitpro/devkitarm/bin/../lib/gcc/arm-none-eabi/5.3.0/../../../../arm-none-eabi/lib/thumb/ds_arm9_crt0.o (initSystem)
c:/devkitPro/libnds/lib\libnds9.a(fifosystem.o)
                              c:/devkitPro/libnds/lib\libnds9.a(initSystem.o) (fifoSetValue32Handler)
c:/devkitPro/libnds/lib\libnds9.a(card.o)
                              c:/devkitPro/libnds/lib\libfilesystem.a(nitrofs.o) (cardParamCommand)
c:/devkitPro/libnds/lib\libnds9.a(libnds_exit.arm.o)
                              c:/devkitpro/devkitarm/bin/../lib/gcc/arm-none-eabi/5.3.0/../../../../arm-none-eabi/lib/thumb/ds_arm9_crt0.o (__libnds_exit)
c:/devkitPro/libnds/lib\libnds9.a(interrupts.o)
                              c:/devkitPro/libnds/lib\libnds9.a(fifosystem.o) (irqSet)
c:/devkitPro/libnds/lib\libnds9.a(dcache.o)
                              d:/Documents/NMPP/NMPP/NMPP_NDS/nflib/lib\libnflib.a(nf_basic.o) (DC_FlushRange)
c:/devkitPro/libnds/lib\libnds9.a(dldi_stub.o)
                              c:/devkitPro/libnds/lib\libnds9.a(dldi.o) (_io_dldi_stub)
c:/devkitPro/libnds/lib\libnds9.a(IntrWait.o)
                              c:/devkitPro/libnds/lib\libnds9.a(dsi_sd.o) (swiIntrWait)
c:/devkitPro/libnds/lib\libnds9.a(mpu_setup.o)
                              c:/devkitpro/devkitarm/bin/../lib/gcc/arm-none-eabi/5.3.0/../../../../arm-none-eabi/lib/thumb/ds_arm9_crt0.o (__libnds_mpu_setup)
c:/devkitPro/libnds/lib\libnds9.a(swiSoftReset.o)
                              c:/devkitPro/libnds/lib\libnds9.a(fifosystem.o) (swiSoftReset)
c:/devkitPro/libnds/lib\libnds9.a(debugprint.o)
                              c:/devkitPro/libnds/lib\libnds9.a(console.o) (nocashWrite)
[...]
Memory Configuration

Name             Origin             Length             Attributes
rom              0x08000000         0x02000000
ewram            0x02000000         0x003ff000
dtcm             0x0b000000         0x00004000
vectors          0x01000000         0x00000100
itcm             0x01000100         0x00007f00
*default*        0x00000000         0xffffffff

Linker script and memory map

                0x01000000                __vectors_start = ORIGIN (vectors)
                0x01000100                __itcm_start = ORIGIN (itcm)
                0x023ff000                __ewram_end = (ORIGIN (ewram) + 0x3ff000)
                0x023ff000                __eheap_end = (ORIGIN (ewram) + 0x3ff000)
                0x0b000000                __dtcm_start = ORIGIN (dtcm)
                0x0b004000                __dtcm_top = (ORIGIN (dtcm) + 0x4000)
                0x0b003ff8                __irq_flags = (__dtcm_top - 0x8)
                0x0b003ffc                __irq_vector = (__dtcm_top - 0x4)
                0x0b003f00                __sp_svc = (__dtcm_top - 0x100)
                0x0b003e00                __sp_irq = (__sp_svc - 0x100)
                0x0b003d00                __sp_usr = (__sp_irq - 0x100)

.init           0x02000000      0x23c
                0x02000000                __text_start = .
 *(.init)
 .init          0x02000000      0x230 c:/devkitpro/devkitarm/bin/../lib/gcc/arm-none-eabi/5.3.0/../../../../arm-none-eabi/lib/thumb/ds_arm9_crt0.o
                0x02000000                _start
 .init          0x02000230        0x4 c:/devkitpro/devkitarm/bin/../lib/gcc/arm-none-eabi/5.3.0/thumb/crti.o
                0x02000230                _init
 .init          0x02000234        0x8 c:/devkitpro/devkitarm/bin/../lib/gcc/arm-none-eabi/5.3.0/thumb/crtn.o
                0x0200023c                . = ALIGN (0x4)

.plt
 *(.plt)

.text           0x02000240    0x283c0
 *(EXCLUDE_FILE(*.itcm*) .text)
 .text          0x02000240       0xd4 c:/devkitpro/devkitarm/bin/../lib/gcc/arm-none-eabi/5.3.0/thumb/crtbegin.o
 .text          0x02000314      0x874 d:/Documents/NMPP/NMPP/NMPP_NDS/nflib/lib\libnflib.a(nf_2d.o)
                0x02000314                NF_Set2D
                0x0200037c                NF_ShowBg
                0x020003f8                NF_HideBg
                0x0200049c                NF_ScrollBg
                0x020007ec                NF_MoveSprite
                0x0200080c                NF_SpriteLayer
                0x02000828                NF_ShowSprite
                0x02000848                NF_HflipSprite
                0x02000864                NF_GetSpriteHflip
                0x02000880                NF_VflipSprite
                0x0200089c                NF_GetSpriteVflip
                0x020008b8                NF_SpriteFrame
                0x02000988                NF_EnableSpriteRotScale
                0x02000a1c                NF_DisableSpriteRotScale
                0x02000a90                NF_SpriteRotScale
 .text          0x02000b88      0x4a0 d:/Documents/NMPP/NMPP/NMPP_NDS/nflib/lib\libnflib.a(nf_basic.o)
                0x02000b88                NF_Error
                0x02000e34                NF_SetRootFolder
                0x02000f8c                NF_DmaMemCopy
                0x02001018                NF_GetLanguage
 .text          0x02001028     0x19fc d:/Documents/NMPP/NMPP/NMPP_NDS/nflib/lib\libnflib.a(nf_tiledbg.o)
                0x02001028                NF_InitTiledBgBuffers
                0x020010c4                NF_ResetTiledBgBuffers
                0x02001128                NF_InitTiledBgSys
                0x02001258                NF_LoadTiledBg
                0x020014d8                NF_LoadTilesForBg
                0x02001754                NF_UnloadTiledBg
                0x0200180c                NF_DeleteTiledBg
                0x020019b4                NF_CreateTiledBg
                0x02001fdc                NF_GetTileMapAddress
                0x02002098                NF_GetTileOfMap
                0x020020d0                NF_SetTileOfMap
                0x02002114                NF_UpdateVramMap
                0x02002234                NF_BgSetPalColor
                0x020022e4                NF_BgEditPalColor
                0x02002388                NF_BgUpdatePalette
                0x02002448                NF_BgGetPalColor
                0x020024e0                NF_GetTilePal
                0x02002514                NF_SetTilePal
                0x0200255c                NF_LoadExBgPal
                0x02002648                NF_UnloadExBgPal
                0x02002698                NF_VramExBgPal
                0x0200274c                NF_SetExBgPal
                0x0200280c                NF_SetTileHflip
                0x02002848                NF_SetTileVflip
                0x02002884                NF_RotateTileGfx
 .text          0x02002a24      0xa10 c:/devkitPro/libnds/lib\libfilesystem.a(nitrofs.o)
                0x02003324                nitroFSInit
 .text          0x02003434      0x338 c:/devkitPro/libnds/lib\libfat.a(libfat.o)
                0x02003434                fatMount
                0x020034f4                fatMountSimple
                0x02003508                fatUnmount
                0x02003540                fatInit
                0x02003684                fatInitDefault
                0x02003690                fatGetVolumeLabel
 .text          0x0200376c      0x768 c:/devkitPro/libnds/lib\libfat.a(partition.o)
                0x02003978                FindFirstValidPartition_buf
                0x02003afc                FindFirstValidPartition
                0x02003b24                _FAT_partition_constructor_buf
                0x02003de4                _FAT_partition_constructor
                0x02003e24                _FAT_partition_destructor
                0x02003e6c                _FAT_partition_getPartitionFromPath
                0x02003e80                _FAT_partition_createFSinfo
                0x02003e98                _FAT_partition_readFSinfo
                0x02003ea8                _FAT_partition_writeFSinfo
                0x02003eb8                _FAT_getCwdClusterPtr
 .text          0x02003ed4       0x10 c:/devkitPro/libnds/lib\libfat.a(lock.o)
                0x02003ed4                _FAT_lock_init
                0x02003ed8                _FAT_lock_deinit
                0x02003edc                _FAT_lock
                0x02003ee0                _FAT_unlock
 .text          0x02003ee4      0x91c c:/devkitPro/libnds/lib\libfat.a(fatdir.o)
                0x02003ee4                _FAT_stat_r
                0x02003f80                _FAT_link_r
                0x02003f8c                _FAT_unlink_r
                0x02004114                _FAT_chdir_r
                0x02004184                _FAT_rename_r
                0x02004350                _FAT_mkdir_r
                0x020045c8                _FAT_statvfs_r
                0x02004650                _FAT_diropen_r
                0x02004710                _FAT_dirreset_r
                0x0200475c                _FAT_dirnext_r
                0x020047e0                _FAT_dirclose_r
 .text          0x02004800      0x528 c:/devkitPro/libnds/lib\libfat.a(cache.o)
                0x0200493c                _FAT_cache_constructor
                0x020049dc                _FAT_cache_readSectors
                0x02004a48                _FAT_cache_readPartialSector
                0x02004a88                _FAT_cache_readLittleEndianValue
                0x02004b14                _FAT_cache_writePartialSector
                0x02004b34                _FAT_cache_writeLittleEndianValue
                0x02004b88                _FAT_cache_eraseWritePartialSector
                0x02004bf4                _FAT_cache_writeSectors
                0x02004c6c                _FAT_cache_flush
                0x02004cc4                _FAT_cache_destructor
                0x02004cf8                _FAT_cache_invalidate
 .text          0x02004d28     0x1424 c:/devkitPro/libnds/lib\libfat.a(fatfile.o)
                0x02005078                _FAT_findEntry
                0x020050b8                FAT_getAttr
                0x020050e0                FAT_setAttr
                0x02005190                _FAT_open_r
                0x020054b4                _FAT_syncToDisc
                0x020054d4                _FAT_close_r
                0x0200554c                _FAT_read_r
                0x020058a8                _FAT_write_r
                0x02005da8                _FAT_seek_r
                0x02005f0c                _FAT_fstat_r
                0x02005fa0                _FAT_ftruncate_r
                0x02006104                _FAT_fsync_r
 .text          0x0200614c        0x8 c:/devkitPro/libnds/lib\libfat.a(disc.o)
 .text          0x02006154      0x4bc c:/devkitPro/libnds/lib\libfat.a(file_allocation_table.o)
                0x020062a0                _FAT_fat_nextCluster
                0x020063bc                _FAT_fat_linkFreeCluster
                0x02006450                _FAT_fat_linkFreeClusterCleared
                0x020064c0                _FAT_fat_clearLinks
                0x02006524                _FAT_fat_trimChain
                0x020065b0                _FAT_fat_lastCluster
                0x020065e4                _FAT_fat_freeClusterCount
 .text          0x02006610       0xb8 c:/devkitPro/libnds/lib\libfat.a(filetime.o)
                0x02006610                _FAT_filetime_getTimeFromRTC
                0x02006650                _FAT_filetime_getDateFromRTC
                0x02006690                _FAT_filetime_to_time_t
 .text          0x020066c8     0x14c0 c:/devkitPro/libnds/lib\libfat.a(directory.o)
                0x0200696c                _FAT_directory_entryGetCluster
                0x02006988                _FAT_directory_getNextEntry
                0x02006c04                _FAT_directory_getFirstEntry
                0x02006c24                _FAT_directory_getRootEntry
                0x02006c80                _FAT_directory_getVolumeLabel
                0x02006d44                _FAT_directory_entryFromPosition
                0x02006e8c                _FAT_directory_entryFromPath
                0x02007100                _FAT_directory_removeEntry
                0x020071c8                _FAT_directory_addEntry
                0x02007a64                _FAT_directory_chdir
                0x02007ab0                _FAT_directory_entryStat
 .text          0x02007b88      0x3f8 c:/devkitPro/libnds/lib\libnds9.a(sprite.o)
                0x02007b88                oamInit
                0x02007ca4                oamDisable
                0x02007cd0                oamEnable
                0x02007cf0                oamGetGfxPtr
                0x02007d28                oamClear
                0x02007d50                oamGfxPtrToOffset
                0x02007d80                oamSet
                0x02007ed4                oamUpdate
                0x02007f34                oamRotateScale
 .text          0x02007f80      0x2a0 c:/devkitPro/libnds/lib\libnds9.a(trig.o)
                0x02007f80                asinComp
                0x02007fa4                sinLutLookup
                0x02007fdc                sinLerp
                0x02008078                cosLerp
                0x0200808c                tanLutLookup
                0x020080c4                tanLerp
                0x0200816c                asinLerp
                0x020081e8                acosLerp
                0x020081fc                atanComp
 .text          0x02008220      0xa30 c:/devkitPro/libnds/lib\libnds9.a(console.o)
                0x020082d0                nocash_write
                0x020082e0                consoleGetDefault
                0x020082ec                consoleSelect
                0x020082fc                consoleDebugInit
                0x0200834c                consolePrintChar
                0x0200852c                consoleLoadFont
                0x020087a8                consoleSetFont
                0x020087c8                consoleInit
                0x02008930                consoleDemoInit
                0x02008974                con_write
                0x02008c20                consoleClear
                0x02008c30                consoleSetWindow
 .text          0x02008c50      0x450 c:/devkitPro/libnds/lib\libnds9.a(sprite_alloc.o)
                0x02008c80                oamAllocReset
                0x02008c9c                oamAllocateGfx
                0x02008ec4                oamFreeGfx
                0x0200904c                oamCountFragments
 .text          0x020090a0      0x1bc c:/devkitPro/libnds/lib\libnds9.a(video.o)
                0x020090a0                vramSetMainBanks
                0x020090e4                vramSetPrimaryBanks
                0x020090ec                vramSetBanks_EFG
                0x02009124                vramRestorePrimaryBanks
                0x02009130                vramRestoreMainBanks
                0x0200913c                vramRestoreBanks_EFG
                0x02009148                setBrightness
                0x02009188                vramDefault
 .text          0x0200925c      0x350 c:/devkitPro/libnds/lib\libnds9.a(background.o)
                0x02009298                bgIsText
                0x020092a4                checkIfText
                0x020092cc                bgUpdate
                0x020093bc                bgInit_call
                0x020094ac                bgInitSub_call
 .text          0x020095ac      0x22c c:/devkitPro/libnds/lib\libnds9.a(dldi.o)
                0x020095ac                dldiGetInternal
                0x020095e0                dldiIsValid
                0x0200961c                dldiFixDriverAddresses
                0x020096f4                dldiLoadFromFile
                0x020097cc                dldiFree
 .text          0x020097d8      0x170 c:/devkitPro/libnds/lib\libnds9.a(dsi_sd.o)
                0x020097d8                sdio_Shutdown
                0x020097e8                sdio_ClearStatus
                0x020097f0                sdio_Startup
                0x02009848                sdio_IsInserted
                0x02009888                sdio_ReadSectors
                0x020098e8                sdio_WriteSectors
 .text          0x02009948      0x148 c:/devkitPro/libnds/lib\libnds9.a(initSystem.o)
                0x02009948                initSystem
 .text          0x02009a90      0xd04 c:/devkitPro/libnds/lib\libnds9.a(fifosystem.o)
                0x02009ce4                fifoSetValue32Handler
                0x02009d58                fifoSendAddress
                0x02009d90                fifoSendValue32
                0x02009de0                fifoSendDatamsg
                0x02009e70                fifoGetAddress
                0x02009edc                fifoSetAddressHandler
                0x02009f50                fifoGetValue32
                0x02009f64                fifoGetDatamsg
                0x0200a494                fifoSetDatamsgHandler
                0x0200a52c                fifoCheckAddress
                0x0200a550                fifoCheckDatamsg
                0x0200a574                fifoCheckDatamsgLength
                0x0200a5a4                fifoCheckValue32
                0x0200a5c8                fifoInit
 .text          0x0200a794      0x27c c:/devkitPro/libnds/lib\libnds9.a(card.o)
                0x0200a794                cardWriteCommand
                0x0200a7b8                cardPolledTransfer
                0x0200a808                cardStartTransfer
                0x0200a864                cardWriteAndRead
                0x0200a8a8                cardParamCommand
                0x0200a8dc                cardReadID
                0x0200a938                cardReset
                0x0200a9a4                cardReadHeader
 .text          0x0200aa10       0x60 c:/devkitPro/libnds/lib\libnds9.a(libnds_exit.arm.o)
                0x0200aa10                systemErrorExit
                0x0200aa14                __libnds_exit
 .text          0x0200aa70      0x1e8 c:/devkitPro/libnds/lib\libnds9.a(interrupts.o)
                0x0200aa70                irqDummy
                0x0200aa74                irqSet
                0x0200aae0                irqInitHandler
                0x0200ab08                irqInit
                0x0200ab58                irqEnable
                0x0200abbc                irqDisable
                0x0200ac20                irqClear
 .text          0x0200ac58       0x88 c:/devkitPro/libnds/lib\libnds9.a(dcache.o)
                0x0200ac58                DC_FlushAll
                0x0200ac84                DC_FlushRange
                0x0200aca8                DC_InvalidateAll
                0x0200acb4                DC_InvalidateRange
 *fill*         0x0200ace0       0x20 ff
 .text          0x0200ad00     0x8000 c:/devkitPro/libnds/lib\libnds9.a(dldi_stub.o)
                0x0200ad00                _io_dldi_stub
 .text          0x02012d00       0x20 c:/devkitPro/libnds/lib\libnds9.a(IntrWait.o)
                0x02012d00                swiIntrWait
 .text          0x02012d20      0x1b4 c:/devkitPro/libnds/lib\libnds9.a(mpu_setup.o)
                0x02012d20                __libnds_mpu_setup
                0x02012e60                memCached
                0x02012e78                memUncached
 *fill*         0x02012ed4        0xc ff
 .text          0x02012ee0       0x30 c:/devkitPro/libnds/lib\libnds9.a(swiSoftReset.o)
                0x02012ee0                swiSoftReset
 .text          0x02012f10       0xa4 c:/devkitPro/libnds/lib\libnds9.a(debugprint.o)
                0x02012f10                nocashWrite
                0x02012f12                nocashMessage
 *fill*         0x02012fb4        0xc ff
 .text          0x02012fc0       0x70 c:/devkitPro/libnds/lib\libnds9.a(biosCalls.o)
                0x02012fc0                swiDelay
                0x02012fc4                swiWaitForVBlank
                0x02012fc8                swiSleep
                0x02012fcc                swiChangeSoundBias
                0x02012fd0                swiDivide
                0x02012fd4                swiRemainder
                0x02012fda                swiDivMod
                0x02012fe6                swiCopy
                0x02012fea                swiFastCopy
                0x02012fee                swiSqrt
                0x02012ff2                swiCRC16
                0x02012ff6                swiIsDebugger
                0x02012ffa                swiUnpackBits
                0x02012ffe                swiDecompressLZSSWram
                0x02013002                swiDecompressLZSSVramNTR
                0x02013006                swiDecompressLZSSVramTWL
                0x0201300a                swiDecompressHuffman
                0x0201300e                swiDecompressRLEWram
                0x02013012                swiDecompressRLEVram
                0x02013016                swiWaitForIRQ
                0x0201301a                swiDecodeDelta8
                0x0201301e                swiDecodeDelta16
                0x02013022                swiSetHaltCR
 .text          0x02013030      0x140 c:/devkitPro/libnds/lib\libnds9.a(system.o)
                0x02013030                setSDcallback
                0x0201303c                systemValueHandler
                0x02013084                systemMsgHandler
                0x020130d4                systemSleep
                0x020130ec                powerOn
                0x02013118                powerOff
                0x02013140                ledBlink
                0x02013150                getBatteryLevel
 .text          0x02013170       0x24 c:/devkitPro/libnds/lib\libnds9.a(timeSupport.o)
                0x02013170                __libnds_gtod
 .text          0x02013194      0x11c c:/devkitpro/devkitarm/bin/../lib/gcc/arm-none-eabi/5.3.0/thumb\libgcc.a(_udivsi3.o)
                0x02013194                __aeabi_uidiv
                0x02013194                __udivsi3
                0x02013290                __aeabi_uidivmod
 .text          0x020132b0      0x150 c:/devkitpro/devkitarm/bin/../lib/gcc/arm-none-eabi/5.3.0/thumb\libgcc.a(_divsi3.o)
                0x020132b0                __divsi3
                0x020132b0                __aeabi_idiv
                0x020133e0                __aeabi_idivmod
 .text          0x02013400        0x4 c:/devkitpro/devkitarm/bin/../lib/gcc/arm-none-eabi/5.3.0/thumb\libgcc.a(_dvmd_tls.o)
                0x02013400                __aeabi_idiv0
                0x02013400                __aeabi_ldiv0
 .text          0x02013404       0x60 c:/devkitpro/devkitarm/bin/../lib/gcc/arm-none-eabi/5.3.0/thumb\libgcc.a(_muldi3.o)
                0x02013404                __muldi3
                0x02013404                __aeabi_lmul
 .text          0x02013464      0x224 c:/devkitpro/devkitarm/bin/../lib/gcc/arm-none-eabi/5.3.0/../../../../arm-none-eabi/lib/thumb\libg.a(lib_a-strcmp.o)
                0x02013464                strcmp
 .text          0x02013688      0x160 c:/devkitpro/devkitarm/bin/../lib/gcc/arm-none-eabi/5.3.0/../../../../arm-none-eabi/lib/thumb\libsysbase.a(iosupport.o)
                0x0201368c                setDefaultDevice
                0x0201369c                FindDevice
                0x02013728                RemoveDevice
                0x0201374c                AddDevice
                0x020137c8                GetDeviceOpTab
 .text          0x020137e8       0x54 c:/devkitpro/devkitarm/bin/../lib/gcc/arm-none-eabi/5.3.0/../../../../arm-none-eabi/lib/thumb\libsysbase.a(close.o)
                0x020137e8                _close_r
 .text          0x0201383c       0x44 c:/devkitpro/devkitarm/bin/../lib/gcc/arm-none-eabi/5.3.0/../../../../arm-none-eabi/lib/thumb\libsysbase.a(fstat.o)
                0x0201383c                _fstat_r
 .text          0x02013880       0x28 c:/devkitpro/devkitarm/bin/../lib/gcc/arm-none-eabi/5.3.0/../../../../arm-none-eabi/lib/thumb\libsysbase.a(gettod.o)
                0x02013880                _gettimeofday_r
 .text          0x020138a8        0x4 c:/devkitpro/devkitarm/bin/../lib/gcc/arm-none-eabi/5.3.0/../../../../arm-none-eabi/lib/thumb\libsysbase.a(isatty.o)
                0x020138a8                _isatty_r
 .text          0x020138ac       0x48 c:/devkitpro/devkitarm/bin/../lib/gcc/arm-none-eabi/5.3.0/../../../../arm-none-eabi/lib/thumb\libsysbase.a(lseek.o)
                0x020138ac                _lseek_r
 .text          0x020138f4       0x9c c:/devkitpro/devkitarm/bin/../lib/gcc/arm-none-eabi/5.3.0/../../../../arm-none-eabi/lib/thumb\libsysbase.a(open.o)
                0x020138f4                _open_r
 .text          0x02013990       0x48 c:/devkitpro/devkitarm/bin/../lib/gcc/arm-none-eabi/5.3.0/../../../../arm-none-eabi/lib/thumb\libsysbase.a(read.o)
                0x02013990                _read_r
 .text          0x020139d8       0x54 c:/devkitpro/devkitarm/bin/../lib/gcc/arm-none-eabi/5.3.0/../../../../arm-none-eabi/lib/thumb\libsysbase.a(sbrk.o)
                0x020139d8                _sbrk_r
 .text          0x02013a2c       0x48 c:/devkitpro/devkitarm/bin/../lib/gcc/arm-none-eabi/5.3.0/../../../../arm-none-eabi/lib/thumb\libsysbase.a(write.o)
                0x02013a2c                _write_r
 .text          0x02013a74      0x284 c:/devkitpro/devkitarm/bin/../lib/gcc/arm-none-eabi/5.3.0/../../../../arm-none-eabi/lib/thumb\libsysbase.a(chdir.o)
                0x02013a74                _concatenate_path
                0x02013bac                chdir
                0x02013c94                getcwd
 .text          0x02013cf8       0x4c c:/devkitpro/devkitarm/bin/../lib/gcc/arm-none-eabi/5.3.0/../../../../arm-none-eabi/lib/thumb\libsysbase.a(build_argv.o)
                0x02013cf8                build_argv
 .text          0x02013d44       0x20 c:/devkitpro/devkitarm/bin/../lib/gcc/arm-none-eabi/5.3.0/../../../../arm-none-eabi/lib/thumb\libsysbase.a(flock.o)
                0x02013d44                __flockfile
                0x02013d54                __funlockfile
 .text          0x02013d64      0x104 c:/devkitpro/devkitarm/bin/../lib/gcc/arm-none-eabi/5.3.0/../../../../arm-none-eabi/lib/thumb\libsysbase.a(syscall_support.o)
                0x02013d64                __libc_lock_init
                0x02013d7c                __libc_lock_acquire
                0x02013d94                __libc_lock_try_acquire
                0x02013db4                __libc_lock_release
                0x02013dcc                __libc_lock_close
                0x02013de4                __libc_lock_init_recursive
                0x02013dfc                __libc_lock_acquire_recursive
                0x02013e14                __libc_lock_try_acquire_recursive
                0x02013e34                __libc_lock_release_recursive
                0x02013e4c                __libc_lock_close_recursive
 .text          0x02013e68      0x204 c:/devkitpro/devkitarm/bin/../lib/gcc/arm-none-eabi/5.3.0/../../../../arm-none-eabi/lib/thumb\libsysbase.a(handle_manager.o)
                0x02013e68                __free_handle
                0x02013ea0                __release_handle
                0x02013ed8                __alloc_handle
                0x02013f30                __get_handle
                0x02013f4c                dup
                0x02013fc0                dup2
 .text          0x0201406c       0x28 c:/devkitpro/devkitarm/bin/../lib/gcc/arm-none-eabi/5.3.0/../../../../arm-none-eabi/lib/thumb\libsysbase.a(getreent.o)
                0x0201406c                __getreent
 .text          0x02014094      0x41c c:/devkitpro/devkitarm/bin/../lib/gcc/arm-none-eabi/5.3.0/thumb\libgcc.a(_arm_addsubdf3.o)
                0x02014094                __aeabi_drsub
                0x0201409c                __aeabi_dsub
                0x0201409c                __subdf3
                0x020140a0                __aeabi_dadd
                0x020140a0                __adddf3
                0x020143b0                __floatunsidf
                0x020143b0                __aeabi_ui2d
                0x020143d4                __floatsidf
                0x020143d4                __aeabi_i2d
                0x020143fc                __aeabi_f2d
                0x020143fc                __extendsfdf2
                0x0201443c                __floatundidf
                0x0201443c                __aeabi_ul2d
                0x02014450                __floatdidf
                0x02014450                __aeabi_l2d
 .text          0x020144b0      0x49c c:/devkitpro/devkitarm/bin/../lib/gcc/arm-none-eabi/5.3.0/thumb\libgcc.a(_arm_muldivdf3.o)
                0x020144b0                __aeabi_dmul
                0x020144b0                __muldf3
                0x02014740                __divdf3
                0x02014740                __aeabi_ddiv
 .text          0x0201494c      0x144 c:/devkitpro/devkitarm/bin/../lib/gcc/arm-none-eabi/5.3.0/thumb\libgcc.a(_arm_cmpdf2.o)
                0x0201494c                __gtdf2
                0x0201494c                __gedf2
                0x02014954                __ltdf2
                0x02014954                __ledf2
                0x0201495c                __nedf2
                0x0201495c                __eqdf2
                0x0201495c                __cmpdf2
                0x020149e4                __aeabi_cdrcmple
                0x02014a00                __aeabi_cdcmpeq
                0x02014a00                __aeabi_cdcmple
                0x02014a18                __aeabi_dcmpeq
                0x02014a30                __aeabi_dcmplt
                0x02014a48                __aeabi_dcmple
                0x02014a60                __aeabi_dcmpge
                0x02014a78                __aeabi_dcmpgt
 .text          0x02014a90       0x5c c:/devkitpro/devkitarm/bin/../lib/gcc/arm-none-eabi/5.3.0/thumb\libgcc.a(_arm_fixdfsi.o)
                0x02014a90                __aeabi_d2iz
                0x02014a90                __fixdfsi
 .text          0x02014aec       0x3c c:/devkitpro/devkitarm/bin/../lib/gcc/arm-none-eabi/5.3.0/thumb\libgcc.a(_aeabi_uldivmod.o)
                0x02014aec                __aeabi_uldivmod
 .text          0x02014b28      0x184 c:/devkitpro/devkitarm/bin/../lib/gcc/arm-none-eabi/5.3.0/thumb\libgcc.a(_udivmoddi4.o)
                0x02014b28                __udivmoddi4
 .text          0x02014cac       0x28 c:/devkitpro/devkitarm/bin/../lib/gcc/arm-none-eabi/5.3.0/thumb\libgcc.a(_clzdi2.o)
                0x02014cac                __clzdi2
 .text          0x02014cd4       0x48 c:/devkitpro/devkitarm/bin/../lib/gcc/arm-none-eabi/5.3.0/thumb\libgcc.a(_clzsi2.o)
                0x02014cd4                __clzsi2
 *(.text.*)
 .text.startup  0x02014d1c       0x5c main.o
                0x02014d1c                main
 .text.bsearch  0x02014d78       0x64 c:/devkitpro/devkitarm/bin/../lib/gcc/arm-none-eabi/5.3.0/../../../../arm-none-eabi/lib/thumb\libg.a(lib_a-bsearch.o)
                0x02014d78                bsearch
 .text.calloc   0x02014ddc       0x18 c:/devkitpro/devkitarm/bin/../lib/gcc/arm-none-eabi/5.3.0/../../../../arm-none-eabi/lib/thumb\libg.a(lib_a-calloc.o)
                0x02014ddc                calloc
 .text._calloc_r
                0x02014df4       0x64 c:/devkitpro/devkitarm/bin/../lib/gcc/arm-none-eabi/5.3.0/../../../../arm-none-eabi/lib/thumb\libg.a(lib_a-callocr.o)
                0x02014df4                _calloc_r
 .text._fclose_r
                0x02014e58       0xb4 c:/devkitpro/devkitarm/bin/../lib/gcc/arm-none-eabi/5.3.0/../../../../arm-none-eabi/lib/thumb\libg.a(lib_a-fclose.o)
                0x02014e58                _fclose_r
 .text.fclose   0x02014f0c       0x14 c:/devkitpro/devkitarm/bin/../lib/gcc/arm-none-eabi/5.3.0/../../../../arm-none-eabi/lib/thumb\libg.a(lib_a-fclose.o)
                0x02014f0c                fclose
 .text.__sflush_r
                0x02014f20      0x158 c:/devkitpro/devkitarm/bin/../lib/gcc/arm-none-eabi/5.3.0/../../../../arm-none-eabi/lib/thumb\libg.a(lib_a-fflush.o)
                0x02014f20                __sflush_r
 .text._fflush_r
                0x02015078       0x58 c:/devkitpro/devkitarm/bin/../lib/gcc/arm-none-eabi/5.3.0/../../../../arm-none-eabi/lib/thumb\libg.a(lib_a-fflush.o)
                0x02015078                _fflush_r
 .text.fflush   0x020150d0       0x2c c:/devkitpro/devkitarm/bin/../lib/gcc/arm-none-eabi/5.3.0/../../../../arm-none-eabi/lib/thumb\libg.a(lib_a-fflush.o)
                0x020150d0                fflush
 .text._cleanup_r
                0x020150fc       0x14 c:/devkitpro/devkitarm/bin/../lib/gcc/arm-none-eabi/5.3.0/../../../../arm-none-eabi/lib/thumb\libg.a(lib_a-findfp.o)
                0x020150fc                _cleanup_r
 .text.std.isra.0
                0x02015110       0x54 c:/devkitpro/devkitarm/bin/../lib/gcc/arm-none-eabi/5.3.0/../../../../arm-none-eabi/lib/thumb\libg.a(lib_a-findfp.o)
 .text.__sfmoreglue
                0x02015164       0x34 c:/devkitpro/devkitarm/bin/../lib/gcc/arm-none-eabi/5.3.0/../../../../arm-none-eabi/lib/thumb\libg.a(lib_a-findfp.o)
                0x02015164                __sfmoreglue
 .text.__sinit  0x02015198       0x64 c:/devkitpro/devkitarm/bin/../lib/gcc/arm-none-eabi/5.3.0/../../../../arm-none-eabi/lib/thumb\libg.a(lib_a-findfp.o)
                0x02015198                __sinit
 .text.__sfp    0x020151fc       0xb4 c:/devkitpro/devkitarm/bin/../lib/gcc/arm-none-eabi/5.3.0/../../../../arm-none-eabi/lib/thumb\libg.a(lib_a-findfp.o)
                0x020151fc                __sfp
 .text.__sfp_lock_acquire
                0x020152b0       0x14 c:/devkitpro/devkitarm/bin/../lib/gcc/arm-none-eabi/5.3.0/../../../../arm-none-eabi/lib/thumb\libg.a(lib_a-findfp.o)
                0x020152b0                __sfp_lock_acquire
 .text.__sfp_lock_release
                0x020152c4       0x14 c:/devkitpro/devkitarm/bin/../lib/gcc/arm-none-eabi/5.3.0/../../../../arm-none-eabi/lib/thumb\libg.a(lib_a-findfp.o)
                0x020152c4                __sfp_lock_release
 .text._fopen_r
                0x020152d8       0xb4 c:/devkitpro/devkitarm/bin/../lib/gcc/arm-none-eabi/5.3.0/../../../../arm-none-eabi/lib/thumb\libg.a(lib_a-fopen.o)
                0x020152d8                _fopen_r
 .text.fopen    0x0201538c       0x18 c:/devkitpro/devkitarm/bin/../lib/gcc/arm-none-eabi/5.3.0/../../../../arm-none-eabi/lib/thumb\libg.a(lib_a-fopen.o)
                0x0201538c                fopen
 .text._fread_r
                0x020153a4      0x1e0 c:/devkitpro/devkitarm/bin/../lib/gcc/arm-none-eabi/5.3.0/../../../../arm-none-eabi/lib/thumb\libg.a(lib_a-fread.o)
                0x020153a4                _fread_r
 .text.fread    0x02015584       0x24 c:/devkitpro/devkitarm/bin/../lib/gcc/arm-none-eabi/5.3.0/../../../../arm-none-eabi/lib/thumb\libg.a(lib_a-fread.o)
                0x02015584                fread
 .text._malloc_trim_r
                0x020155a8       0xa4 c:/devkitpro/devkitarm/bin/../lib/gcc/arm-none-eabi/5.3.0/../../../../arm-none-eabi/lib/thumb\libg.a(lib_a-freer.o)
                0x020155a8                _malloc_trim_r
 .text._free_r  0x0201564c      0x1c8 c:/devkitpro/devkitarm/bin/../lib/gcc/arm-none-eabi/5.3.0/../../../../arm-none-eabi/lib/thumb\libg.a(lib_a-freer.o)
                0x0201564c                _free_r
 .text._fseek_r
                0x02015814        0xc c:/devkitpro/devkitarm/bin/../lib/gcc/arm-none-eabi/5.3.0/../../../../arm-none-eabi/lib/thumb\libg.a(lib_a-fseek.o)
                0x02015814                _fseek_r
 .text.fseek    0x02015820       0x1c c:/devkitpro/devkitarm/bin/../lib/gcc/arm-none-eabi/5.3.0/../../../../arm-none-eabi/lib/thumb\libg.a(lib_a-fseek.o)
                0x02015820                fseek
 .text._fseeko_r
                0x0201583c      0x334 c:/devkitpro/devkitarm/bin/../lib/gcc/arm-none-eabi/5.3.0/../../../../arm-none-eabi/lib/thumb\libg.a(lib_a-fseeko.o)
                0x0201583c                _fseeko_r
 .text.ftell    0x02015b70       0x14 c:/devkitpro/devkitarm/bin/../lib/gcc/arm-none-eabi/5.3.0/../../../../arm-none-eabi/lib/thumb\libg.a(lib_a-ftell.o)
                0x02015b70                ftell
 .text._ftello_r
                0x02015b84       0xc8 c:/devkitpro/devkitarm/bin/../lib/gcc/arm-none-eabi/5.3.0/../../../../arm-none-eabi/lib/thumb\libg.a(lib_a-ftello.o)
                0x02015b84                _ftello_r
 .text._fwalk   0x02015c4c       0x4c c:/devkitpro/devkitarm/bin/../lib/gcc/arm-none-eabi/5.3.0/../../../../arm-none-eabi/lib/thumb\libg.a(lib_a-fwalk.o)
                0x02015c4c                _fwalk
 .text._fwalk_reent
                0x02015c98       0x54 c:/devkitpro/devkitarm/bin/../lib/gcc/arm-none-eabi/5.3.0/../../../../arm-none-eabi/lib/thumb\libg.a(lib_a-fwalk.o)
                0x02015c98                _fwalk_reent
 .text.__libc_init_array
                0x02015cec       0x58 c:/devkitpro/devkitarm/bin/../lib/gcc/arm-none-eabi/5.3.0/../../../../arm-none-eabi/lib/thumb\libg.a(lib_a-init.o)
                0x02015cec                __libc_init_array
 .text.iprintf  0x02015d44       0x24 c:/devkitpro/devkitarm/bin/../lib/gcc/arm-none-eabi/5.3.0/../../../../arm-none-eabi/lib/thumb\libg.a(lib_a-iprintf.o)
                0x02015d44                iprintf
 .text.localtime_r
                0x02015d68      0x210 c:/devkitpro/devkitarm/bin/../lib/gcc/arm-none-eabi/5.3.0/../../../../arm-none-eabi/lib/thumb\libg.a(lib_a-lcltime_r.o)
                0x02015d68                localtime_r
 .text.__locale_charset
                0x02015f78        0x8 c:/devkitpro/devkitarm/bin/../lib/gcc/arm-none-eabi/5.3.0/../../../../arm-none-eabi/lib/thumb\libg.a(lib_a-locale.o)
                0x02015f78                __locale_charset
 .text.__locale_mb_cur_max
                0x02015f80        0xc c:/devkitpro/devkitarm/bin/../lib/gcc/arm-none-eabi/5.3.0/../../../../arm-none-eabi/lib/thumb\libg.a(lib_a-locale.o)
                0x02015f80                __locale_mb_cur_max
 .text._localeconv_r
                0x02015f8c        0x8 c:/devkitpro/devkitarm/bin/../lib/gcc/arm-none-eabi/5.3.0/../../../../arm-none-eabi/lib/thumb\libg.a(lib_a-locale.o)
                0x02015f8c                _localeconv_r
 .text.__smakebuf_r
                0x02015f94       0xf4 c:/devkitpro/devkitarm/bin/../lib/gcc/arm-none-eabi/5.3.0/../../../../arm-none-eabi/lib/thumb\libg.a(lib_a-makebuf.o)
                0x02015f94                __smakebuf_r
 .text.malloc   0x02016088       0x14 c:/devkitpro/devkitarm/bin/../lib/gcc/arm-none-eabi/5.3.0/../../../../arm-none-eabi/lib/thumb\libg.a(lib_a-malloc.o)
                0x02016088                malloc
 .text.free     0x0201609c       0x14 c:/devkitpro/devkitarm/bin/../lib/gcc/arm-none-eabi/5.3.0/../../../../arm-none-eabi/lib/thumb\libg.a(lib_a-malloc.o)
                0x0201609c                free
 .text._malloc_r
                0x020160b0      0x564 c:/devkitpro/devkitarm/bin/../lib/gcc/arm-none-eabi/5.3.0/../../../../arm-none-eabi/lib/thumb\libg.a(lib_a-mallocr.o)
                0x020160b0                _malloc_r
 .text._mbrtowc_r
                0x02016614       0x7c c:/devkitpro/devkitarm/bin/../lib/gcc/arm-none-eabi/5.3.0/../../../../arm-none-eabi/lib/thumb\libg.a(lib_a-mbrtowc.o)
                0x02016614                _mbrtowc_r
 .text.mbrtowc  0x02016690       0x80 c:/devkitpro/devkitarm/bin/../lib/gcc/arm-none-eabi/5.3.0/../../../../arm-none-eabi/lib/thumb\libg.a(lib_a-mbrtowc.o)
                0x02016690                mbrtowc
 .text.mbsrtowcs
                0x02016710       0x28 c:/devkitpro/devkitarm/bin/../lib/gcc/arm-none-eabi/5.3.0/../../../../arm-none-eabi/lib/thumb\libg.a(lib_a-mbsrtowcs.o)
                0x02016710                mbsrtowcs
 .text.__utf8_mbtowc
                0x02016738      0x2cc c:/devkitpro/devkitarm/bin/../lib/gcc/arm-none-eabi/5.3.0/../../../../arm-none-eabi/lib/thumb\libg.a(lib_a-mbtowc_r.o)
                0x02016738                __utf8_mbtowc
 .text.memcmp   0x02016a04       0x54 c:/devkitpro/devkitarm/bin/../lib/gcc/arm-none-eabi/5.3.0/../../../../arm-none-eabi/lib/thumb\libg.a(lib_a-memcmp.o)
                0x02016a04                memcmp
 .text.memcpy   0x02016a58       0x80 c:/devkitpro/devkitarm/bin/../lib/gcc/arm-none-eabi/5.3.0/../../../../arm-none-eabi/lib/thumb\libg.a(lib_a-memcpy.o)
                0x02016a58                memcpy
 .text.memmove  0x02016ad8       0x9c c:/devkitpro/devkitarm/bin/../lib/gcc/arm-none-eabi/5.3.0/../../../../arm-none-eabi/lib/thumb\libg.a(lib_a-memmove.o)
                0x02016ad8                memmove
 .text.memset   0x02016b74       0x94 c:/devkitpro/devkitarm/bin/../lib/gcc/arm-none-eabi/5.3.0/../../../../arm-none-eabi/lib/thumb\libg.a(lib_a-memset.o)
                0x02016b74                memset
 .text.validate_structure
                0x02016c08      0x210 c:/devkitpro/devkitarm/bin/../lib/gcc/arm-none-eabi/5.3.0/../../../../arm-none-eabi/lib/thumb\libg.a(lib_a-mktime.o)
 .text.mktime   0x02016e18      0x378 c:/devkitpro/devkitarm/bin/../lib/gcc/arm-none-eabi/5.3.0/../../../../arm-none-eabi/lib/thumb\libg.a(lib_a-mktime.o)
                0x02016e18                mktime
 .text.__malloc_lock
                0x02017190       0x14 c:/devkitpro/devkitarm/bin/../lib/gcc/arm-none-eabi/5.3.0/../../../../arm-none-eabi/lib/thumb\libg.a(lib_a-mlock.o)
                0x02017190                __malloc_lock
 .text.__malloc_unlock
                0x020171a4       0x14 c:/devkitpro/devkitarm/bin/../lib/gcc/arm-none-eabi/5.3.0/../../../../arm-none-eabi/lib/thumb\libg.a(lib_a-mlock.o)
                0x020171a4                __malloc_unlock
 .text.printf   0x020171b8       0x24 c:/devkitpro/devkitarm/bin/../lib/gcc/arm-none-eabi/5.3.0/../../../../arm-none-eabi/lib/thumb\libg.a(lib_a-printf.o)
                0x020171b8                printf
 .text.realloc  0x020171dc       0x18 c:/devkitpro/devkitarm/bin/../lib/gcc/arm-none-eabi/5.3.0/../../../../arm-none-eabi/lib/thumb\libg.a(lib_a-realloc.o)
                0x020171dc                realloc
 .text._realloc_r
                0x020171f4      0x3ec c:/devkitpro/devkitarm/bin/../lib/gcc/arm-none-eabi/5.3.0/../../../../arm-none-eabi/lib/thumb\libg.a(lib_a-reallocr.o)
                0x020171f4                _realloc_r
 .text.lflush   0x020175e0       0x20 c:/devkitpro/devkitarm/bin/../lib/gcc/arm-none-eabi/5.3.0/../../../../arm-none-eabi/lib/thumb\libg.a(lib_a-refill.o)
 .text.__srefill_r
                0x02017600      0x128 c:/devkitpro/devkitarm/bin/../lib/gcc/arm-none-eabi/5.3.0/../../../../arm-none-eabi/lib/thumb\libg.a(lib_a-refill.o)
                0x02017600                __srefill_r
 .text.rewind   0x02017728       0x20 c:/devkitpro/devkitarm/bin/../lib/gcc/arm-none-eabi/5.3.0/../../../../arm-none-eabi/lib/thumb\libg.a(lib_a-rewind.o)
                0x02017728                rewind
 .text.setvbuf  0x02017748      0x148 c:/devkitpro/devkitarm/bin/../lib/gcc/arm-none-eabi/5.3.0/../../../../arm-none-eabi/lib/thumb\libg.a(lib_a-setvbuf.o)
                0x02017748                setvbuf
 .text.siscanf  0x02017890       0x4c c:/devkitpro/devkitarm/bin/../lib/gcc/arm-none-eabi/5.3.0/../../../../arm-none-eabi/lib/thumb\libg.a(lib_a-siscanf.o)
                0x02017890                siscanf
 .text.sprintf  0x020178dc       0x48 c:/devkitpro/devkitarm/bin/../lib/gcc/arm-none-eabi/5.3.0/../../../../arm-none-eabi/lib/thumb\libg.a(lib_a-sprintf.o)
                0x020178dc                sprintf
 .text.__sread  0x02017924       0x2c c:/devkitpro/devkitarm/bin/../lib/gcc/arm-none-eabi/5.3.0/../../../../arm-none-eabi/lib/thumb\libg.a(lib_a-stdio.o)
                0x02017924                __sread
 .text.__seofread
                0x02017950        0x4 c:/devkitpro/devkitarm/bin/../lib/gcc/arm-none-eabi/5.3.0/../../../../arm-none-eabi/lib/thumb\libg.a(lib_a-stdio.o)
                0x02017950                __seofread
 .text.__swrite
                0x02017954       0x3c c:/devkitpro/devkitarm/bin/../lib/gcc/arm-none-eabi/5.3.0/../../../../arm-none-eabi/lib/thumb\libg.a(lib_a-stdio.o)
                0x02017954                __swrite
 .text.__sseek  0x02017990       0x30 c:/devkitpro/devkitarm/bin/../lib/gcc/arm-none-eabi/5.3.0/../../../../arm-none-eabi/lib/thumb\libg.a(lib_a-stdio.o)
                0x02017990                __sseek
 .text.__sclose
                0x020179c0       0x10 c:/devkitpro/devkitarm/bin/../lib/gcc/arm-none-eabi/5.3.0/../../../../arm-none-eabi/lib/thumb\libg.a(lib_a-stdio.o)
                0x020179c0                __sclose
 .text.stpcpy   0x020179d0       0x4c c:/devkitpro/devkitarm/bin/../lib/gcc/arm-none-eabi/5.3.0/../../../../arm-none-eabi/lib/thumb\libg.a(lib_a-stpcpy.o)
                0x020179d0                stpcpy
 .text.strchr   0x02017a1c       0xdc c:/devkitpro/devkitarm/bin/../lib/gcc/arm-none-eabi/5.3.0/../../../../arm-none-eabi/lib/thumb\libg.a(lib_a-strchr.o)
                0x02017a1c                strchr
 .text.strcpy   0x02017af8       0x10 c:/devkitpro/devkitarm/bin/../lib/gcc/arm-none-eabi/5.3.0/../../../../arm-none-eabi/lib/thumb\libg.a(lib_a-strcpy.o)
                0x02017af8                strcpy
 .text.strdup   0x02017b08       0x14 c:/devkitpro/devkitarm/bin/../lib/gcc/arm-none-eabi/5.3.0/../../../../arm-none-eabi/lib/thumb\libg.a(lib_a-strdup.o)
                0x02017b08                strdup
 .text._strdup_r
                0x02017b1c       0x2c c:/devkitpro/devkitarm/bin/../lib/gcc/arm-none-eabi/5.3.0/../../../../arm-none-eabi/lib/thumb\libg.a(lib_a-strdup_r.o)
                0x02017b1c                _strdup_r
 .text.strlen   0x02017b48       0x6c c:/devkitpro/devkitarm/bin/../lib/gcc/arm-none-eabi/5.3.0/../../../../arm-none-eabi/lib/thumb\libg.a(lib_a-strlen.o)
                0x02017b48                strlen
 .text.strncasecmp
                0x02017bb4       0x5c c:/devkitpro/devkitarm/bin/../lib/gcc/arm-none-eabi/5.3.0/../../../../arm-none-eabi/lib/thumb\libg.a(lib_a-strncasecmp.o)
                0x02017bb4                strncasecmp
 .text.strncmp  0x02017c10       0x94 c:/devkitpro/devkitarm/bin/../lib/gcc/arm-none-eabi/5.3.0/../../../../arm-none-eabi/lib/thumb\libg.a(lib_a-strncmp.o)
                0x02017c10                strncmp
 .text.strncpy  0x02017ca4       0x7c c:/devkitpro/devkitarm/bin/../lib/gcc/arm-none-eabi/5.3.0/../../../../arm-none-eabi/lib/thumb\libg.a(lib_a-strncpy.o)
                0x02017ca4                strncpy
 .text.strnlen  0x02017d20       0x30 c:/devkitpro/devkitarm/bin/../lib/gcc/arm-none-eabi/5.3.0/../../../../arm-none-eabi/lib/thumb\libg.a(lib_a-strnlen.o)
                0x02017d20                strnlen
 .text.strpbrk  0x02017d50       0x4c c:/devkitpro/devkitarm/bin/../lib/gcc/arm-none-eabi/5.3.0/../../../../arm-none-eabi/lib/thumb\libg.a(lib_a-strpbrk.o)
                0x02017d50                strpbrk
 .text.strrchr  0x02017d9c       0x2c c:/devkitpro/devkitarm/bin/../lib/gcc/arm-none-eabi/5.3.0/../../../../arm-none-eabi/lib/thumb\libg.a(lib_a-strrchr.o)
                0x02017d9c                strrchr
 .text._strtol_r
                0x02017dc8      0x178 c:/devkitpro/devkitarm/bin/../lib/gcc/arm-none-eabi/5.3.0/../../../../arm-none-eabi/lib/thumb\libg.a(lib_a-strtol.o)
                0x02017dc8                _strtol_r
 .text._sungetc_r
                0x02017f40       0x8c c:/devkitpro/devkitarm/bin/../lib/gcc/arm-none-eabi/5.3.0/../../../../arm-none-eabi/lib/thumb\libg.a(lib_a-svfiscanf.o)
                0x02017f40                _sungetc_r
 .text.__ssrefill_r
                0x02017fcc       0x44 c:/devkitpro/devkitarm/bin/../lib/gcc/arm-none-eabi/5.3.0/../../../../arm-none-eabi/lib/thumb\libg.a(lib_a-svfiscanf.o)
                0x02017fcc                __ssrefill_r
 .text._sfread_r
                0x02018010       0x90 c:/devkitpro/devkitarm/bin/../lib/gcc/arm-none-eabi/5.3.0/../../../../arm-none-eabi/lib/thumb\libg.a(lib_a-svfiscanf.o)
                0x02018010                _sfread_r
 .text.__ssvfiscanf_r
                0x020180a0     0x1498 c:/devkitpro/devkitarm/bin/../lib/gcc/arm-none-eabi/5.3.0/../../../../arm-none-eabi/lib/thumb\libg.a(lib_a-svfiscanf.o)
                0x020180a0                __ssvfiscanf_r
 .text.get_arg  0x02019538      0xcb0 c:/devkitpro/devkitarm/bin/../lib/gcc/arm-none-eabi/5.3.0/../../../../arm-none-eabi/lib/thumb\libg.a(lib_a-svfprintf.o)
 .text._svfprintf_r
                0x0201a1e8     0x3114 c:/devkitpro/devkitarm/bin/../lib/gcc/arm-none-eabi/5.3.0/../../../../arm-none-eabi/lib/thumb\libg.a(lib_a-svfprintf.o)
                0x0201a1e8                _svfprintf_r
 .text.close    0x0201d2fc       0x14 c:/devkitpro/devkitarm/bin/../lib/gcc/arm-none-eabi/5.3.0/../../../../arm-none-eabi/lib/thumb\libg.a(lib_a-sysclose.o)
                0x0201d2fc                close
 .text.lseek    0x0201d310       0x1c c:/devkitpro/devkitarm/bin/../lib/gcc/arm-none-eabi/5.3.0/../../../../arm-none-eabi/lib/thumb\libg.a(lib_a-syslseek.o)
                0x0201d310                lseek
 .text.open     0x0201d32c       0x28 c:/devkitpro/devkitarm/bin/../lib/gcc/arm-none-eabi/5.3.0/../../../../arm-none-eabi/lib/thumb\libg.a(lib_a-sysopen.o)
                0x0201d32c                open
 .text.read     0x0201d354       0x1c c:/devkitpro/devkitarm/bin/../lib/gcc/arm-none-eabi/5.3.0/../../../../arm-none-eabi/lib/thumb\libg.a(lib_a-sysread.o)
                0x0201d354                read
 .text.time     0x0201d370       0x2c c:/devkitpro/devkitarm/bin/../lib/gcc/arm-none-eabi/5.3.0/../../../../arm-none-eabi/lib/thumb\libg.a(lib_a-time.o)
                0x0201d370                time
 .text.towlower
                0x0201d39c      0x7e0 c:/devkitpro/devkitarm/bin/../lib/gcc/arm-none-eabi/5.3.0/../../../../arm-none-eabi/lib/thumb\libg.a(lib_a-towlower.o)
                0x0201d39c                towlower
 .text.towupper
                0x0201db7c      0x98c c:/devkitpro/devkitarm/bin/../lib/gcc/arm-none-eabi/5.3.0/../../../../arm-none-eabi/lib/thumb\libg.a(lib_a-towupper.o)
                0x0201db7c                towupper
 .text.__tzcalc_limits
                0x0201e508      0x1a0 c:/devkitpro/devkitarm/bin/../lib/gcc/arm-none-eabi/5.3.0/../../../../arm-none-eabi/lib/thumb\libg.a(lib_a-tzcalc_limits.o)
                0x0201e508                __tzcalc_limits
 .text.__tz_lock
                0x0201e6a8       0x14 c:/devkitpro/devkitarm/bin/../lib/gcc/arm-none-eabi/5.3.0/../../../../arm-none-eabi/lib/thumb\libg.a(lib_a-tzlock.o)
                0x0201e6a8                __tz_lock
 .text.__tz_unlock
                0x0201e6bc       0x14 c:/devkitpro/devkitarm/bin/../lib/gcc/arm-none-eabi/5.3.0/../../../../arm-none-eabi/lib/thumb\libg.a(lib_a-tzlock.o)
                0x0201e6bc                __tz_unlock
 .text.__submore
                0x0201e6d0       0x88 c:/devkitpro/devkitarm/bin/../lib/gcc/arm-none-eabi/5.3.0/../../../../arm-none-eabi/lib/thumb\libg.a(lib_a-ungetc.o)
                0x0201e6d0                __submore
 .text.get_arg  0x0201e758      0xcb0 c:/devkitpro/devkitarm/bin/../lib/gcc/arm-none-eabi/5.3.0/../../../../arm-none-eabi/lib/thumb\libg.a(lib_a-vfiprintf.o)
 .text.__sprint_r.part.0
                0x0201f408       0x80 c:/devkitpro/devkitarm/bin/../lib/gcc/arm-none-eabi/5.3.0/../../../../arm-none-eabi/lib/thumb\libg.a(lib_a-vfiprintf.o)
 .text.__sprint_r
                0x0201f488       0x18 c:/devkitpro/devkitarm/bin/../lib/gcc/arm-none-eabi/5.3.0/../../../../arm-none-eabi/lib/thumb\libg.a(lib_a-vfiprintf.o)
                0x0201f488                __sprint_r
 .text._vfiprintf_r
                0x0201f4a0     0x2240 c:/devkitpro/devkitarm/bin/../lib/gcc/arm-none-eabi/5.3.0/../../../../arm-none-eabi/lib/thumb\libg.a(lib_a-vfiprintf.o)
                0x0201f4a0                _vfiprintf_r
 .text.__sbprintf
                0x020216e0       0x8c c:/devkitpro/devkitarm/bin/../lib/gcc/arm-none-eabi/5.3.0/../../../../arm-none-eabi/lib/thumb\libg.a(lib_a-vfiprintf.o)
 .text.get_arg  0x0202176c      0xcb0 c:/devkitpro/devkitarm/bin/../lib/gcc/arm-none-eabi/5.3.0/../../../../arm-none-eabi/lib/thumb\libg.a(lib_a-vfprintf.o)
 .text._vfprintf_r
                0x0202241c     0x318c c:/devkitpro/devkitarm/bin/../lib/gcc/arm-none-eabi/5.3.0/../../../../arm-none-eabi/lib/thumb\libg.a(lib_a-vfprintf.o)
                0x0202241c                _vfprintf_r
 .text.__sbprintf
                0x020255a8       0x8c c:/devkitpro/devkitarm/bin/../lib/gcc/arm-none-eabi/5.3.0/../../../../arm-none-eabi/lib/thumb\libg.a(lib_a-vfprintf.o)
 .text._wcrtomb_r
                0x02025634       0x6c c:/devkitpro/devkitarm/bin/../lib/gcc/arm-none-eabi/5.3.0/../../../../arm-none-eabi/lib/thumb\libg.a(lib_a-wcrtomb.o)
                0x02025634                _wcrtomb_r
 .text.wcrtomb  0x020256a0       0x74 c:/devkitpro/devkitarm/bin/../lib/gcc/arm-none-eabi/5.3.0/../../../../arm-none-eabi/lib/thumb\libg.a(lib_a-wcrtomb.o)
                0x020256a0                wcrtomb
 .text._wcsrtombs_r
                0x02025714       0x1c c:/devkitpro/devkitarm/bin/../lib/gcc/arm-none-eabi/5.3.0/../../../../arm-none-eabi/lib/thumb\libg.a(lib_a-wcsrtombs.o)
                0x02025714                _wcsrtombs_r
 .text.wctob    0x02025730       0x50 c:/devkitpro/devkitarm/bin/../lib/gcc/arm-none-eabi/5.3.0/../../../../arm-none-eabi/lib/thumb\libg.a(lib_a-wctob.o)
                0x02025730                wctob
 .text.__utf8_wctomb
                0x02025780       0xbc c:/devkitpro/devkitarm/bin/../lib/gcc/arm-none-eabi/5.3.0/../../../../arm-none-eabi/lib/thumb\libg.a(lib_a-wctomb_r.o)
                0x02025780                __utf8_wctomb
 .text.__swsetup_r
                0x0202583c       0xcc c:/devkitpro/devkitarm/bin/../lib/gcc/arm-none-eabi/5.3.0/../../../../arm-none-eabi/lib/thumb\libg.a(lib_a-wsetup.o)
                0x0202583c                __swsetup_r
 .text.div      0x02025908       0x40 c:/devkitpro/devkitarm/bin/../lib/gcc/arm-none-eabi/5.3.0/../../../../arm-none-eabi/lib/thumb\libg.a(lib_a-div.o)
                0x02025908                div
 .text.quorem   0x02025948      0x158 c:/devkitpro/devkitarm/bin/../lib/gcc/arm-none-eabi/5.3.0/../../../../arm-none-eabi/lib/thumb\libg.a(lib_a-dtoa.o)
 .text._dtoa_r  0x02025aa0      0xfd8 c:/devkitpro/devkitarm/bin/../lib/gcc/arm-none-eabi/5.3.0/../../../../arm-none-eabi/lib/thumb\libg.a(lib_a-dtoa.o)
                0x02025aa0                _dtoa_r
 .text.__sflags
                0x02026a78       0x9c c:/devkitpro/devkitarm/bin/../lib/gcc/arm-none-eabi/5.3.0/../../../../arm-none-eabi/lib/thumb\libg.a(lib_a-flags.o)
                0x02026a78                __sflags
 .text.__fputwc
                0x02026b14       0xc0 c:/devkitpro/devkitarm/bin/../lib/gcc/arm-none-eabi/5.3.0/../../../../arm-none-eabi/lib/thumb\libg.a(lib_a-fputwc.o)
                0x02026b14                __fputwc
 .text._fputwc_r
                0x02026bd4       0x5c c:/devkitpro/devkitarm/bin/../lib/gcc/arm-none-eabi/5.3.0/../../../../arm-none-eabi/lib/thumb\libg.a(lib_a-fputwc.o)
                0x02026bd4                _fputwc_r
 .text.__sfvwrite_r
                0x02026c30      0x340 c:/devkitpro/devkitarm/bin/../lib/gcc/arm-none-eabi/5.3.0/../../../../arm-none-eabi/lib/thumb\libg.a(lib_a-fvwrite.o)
                0x02026c30                __sfvwrite_r
 .text.__gettzinfo
                0x02026f70        0x8 c:/devkitpro/devkitarm/bin/../lib/gcc/arm-none-eabi/5.3.0/../../../../arm-none-eabi/lib/thumb\libg.a(lib_a-gettzinfo.o)
                0x02026f70                __gettzinfo
 .text.gmtime_r
                0x02026f78      0x178 c:/devkitpro/devkitarm/bin/../lib/gcc/arm-none-eabi/5.3.0/../../../../arm-none-eabi/lib/thumb\libg.a(lib_a-gmtime_r.o)
                0x02026f78                gmtime_r
 .text.iswspace
                0x020270f0       0x78 c:/devkitpro/devkitarm/bin/../lib/gcc/arm-none-eabi/5.3.0/../../../../arm-none-eabi/lib/thumb\libg.a(lib_a-iswspace.o)
                0x020270f0                iswspace
 .text.__jp2uc  0x02027168      0x188 c:/devkitpro/devkitarm/bin/../lib/gcc/arm-none-eabi/5.3.0/../../../../arm-none-eabi/lib/thumb\libg.a(lib_a-jp2uc.o)
 .text._jp2uc   0x020272f0       0x64 c:/devkitpro/devkitarm/bin/../lib/gcc/arm-none-eabi/5.3.0/../../../../arm-none-eabi/lib/thumb\libg.a(lib_a-jp2uc.o)
                0x020272f0                _jp2uc
 .text._mbsnrtowcs_r
                0x02027354       0xbc c:/devkitpro/devkitarm/bin/../lib/gcc/arm-none-eabi/5.3.0/../../../../arm-none-eabi/lib/thumb\libg.a(lib_a-mbsnrtowcs.o)
                0x02027354                _mbsnrtowcs_r
 .text.memchr   0x02027410       0x90 c:/devkitpro/devkitarm/bin/../lib/gcc/arm-none-eabi/5.3.0/../../../../arm-none-eabi/lib/thumb\libg.a(lib_a-memchr.o)
                0x02027410                memchr
 .text._Balloc  0x020274a0       0x54 c:/devkitpro/devkitarm/bin/../lib/gcc/arm-none-eabi/5.3.0/../../../../arm-none-eabi/lib/thumb\libg.a(lib_a-mprec.o)
                0x020274a0                _Balloc
 .text._Bfree   0x020274f4       0x14 c:/devkitpro/devkitarm/bin/../lib/gcc/arm-none-eabi/5.3.0/../../../../arm-none-eabi/lib/thumb\libg.a(lib_a-mprec.o)
                0x020274f4                _Bfree
 .text.__multadd
                0x02027508       0x94 c:/devkitpro/devkitarm/bin/../lib/gcc/arm-none-eabi/5.3.0/../../../../arm-none-eabi/lib/thumb\libg.a(lib_a-mprec.o)
                0x02027508                __multadd
 .text.__hi0bits
                0x0202759c       0x3c c:/devkitpro/devkitarm/bin/../lib/gcc/arm-none-eabi/5.3.0/../../../../arm-none-eabi/lib/thumb\libg.a(lib_a-mprec.o)
                0x0202759c                __hi0bits
 .text.__lo0bits
                0x020275d8       0x5c c:/devkitpro/devkitarm/bin/../lib/gcc/arm-none-eabi/5.3.0/../../../../arm-none-eabi/lib/thumb\libg.a(lib_a-mprec.o)
                0x020275d8                __lo0bits
 .text.__i2b    0x02027634       0x18 c:/devkitpro/devkitarm/bin/../lib/gcc/arm-none-eabi/5.3.0/../../../../arm-none-eabi/lib/thumb\libg.a(lib_a-mprec.o)
                0x02027634                __i2b
 .text.__multiply
                0x0202764c      0x16c c:/devkitpro/devkitarm/bin/../lib/gcc/arm-none-eabi/5.3.0/../../../../arm-none-eabi/lib/thumb\libg.a(lib_a-mprec.o)
                0x0202764c                __multiply
 .text.__pow5mult
                0x020277b8       0xc0 c:/devkitpro/devkitarm/bin/../lib/gcc/arm-none-eabi/5.3.0/../../../../arm-none-eabi/lib/thumb\libg.a(lib_a-mprec.o)
                0x020277b8                __pow5mult
 .text.__lshift
                0x02027878       0xc4 c:/devkitpro/devkitarm/bin/../lib/gcc/arm-none-eabi/5.3.0/../../../../arm-none-eabi/lib/thumb\libg.a(lib_a-mprec.o)
                0x02027878                __lshift
 .text.__mcmp   0x0202793c       0x40 c:/devkitpro/devkitarm/bin/../lib/gcc/arm-none-eabi/5.3.0/../../../../arm-none-eabi/lib/thumb\libg.a(lib_a-mprec.o)
                0x0202793c                __mcmp
 .text.__mdiff  0x0202797c      0x120 c:/devkitpro/devkitarm/bin/../lib/gcc/arm-none-eabi/5.3.0/../../../../arm-none-eabi/lib/thumb\libg.a(lib_a-mprec.o)
                0x0202797c                __mdiff
 .text.__d2b    0x02027a9c       0xc0 c:/devkitpro/devkitarm/bin/../lib/gcc/arm-none-eabi/5.3.0/../../../../arm-none-eabi/lib/thumb\libg.a(lib_a-mprec.o)
                0x02027a9c                __d2b
 .text.__sccl   0x02027b5c       0x7c c:/devkitpro/devkitarm/bin/../lib/gcc/arm-none-eabi/5.3.0/../../../../arm-none-eabi/lib/thumb\libg.a(lib_a-sccl.o)
                0x02027b5c                __sccl
 .text.__fpclassifyd
                0x02027bd8       0x5c c:/devkitpro/devkitarm/bin/../lib/gcc/arm-none-eabi/5.3.0/../../../../arm-none-eabi/lib/thumb\libg.a(lib_a-s_fpclassify.o)
                0x02027bd8                __fpclassifyd
 .text.frexp    0x02027c34       0x74 c:/devkitpro/devkitarm/bin/../lib/gcc/arm-none-eabi/5.3.0/../../../../arm-none-eabi/lib/thumb\libg.a(lib_a-s_frexp.o)
                0x02027c34                frexp
 .text._strtoll_r
                0x02027ca8      0x1e8 c:/devkitpro/devkitarm/bin/../lib/gcc/arm-none-eabi/5.3.0/../../../../arm-none-eabi/lib/thumb\libg.a(lib_a-strtoll_r.o)
                0x02027ca8                _strtoll_r
 .text._strtoull_r
                0x02027e90      0x1ec c:/devkitpro/devkitarm/bin/../lib/gcc/arm-none-eabi/5.3.0/../../../../arm-none-eabi/lib/thumb\libg.a(lib_a-strtoull_r.o)
                0x02027e90                _strtoull_r
 .text._strtoul_r
                0x0202807c      0x17c c:/devkitpro/devkitarm/bin/../lib/gcc/arm-none-eabi/5.3.0/../../../../arm-none-eabi/lib/thumb\libg.a(lib_a-strtoul.o)
                0x0202807c                _strtoul_r
 .text.__ssprint_r
                0x020281f8      0x134 c:/devkitpro/devkitarm/bin/../lib/gcc/arm-none-eabi/5.3.0/../../../../arm-none-eabi/lib/thumb\libg.a(lib_a-svfiprintf.o)
                0x020281f8                __ssprint_r
 .text.__swbuf_r
                0x0202832c       0xb8 c:/devkitpro/devkitarm/bin/../lib/gcc/arm-none-eabi/5.3.0/../../../../arm-none-eabi/lib/thumb\libg.a(lib_a-wbuf.o)
                0x0202832c                __swbuf_r
 .text._wcsnrtombs_r
                0x020283e4      0x118 c:/devkitpro/devkitarm/bin/../lib/gcc/arm-none-eabi/5.3.0/../../../../arm-none-eabi/lib/thumb\libg.a(lib_a-wcsnrtombs.o)
                0x020283e4                _wcsnrtombs_r
 .text.__errno  0x020284fc        0xc c:/devkitpro/devkitarm/bin/../lib/gcc/arm-none-eabi/5.3.0/../../../../arm-none-eabi/lib/thumb\libg.a(lib_a-errno.o)
                0x020284fc                __errno
 .text.__errno.__stub
                0x02028508       0xe8 linker stubs
 *(.stub)
 *(.gnu.warning)
 *(.gnu.linkonce.t*)
 *(.glue_7)
 .glue_7        0x02028600        0x0 linker stubs
 *(.glue_7t)
 .glue_7t       0x02028600        0x0 linker stubs
                0x02028600                . = ALIGN (0x4)

.vfp11_veneer   0x02028600        0x0
 .vfp11_veneer  0x02028600        0x0 linker stubs

.v4_bx          0x02028600        0x0
 .v4_bx         0x02028600        0x0 linker stubs

.iplt           0x02028600        0x0
 .iplt          0x02028600        0x0 c:/devkitpro/devkitarm/bin/../lib/gcc/arm-none-eabi/5.3.0/../../../../arm-none-eabi/lib/thumb/ds_arm9_crt0.o

.fini           0x02028600        0xc
 *(.fini)
 .fini          0x02028600        0x4 c:/devkitpro/devkitarm/bin/../lib/gcc/arm-none-eabi/5.3.0/thumb/crti.o
                0x02028600                _fini
 .fini          0x02028604        0x8 c:/devkitpro/devkitarm/bin/../lib/gcc/arm-none-eabi/5.3.0/thumb/crtn.o
                0x0202860c                __text_end = .

.rodata         0x02028610     0x96c8
 *(.rodata)
 .rodata        0x02028610       0x50 d:/Documents/NMPP/NMPP/NMPP_NDS/nflib/lib\libnflib.a(nf_basic.o)
 .rodata        0x02028660       0x68 c:/devkitPro/libnds/lib\libfat.a(libfat.o)
 .rodata        0x020286c8        0xc c:/devkitPro/libnds/lib\libfat.a(partition.o)
 .rodata        0x020286d4       0x18 c:/devkitPro/libnds/lib\libfat.a(disc.o)
                0x020286d4                _FAT_disc_interfaces
 .rodata        0x020286ec       0x54 c:/devkitPro/libnds/lib\libfat.a(directory.o)
 .rodata        0x02028740      0x308 c:/devkitPro/libnds/lib\libnds9.a(trig.o)
                0x02028740                SIN_LUT
                0x02028844                TAN_LUT
 .rodata        0x02028a48      0x20c c:/devkitPro/libnds/lib\libnds9.a(console.o)
 .rodata        0x02028c54        0xc c:/devkitPro/libnds/lib\libnds9.a(dldi.o)
                0x02028c54                DLDI_MAGIC_STRING_BACKWARDS
                0x02028c5c                DLDI_MAGIC_NUMBER
 .rodata        0x02028c60       0x20 c:/devkitPro/libnds/lib\libnds9.a(dsi_sd.o)
                0x02028c60                __io_dsisd
 .rodata        0x02028c80     0x2004 c:/devkitPro/libnds/lib\libnds9.a(default_font.bin.o)
                0x02028c80                default_font_bin
                0x0202ac80                default_font_bin_size
                0x0202ac80                default_font_bin_end
 .rodata        0x0202ac84       0x68 c:/devkitpro/devkitarm/bin/../lib/gcc/arm-none-eabi/5.3.0/../../../../arm-none-eabi/lib/thumb\libsysbase.a(iosupport.o)
                0x0202ac84                dotab_stdnull
 .rodata        0x0202acec        0xc c:/devkitpro/devkitarm/bin/../lib/gcc/arm-none-eabi/5.3.0/../../../../arm-none-eabi/lib/thumb\libsysbase.a(chdir.o)
                0x0202acec                DIRECTORY_PARENT
                0x0202acf0                DIRECTORY_THIS
                0x0202acf4                DIRECTORY_SEPARATOR
 *all.rodata*(*)
 *(.roda)
 *(.rodata.*)
 .rodata.str1.4
                0x0202acf8       0x31 main.o
                                 0x34 (size before relaxing)
 *fill*         0x0202ad29        0x3 ff
 .rodata.str1.4
                0x0202ad2c       0x27 d:/Documents/NMPP/NMPP/NMPP_NDS/nflib/lib\libnflib.a(nf_2d.o)
                                 0x28 (size before relaxing)
 *fill*         0x0202ad53        0x1 ff
 .rodata.str1.4
                0x0202ad54      0x613 d:/Documents/NMPP/NMPP/NMPP_NDS/nflib/lib\libnflib.a(nf_basic.o)
                                0x628 (size before relaxing)
 *fill*         0x0202b367        0x1 ff
 .rodata.str1.4
                0x0202b368       0x68 d:/Documents/NMPP/NMPP/NMPP_NDS/nflib/lib\libnflib.a(nf_tiledbg.o)
                                 0x6c (size before relaxing)
 .rodata.str1.4
                0x0202b3d0       0x16 c:/devkitPro/libnds/lib\libfilesystem.a(nitrofs.o)
                                 0x20 (size before relaxing)
 *fill*         0x0202b3e6        0x2 ff
 .rodata.str1.4
                0x0202b3e8       0x10 c:/devkitPro/libnds/lib\libfat.a(libfat.o)
                                 0x14 (size before relaxing)
 .rodata.str1.4
                0x0202b3f8        0x5 c:/devkitPro/libnds/lib\libfat.a(fatdir.o)
                                  0x8 (size before relaxing)
 .rodata.str1.4
                0x0202b3fd        0x8 c:/devkitPro/libnds/lib\libfat.a(disc.o)
 .rodata.str1.4
                0x0202b3fd        0x8 c:/devkitPro/libnds/lib\libfat.a(directory.o)
 *fill*         0x0202b3fd        0x3 ff
 .rodata.str1.4
                0x0202b400       0x4c c:/devkitPro/libnds/lib\libnds9.a(console.o)
 .rodata._ctype_
                0x0202b44c      0x104 c:/devkitpro/devkitarm/bin/../lib/gcc/arm-none-eabi/5.3.0/../../../../arm-none-eabi/lib/thumb\libg.a(lib_a-ctype_.o)
                0x0202b44c                _ctype_
 .rodata.str1.4
                0x0202b550        0x2 c:/devkitpro/devkitarm/bin/../lib/gcc/arm-none-eabi/5.3.0/../../../../arm-none-eabi/lib/thumb\libg.a(lib_a-impure.o)
                                  0x4 (size before relaxing)
 *fill*         0x0202b552        0x2 ff
 .rodata._global_impure_ptr
                0x0202b554        0x4 c:/devkitpro/devkitarm/bin/../lib/gcc/arm-none-eabi/5.3.0/../../../../arm-none-eabi/lib/thumb\libg.a(lib_a-impure.o)
                0x0202b554                _global_impure_ptr
 .rodata.str1.4
                0x0202b558      0x120 c:/devkitpro/devkitarm/bin/../lib/gcc/arm-none-eabi/5.3.0/../../../../arm-none-eabi/lib/thumb\libg.a(lib_a-locale.o)
                                0x130 (size before relaxing)
 .rodata.str1.4
                0x0202b678        0x4 c:/devkitpro/devkitarm/bin/../lib/gcc/arm-none-eabi/5.3.0/../../../../arm-none-eabi/lib/thumb\libg.a(lib_a-mbrtowc.o)
 .rodata._DAYS_BEFORE_MONTH
                0x0202b678       0x30 c:/devkitpro/devkitarm/bin/../lib/gcc/arm-none-eabi/5.3.0/../../../../arm-none-eabi/lib/thumb\libg.a(lib_a-mktime.o)
 .rodata.DAYS_IN_MONTH
                0x0202b6a8       0x30 c:/devkitpro/devkitarm/bin/../lib/gcc/arm-none-eabi/5.3.0/../../../../arm-none-eabi/lib/thumb\libg.a(lib_a-mktime.o)
 .rodata.__month_lengths
                0x0202b6d8       0x60 c:/devkitpro/devkitarm/bin/../lib/gcc/arm-none-eabi/5.3.0/../../../../arm-none-eabi/lib/thumb\libg.a(lib_a-month_lengths.o)
                0x0202b6d8                __month_lengths
 .rodata.__ssvfiscanf_r
                0x0202b738      0x324 c:/devkitpro/devkitarm/bin/../lib/gcc/arm-none-eabi/5.3.0/../../../../arm-none-eabi/lib/thumb\libg.a(lib_a-svfiscanf.o)
 .rodata.basefix.6493
                0x0202ba5c       0x24 c:/devkitpro/devkitarm/bin/../lib/gcc/arm-none-eabi/5.3.0/../../../../arm-none-eabi/lib/thumb\libg.a(lib_a-svfiscanf.o)
 .rodata.get_arg
                0x0202ba80      0x914 c:/devkitpro/devkitarm/bin/../lib/gcc/arm-none-eabi/5.3.0/../../../../arm-none-eabi/lib/thumb\libg.a(lib_a-svfprintf.o)
 .rodata._svfprintf_r
                0x0202c394      0x16c c:/devkitpro/devkitarm/bin/../lib/gcc/arm-none-eabi/5.3.0/../../../../arm-none-eabi/lib/thumb\libg.a(lib_a-svfprintf.o)
 .rodata.blanks.7120
                0x0202c500       0x10 c:/devkitpro/devkitarm/bin/../lib/gcc/arm-none-eabi/5.3.0/../../../../arm-none-eabi/lib/thumb\libg.a(lib_a-svfprintf.o)
 .rodata.str1.4
                0x0202c510       0x42 c:/devkitpro/devkitarm/bin/../lib/gcc/arm-none-eabi/5.3.0/../../../../arm-none-eabi/lib/thumb\libg.a(lib_a-svfprintf.o)
                                 0x44 (size before relaxing)
 *fill*         0x0202c552        0x2 ff
 .rodata.zeroes.7121
                0x0202c554       0x10 c:/devkitpro/devkitarm/bin/../lib/gcc/arm-none-eabi/5.3.0/../../../../arm-none-eabi/lib/thumb\libg.a(lib_a-svfprintf.o)
 .rodata.towlower
                0x0202c564      0x674 c:/devkitpro/devkitarm/bin/../lib/gcc/arm-none-eabi/5.3.0/../../../../arm-none-eabi/lib/thumb\libg.a(lib_a-towlower.o)
 .rodata.towupper
                0x0202cbd8      0x2dc c:/devkitpro/devkitarm/bin/../lib/gcc/arm-none-eabi/5.3.0/../../../../arm-none-eabi/lib/thumb\libg.a(lib_a-towupper.o)
 .rodata.CSWTCH.1
                0x0202ceb4      0x108 c:/devkitpro/devkitarm/bin/../lib/gcc/arm-none-eabi/5.3.0/../../../../arm-none-eabi/lib/thumb\libg.a(lib_a-towupper.o)
 .rodata.get_arg
                0x0202cfbc      0x914 c:/devkitpro/devkitarm/bin/../lib/gcc/arm-none-eabi/5.3.0/../../../../arm-none-eabi/lib/thumb\libg.a(lib_a-vfiprintf.o)
 .rodata._vfiprintf_r
                0x0202d8d0      0x16c c:/devkitpro/devkitarm/bin/../lib/gcc/arm-none-eabi/5.3.0/../../../../arm-none-eabi/lib/thumb\libg.a(lib_a-vfiprintf.o)
 .rodata.blanks.7113
                0x0202da3c       0x10 c:/devkitpro/devkitarm/bin/../lib/gcc/arm-none-eabi/5.3.0/../../../../arm-none-eabi/lib/thumb\libg.a(lib_a-vfiprintf.o)
 .rodata.str1.4
                0x0202da4c       0x30 c:/devkitpro/devkitarm/bin/../lib/gcc/arm-none-eabi/5.3.0/../../../../arm-none-eabi/lib/thumb\libg.a(lib_a-vfiprintf.o)
 .rodata.zeroes.7114
                0x0202da4c       0x10 c:/devkitpro/devkitarm/bin/../lib/gcc/arm-none-eabi/5.3.0/../../../../arm-none-eabi/lib/thumb\libg.a(lib_a-vfiprintf.o)
 .rodata.get_arg
                0x0202da5c      0x914 c:/devkitpro/devkitarm/bin/../lib/gcc/arm-none-eabi/5.3.0/../../../../arm-none-eabi/lib/thumb\libg.a(lib_a-vfprintf.o)
 .rodata._vfprintf_r
                0x0202e370      0x16c c:/devkitpro/devkitarm/bin/../lib/gcc/arm-none-eabi/5.3.0/../../../../arm-none-eabi/lib/thumb\libg.a(lib_a-vfprintf.o)
 .rodata.zeroes.7136
                0x0202e4dc       0x10 c:/devkitpro/devkitarm/bin/../lib/gcc/arm-none-eabi/5.3.0/../../../../arm-none-eabi/lib/thumb\libg.a(lib_a-vfprintf.o)
 .rodata.blanks.7135
                0x0202e4ec       0x10 c:/devkitpro/devkitarm/bin/../lib/gcc/arm-none-eabi/5.3.0/../../../../arm-none-eabi/lib/thumb\libg.a(lib_a-vfprintf.o)
 .rodata.str1.4
                0x0202e4fc       0x44 c:/devkitpro/devkitarm/bin/../lib/gcc/arm-none-eabi/5.3.0/../../../../arm-none-eabi/lib/thumb\libg.a(lib_a-vfprintf.o)
 .rodata.str1.4
                0x0202e4fc       0x10 c:/devkitpro/devkitarm/bin/../lib/gcc/arm-none-eabi/5.3.0/../../../../arm-none-eabi/lib/thumb\libg.a(lib_a-dtoa.o)
                                 0x14 (size before relaxing)
 .rodata.__jp2uc
                0x0202e50c       0x20 c:/devkitpro/devkitarm/bin/../lib/gcc/arm-none-eabi/5.3.0/../../../../arm-none-eabi/lib/thumb\libg.a(lib_a-jp2uc.o)
 .rodata.a1     0x0202e52c       0xbc c:/devkitpro/devkitarm/bin/../lib/gcc/arm-none-eabi/5.3.0/../../../../arm-none-eabi/lib/thumb\libg.a(lib_a-jp2uc.o)
 .rodata.a2     0x0202e5e8       0xbc c:/devkitpro/devkitarm/bin/../lib/gcc/arm-none-eabi/5.3.0/../../../../arm-none-eabi/lib/thumb\libg.a(lib_a-jp2uc.o)
 .rodata.a3     0x0202e6a4       0x5c c:/devkitpro/devkitarm/bin/../lib/gcc/arm-none-eabi/5.3.0/../../../../arm-none-eabi/lib/thumb\libg.a(lib_a-jp2uc.o)
 .rodata.a6     0x0202e700       0x70 c:/devkitpro/devkitarm/bin/../lib/gcc/arm-none-eabi/5.3.0/../../../../arm-none-eabi/lib/thumb\libg.a(lib_a-jp2uc.o)
 .rodata.a7     0x0202e770       0xa4 c:/devkitpro/devkitarm/bin/../lib/gcc/arm-none-eabi/5.3.0/../../../../arm-none-eabi/lib/thumb\libg.a(lib_a-jp2uc.o)
 .rodata.a8     0x0202e814       0x40 c:/devkitpro/devkitarm/bin/../lib/gcc/arm-none-eabi/5.3.0/../../../../arm-none-eabi/lib/thumb\libg.a(lib_a-jp2uc.o)
 .rodata.str1.4
                0x0202e854       0x14 c:/devkitpro/devkitarm/bin/../lib/gcc/arm-none-eabi/5.3.0/../../../../arm-none-eabi/lib/thumb\libg.a(lib_a-jp2uc.o)
 .rodata.b02cf  0x0202e854     0x172c c:/devkitpro/devkitarm/bin/../lib/gcc/arm-none-eabi/5.3.0/../../../../arm-none-eabi/lib/thumb\libg.a(lib_a-jp2uc.o)
 .rodata.d02f4  0x0202ff80     0x1a7c c:/devkitpro/devkitarm/bin/../lib/gcc/arm-none-eabi/5.3.0/../../../../arm-none-eabi/lib/thumb\libg.a(lib_a-jp2uc.o)
 .rodata.p05.5410
                0x020319fc        0xc c:/devkitpro/devkitarm/bin/../lib/gcc/arm-none-eabi/5.3.0/../../../../arm-none-eabi/lib/thumb\libg.a(lib_a-mprec.o)
 .rodata.__mprec_bigtens
                0x02031a08       0x28 c:/devkitpro/devkitarm/bin/../lib/gcc/arm-none-eabi/5.3.0/../../../../arm-none-eabi/lib/thumb\libg.a(lib_a-mprec.o)
                0x02031a08                __mprec_bigtens
 .rodata.__mprec_tens
                0x02031a30       0xc8 c:/devkitpro/devkitarm/bin/../lib/gcc/arm-none-eabi/5.3.0/../../../../arm-none-eabi/lib/thumb\libg.a(lib_a-mprec.o)
                0x02031a30                __mprec_tens
 .rodata.__state_table
                0x02031af8       0x6c c:/devkitpro/devkitarm/bin/../lib/gcc/arm-none-eabi/5.3.0/../../../../arm-none-eabi/lib/thumb\libg.a(lib_a-svfiprintf.o)
                0x02031af8                __state_table
 .rodata.__chclass
                0x02031b64      0x100 c:/devkitpro/devkitarm/bin/../lib/gcc/arm-none-eabi/5.3.0/../../../../arm-none-eabi/lib/thumb\libg.a(lib_a-svfiprintf.o)
                0x02031b64                __chclass
 .rodata.__action_table
                0x02031c64       0x6c c:/devkitpro/devkitarm/bin/../lib/gcc/arm-none-eabi/5.3.0/../../../../arm-none-eabi/lib/thumb\libg.a(lib_a-svfiprintf.o)
                0x02031c64                __action_table
 .rodata.str1.4
                0x02031cd0        0x8 c:/devkitpro/devkitarm/bin/../lib/gcc/arm-none-eabi/5.3.0/../../../../arm-none-eabi/lib/thumb\libsysbase.a(iosupport.o)
 *(.gnu.linkonce.r*)
                0x02031cd8                . = ALIGN (0x4)

.ARM.extab
 *(.ARM.extab* .gnu.linkonce.armextab.*)
                0x02031cd8                __exidx_start = .

ARM.exidx
 *(.ARM.exidx* .gnu.linkonce.armexidx.*)
                0x02031cd8                __exidx_end = .
                0x02031cd8                . = ALIGN (0x4)
                0x02031cd8                PROVIDE (__preinit_array_start, .)

.preinit_array
 *(.preinit_array)
                0x02031cd8                PROVIDE (__preinit_array_end, .)
                0x02031cd8                PROVIDE (__init_array_start, .)

.init_array     0x02031cd8        0x4
 *(SORT(.init_array.*))
 *(.init_array)
 .init_array    0x02031cd8        0x4 c:/devkitpro/devkitarm/bin/../lib/gcc/arm-none-eabi/5.3.0/thumb/crtbegin.o
                0x02031cdc                PROVIDE (__init_array_end, .)
                [!provide]                PROVIDE (__fini_array_start, .)

.fini_array     0x02031cdc        0x4
 *(.fini_array)
 .fini_array    0x02031cdc        0x4 c:/devkitpro/devkitarm/bin/../lib/gcc/arm-none-eabi/5.3.0/thumb/crtbegin.o
 *(SORT(.fini_array.*))
                [!provide]                PROVIDE (__fini_array_end, .)

.ctors          0x02031ce0        0x0
 *crtbegin.o(.ctors)
 *(EXCLUDE_FILE(*crtend.o) .ctors)
 *(SORT(.ctors.*))
 *(.ctors)
                0x02031ce0                . = ALIGN (0x4)

.dtors          0x02031ce0        0x0
 *crtbegin.o(.dtors)
 *(EXCLUDE_FILE(*crtend.o) .dtors)
 *(SORT(.dtors.*))
 *(.dtors)
                0x02031ce0                . = ALIGN (0x4)

.eh_frame       0x02031ce0       0x48
 *(.eh_frame)
 .eh_frame      0x02031ce0        0x0 c:/devkitpro/devkitarm/bin/../lib/gcc/arm-none-eabi/5.3.0/thumb/crtbegin.o
 .eh_frame      0x02031ce0       0x44 c:/devkitpro/devkitarm/bin/../lib/gcc/arm-none-eabi/5.3.0/../../../../arm-none-eabi/lib/thumb\libg.a(lib_a-strcmp.o)
 .eh_frame      0x02031d24        0x4 c:/devkitpro/devkitarm/bin/../lib/gcc/arm-none-eabi/5.3.0/thumb/crtend.o
                0x02031d28                . = ALIGN (0x4)

.rel.dyn        0x02031d28        0x0
 .rel.iplt      0x02031d28        0x0 c:/devkitpro/devkitarm/bin/../lib/gcc/arm-none-eabi/5.3.0/../../../../arm-none-eabi/lib/thumb/ds_arm9_crt0.o

.gcc_except_table
                0x02031d28        0x0
 *(.gcc_except_table)
                0x02031d28                . = ALIGN (0x4)

.jcr            0x02031d28        0x4
 *(.jcr)
 .jcr           0x02031d28        0x0 c:/devkitpro/devkitarm/bin/../lib/gcc/arm-none-eabi/5.3.0/thumb/crtbegin.o
 .jcr           0x02031d28        0x4 c:/devkitpro/devkitarm/bin/../lib/gcc/arm-none-eabi/5.3.0/thumb/crtend.o

.got
 *(.got.plt)
 *(.got)
 *(.rel.got)

.ewram          0x02031d2c        0x0
                0x02031d2c                __ewram_start = ABSOLUTE (.)
 *(.ewram)
 *ewram.*(.text)
                0x02031d2c                . = ALIGN (0x4)

.data           0x02031d2c     0x2b0c
                0x02031d2c                __data_start = ABSOLUTE (.)
 *(.data)
 .data          0x02031d2c       0x74 c:/devkitPro/libnds/lib\libfilesystem.a(nitrofs.o)
                0x02031d30                syspaths
                0x02031d38                nitroFSdevoptab
 .data          0x02031da0       0x30 c:/devkitPro/libnds/lib\libnds9.a(sprite.o)
                0x02031da0                oamMain
                0x02031db8                oamSub
 .data          0x02031dd0       0x64 c:/devkitPro/libnds/lib\libnds9.a(console.o)
                0x02031dd0                currentConsole
                0x02031dd4                defaultConsole
 .data          0x02031e34       0x60 c:/devkitPro/libnds/lib\libnds9.a(background.o)
                0x02031e34                bgScrollTable
                0x02031e54                bgTransform
                0x02031e74                bgControl
 .data          0x02031e94       0x10 c:/devkitPro/libnds/lib\libnds9.a(fifosystem.o)
                0x02031e94                fifo_buffer_free
                0x02031e98                fifo_freewords
                0x02031e9c                fifo_send_queue
                0x02031ea0                fifo_receive_queue
 .data          0x02031ea4       0x44 c:/devkitpro/devkitarm/bin/../lib/gcc/arm-none-eabi/5.3.0/../../../../arm-none-eabi/lib/thumb\libsysbase.a(iosupport.o)
                0x02031ea8                devoptab_list
 .data          0x02031ee8     0x1000 c:/devkitpro/devkitarm/bin/../lib/gcc/arm-none-eabi/5.3.0/../../../../arm-none-eabi/lib/thumb\libsysbase.a(chdir.o)
 .data          0x02032ee8     0x1028 c:/devkitpro/devkitarm/bin/../lib/gcc/arm-none-eabi/5.3.0/../../../../arm-none-eabi/lib/thumb\libsysbase.a(handle_manager.o)
 *(.data.*)
 .data.__ctype_ptr__
                0x02033f10        0x4 c:/devkitpro/devkitarm/bin/../lib/gcc/arm-none-eabi/5.3.0/../../../../arm-none-eabi/lib/thumb\libg.a(lib_a-ctype_.o)
                0x02033f10                __ctype_ptr__
 .data.__sfp_lock
                0x02033f14        0xc c:/devkitpro/devkitarm/bin/../lib/gcc/arm-none-eabi/5.3.0/../../../../arm-none-eabi/lib/thumb\libg.a(lib_a-findfp.o)
 .data.__sinit_lock
                0x02033f20        0xc c:/devkitpro/devkitarm/bin/../lib/gcc/arm-none-eabi/5.3.0/../../../../arm-none-eabi/lib/thumb\libg.a(lib_a-findfp.o)
 *fill*         0x02033f2c        0x4 ff
 .data.impure_data
                0x02033f30      0x440 c:/devkitpro/devkitarm/bin/../lib/gcc/arm-none-eabi/5.3.0/../../../../arm-none-eabi/lib/thumb\libg.a(lib_a-impure.o)
 .data._impure_ptr
                0x02034370        0x4 c:/devkitpro/devkitarm/bin/../lib/gcc/arm-none-eabi/5.3.0/../../../../arm-none-eabi/lib/thumb\libg.a(lib_a-impure.o)
                0x02034370                _impure_ptr
 .data.lconv    0x02034374       0x38 c:/devkitpro/devkitarm/bin/../lib/gcc/arm-none-eabi/5.3.0/../../../../arm-none-eabi/lib/thumb\libg.a(lib_a-locale.o)
 .data.lc_ctype_charset
                0x020343ac       0x20 c:/devkitpro/devkitarm/bin/../lib/gcc/arm-none-eabi/5.3.0/../../../../arm-none-eabi/lib/thumb\libg.a(lib_a-locale.o)
 .data.__mb_cur_max
                0x020343cc        0x4 c:/devkitpro/devkitarm/bin/../lib/gcc/arm-none-eabi/5.3.0/../../../../arm-none-eabi/lib/thumb\libg.a(lib_a-locale.o)
                0x020343cc                __mb_cur_max
 .data.__malloc_av_
                0x020343d0      0x408 c:/devkitpro/devkitarm/bin/../lib/gcc/arm-none-eabi/5.3.0/../../../../arm-none-eabi/lib/thumb\libg.a(lib_a-mallocr.o)
                0x020343d0                __malloc_av_
 .data.__malloc_trim_threshold
                0x020347d8        0x4 c:/devkitpro/devkitarm/bin/../lib/gcc/arm-none-eabi/5.3.0/../../../../arm-none-eabi/lib/thumb\libg.a(lib_a-mallocr.o)
                0x020347d8                __malloc_trim_threshold
 .data.__malloc_sbrk_base
                0x020347dc        0x4 c:/devkitpro/devkitarm/bin/../lib/gcc/arm-none-eabi/5.3.0/../../../../arm-none-eabi/lib/thumb\libg.a(lib_a-mallocr.o)
                0x020347dc                __malloc_sbrk_base
 .data.__mbtowc
                0x020347e0        0x4 c:/devkitpro/devkitarm/bin/../lib/gcc/arm-none-eabi/5.3.0/../../../../arm-none-eabi/lib/thumb\libg.a(lib_a-mbtowc_r.o)
                0x020347e0                __mbtowc
 .data.__malloc_lock_object
                0x020347e4        0xc c:/devkitpro/devkitarm/bin/../lib/gcc/arm-none-eabi/5.3.0/../../../../arm-none-eabi/lib/thumb\libg.a(lib_a-mlock.o)
 .data.__tz_lock_object
                0x020347f0        0x4 c:/devkitpro/devkitarm/bin/../lib/gcc/arm-none-eabi/5.3.0/../../../../arm-none-eabi/lib/thumb\libg.a(lib_a-tzlock.o)
 .data.__wctomb
                0x020347f4        0x4 c:/devkitpro/devkitarm/bin/../lib/gcc/arm-none-eabi/5.3.0/../../../../arm-none-eabi/lib/thumb\libg.a(lib_a-wctomb_r.o)
                0x020347f4                __wctomb
 .data.tzinfo   0x020347f8       0x40 c:/devkitpro/devkitarm/bin/../lib/gcc/arm-none-eabi/5.3.0/../../../../arm-none-eabi/lib/thumb\libg.a(lib_a-gettzinfo.o)
 *(.gnu.linkonce.d*)
                0x02034838                . = ALIGN (0x4)
                0x02034838                __data_end = ABSOLUTE (.)
                0x02034838                __dtcm_lma = .
                0x02034838                __bss_vma = .

.igot.plt       0x02034838        0x0
 .igot.plt      0x02034838        0x0 c:/devkitpro/devkitarm/bin/../lib/gcc/arm-none-eabi/5.3.0/../../../../arm-none-eabi/lib/thumb/ds_arm9_crt0.o

.tm_clone_table
                0x02034838        0x0
 .tm_clone_table
                0x02034838        0x0 c:/devkitpro/devkitarm/bin/../lib/gcc/arm-none-eabi/5.3.0/thumb/crtbegin.o
 .tm_clone_table
                0x02034838        0x0 c:/devkitpro/devkitarm/bin/../lib/gcc/arm-none-eabi/5.3.0/thumb/crtend.o

.dtcm           0x0b000000        0x0 load address 0x02034838
 *(.dtcm)
 *(.dtcm.*)
                0x0b000000                . = ALIGN (0x4)
                0x0b000000                __dtcm_end = ABSOLUTE (.)
                0x02034838                __itcm_lma = (__dtcm_lma + SIZEOF (.dtcm))

.itcm           0x01000100      0x194 load address 0x02034838
 *(.itcm)
 .itcm          0x01000100       0xc8 c:/devkitPro/libnds/lib\libnds9.a(interrupts.o)
                0x01000100                irqTable
 .itcm          0x010001c8       0xcc c:/devkitPro/libnds/lib\libnds9.a(interruptDispatcher.o)
                0x010001c8                IntrMain
 *itcm.*(.text)
                0x01000294                . = ALIGN (0x4)
                0x01000294                __itcm_end = ABSOLUTE (.)
                0x020349cc                __vectors_lma = (__itcm_lma + SIZEOF (.itcm))

.vectors        0x01000000        0x0 load address 0x020349cc
 *(.vectors)
 *vectors.*(.text)
                0x01000000                . = ALIGN (0x4)
                0x01000000                __vectors_end = ABSOLUTE (.)

.sbss           0x0b000000        0x0
                0x0b000000                __sbss_start = ABSOLUTE (.)
                0x0b000000                __sbss_start__ = ABSOLUTE (.)
 *(.sbss)
                0x0b000000                . = ALIGN (0x4)
                0x0b000000                __sbss_end = ABSOLUTE (.)

.bss            0x02034838     0x9108
                0x02034838                __bss_start = ABSOLUTE (.)
                0x02034838                __bss_start__ = ABSOLUTE (.)
 *(.dynbss)
 *(.gnu.linkonce.b*)
 *(.bss*)
 .bss           0x02034838       0x1c c:/devkitpro/devkitarm/bin/../lib/gcc/arm-none-eabi/5.3.0/thumb/crtbegin.o
 .bss           0x02034854      0x214 c:/devkitPro/libnds/lib\libfilesystem.a(nitrofs.o)
 .bss           0x02034a68        0x4 c:/devkitPro/libnds/lib\libfat.a(cache.o)
 .bss           0x02034a6c        0x8 c:/devkitPro/libnds/lib\libnds9.a(fifosystem.o)
                0x02034a70                processing
 .bss           0x02034a74        0x4 c:/devkitPro/libnds/lib\libnds9.a(system.o)
 .bss.__malloc_max_total_mem
                0x02034a78        0x4 c:/devkitpro/devkitarm/bin/../lib/gcc/arm-none-eabi/5.3.0/../../../../arm-none-eabi/lib/thumb\libg.a(lib_a-mallocr.o)
                0x02034a78                __malloc_max_total_mem
 .bss.__malloc_max_sbrked_mem
                0x02034a7c        0x4 c:/devkitpro/devkitarm/bin/../lib/gcc/arm-none-eabi/5.3.0/../../../../arm-none-eabi/lib/thumb\libg.a(lib_a-mallocr.o)
                0x02034a7c                __malloc_max_sbrked_mem
 .bss.__malloc_top_pad
                0x02034a80        0x4 c:/devkitpro/devkitarm/bin/../lib/gcc/arm-none-eabi/5.3.0/../../../../arm-none-eabi/lib/thumb\libg.a(lib_a-mallocr.o)
                0x02034a80                __malloc_top_pad
 .bss.__malloc_current_mallinfo
                0x02034a84       0x28 c:/devkitpro/devkitarm/bin/../lib/gcc/arm-none-eabi/5.3.0/../../../../arm-none-eabi/lib/thumb\libg.a(lib_a-mallocr.o)
                0x02034a84                __malloc_current_mallinfo
 .bss._daylight
                0x02034aac        0x4 c:/devkitpro/devkitarm/bin/../lib/gcc/arm-none-eabi/5.3.0/../../../../arm-none-eabi/lib/thumb\libg.a(lib_a-tzvars.o)
                0x02034aac                _daylight
 .bss           0x02034ab0        0x4 c:/devkitpro/devkitarm/bin/../lib/gcc/arm-none-eabi/5.3.0/../../../../arm-none-eabi/lib/thumb\libsysbase.a(sbrk.o)
 .bss           0x02034ab4        0x8 c:/devkitpro/devkitarm/bin/../lib/gcc/arm-none-eabi/5.3.0/../../../../arm-none-eabi/lib/thumb\libsysbase.a(malloc_vars.o)
                0x02034ab4                fake_heap_start
                0x02034ab8                fake_heap_end
 .bss           0x02034abc     0x1000 c:/devkitpro/devkitarm/bin/../lib/gcc/arm-none-eabi/5.3.0/../../../../arm-none-eabi/lib/thumb\libsysbase.a(chdir.o)
 .bss           0x02035abc       0x38 c:/devkitpro/devkitarm/bin/../lib/gcc/arm-none-eabi/5.3.0/../../../../arm-none-eabi/lib/thumb\libsysbase.a(syscall_support.o)
                0x02035abc                __syscalls
 *(COMMON)
 COMMON         0x02035af4       0x20 d:/Documents/NMPP/NMPP/NMPP_NDS/nflib/lib\libnflib.a(nf_basic.o)
                0x02035af4                NF_ROOTFOLDER
 COMMON         0x02035b14     0x5378 d:/Documents/NMPP/NMPP/NMPP_NDS/nflib/lib\libnflib.a(nf_sprite256.o)
                0x02035b14                NF_SPR256GFX
                0x02036714                NF_BUFFER_SPR256PAL
                0x02036814                NF_BUFFER_SPR256GFX
                0x02036c14                NF_SPRITEOAM
                0x02039014                NF_SPR256VRAM
                0x0203a414                NF_SPRVRAM
                0x0203ac4c                NF_SPRPALSLOT
                0x0203ac8c                NF_SPR256PAL
 COMMON         0x0203ae8c     0x16c8 d:/Documents/NMPP/NMPP/NMPP_NDS/nflib/lib\libnflib.a(nf_tiledbg.o)
                0x0203ae8c                NF_BUFFER_BGTILES
                0x0203af8c                NF_TILEBLOCKS
                0x0203af9c                NF_BUFFER_BGMAP
                0x0203b09c                NF_BANKS_TILES
                0x0203b0a0                NF_BANKS_MAPS
                0x0203b0a4                NF_EXBGPAL
                0x0203b6a4                NF_TILEDBG_LAYERS
                0x0203b734                NF_MAPBLOCKS
                0x0203b754                NF_BUFFER_BGPAL
                0x0203b854                NF_TILEDBG
 COMMON         0x0203c554      0x800 c:/devkitPro/libnds/lib\libnds9.a(sprite.o)
                0x0203c554                OamMemorySub
                0x0203c954                OamMemory
 COMMON         0x0203cd54       0x5c c:/devkitPro/libnds/lib\libnds9.a(console.o)
                0x0203cd54                currentCopy
 COMMON         0x0203cdb0      0x148 c:/devkitPro/libnds/lib\libnds9.a(background.o)
                0x0203cdb0                bgState
                0x0203cef0                bgIsTextLut
 COMMON         0x0203cef8        0x1 c:/devkitPro/libnds/lib\libnds9.a(initSystem.o)
                0x0203cef8                __dsimode
 *fill*         0x0203cef9        0x3 
 COMMON         0x0203cefc      0xa40 c:/devkitPro/libnds/lib\libnds9.a(fifosystem.o)
                0x0203cefc                fifo_datamsg_data
                0x0203cf3c                fifo_buffer
                0x0203d73c                fifo_value32_func
                0x0203d77c                fifo_address_func
                0x0203d7bc                fifo_value32_data
                0x0203d7fc                fifo_value32_queue
                0x0203d83c                fifo_data_queue
                0x0203d87c                fifo_address_data
                0x0203d8bc                fifo_datamsg_func
                0x0203d8fc                fifo_address_queue
 COMMON         0x0203d93c        0x4 c:/devkitPro/libnds/lib\libnds9.a(timeSupport.o)
                0x0203d93c                punixTime
                0x0203d940                . = ALIGN (0x4)
                0x0203d940                __bss_end__ = ABSOLUTE (.)
                0x0203d940                __end__ = ABSOLUTE (.)

.stab
 *(.stab)

.stabstr
 *(.stabstr)

.stab.excl
 *(.stab.excl)

.stab.exclstr
 *(.stab.exclstr)

.stab.index
 *(.stab.index)

.stab.indexstr
 *(.stab.indexstr)

.comment        0x00000000       0x88
 *(.comment)
 .comment       0x00000000       0x22 c:/devkitpro/devkitarm/bin/../lib/gcc/arm-none-eabi/5.3.0/thumb/crtbegin.o
                                 0x23 (size before relaxing)
 .comment       0x00000022       0x23 main.o
 .comment       0x00000022       0x22 d:/Documents/NMPP/NMPP/NMPP_NDS/nflib/lib\libnflib.a(nf_2d.o)
                                 0x23 (size before relaxing)
 .comment       0x00000044       0x23 d:/Documents/NMPP/NMPP/NMPP_NDS/nflib/lib\libnflib.a(nf_basic.o)
 .comment       0x00000044       0x23 d:/Documents/NMPP/NMPP/NMPP_NDS/nflib/lib\libnflib.a(nf_sprite256.o)
 .comment       0x00000044       0x23 d:/Documents/NMPP/NMPP/NMPP_NDS/nflib/lib\libnflib.a(nf_tiledbg.o)
 .comment       0x00000044       0x22 c:/devkitPro/libnds/lib\libfilesystem.a(nitrofs.o)
                                 0x23 (size before relaxing)
 .comment       0x00000066       0x23 c:/devkitPro/libnds/lib\libfat.a(libfat.o)
 .comment       0x00000066       0x23 c:/devkitPro/libnds/lib\libfat.a(partition.o)
 .comment       0x00000066       0x23 c:/devkitPro/libnds/lib\libfat.a(lock.o)
 .comment       0x00000066       0x23 c:/devkitPro/libnds/lib\libfat.a(fatdir.o)
 .comment       0x00000066       0x23 c:/devkitPro/libnds/lib\libfat.a(cache.o)
 .comment       0x00000066       0x23 c:/devkitPro/libnds/lib\libfat.a(fatfile.o)
 .comment       0x00000066       0x23 c:/devkitPro/libnds/lib\libfat.a(disc.o)
 .comment       0x00000066       0x23 c:/devkitPro/libnds/lib\libfat.a(file_allocation_table.o)
 .comment       0x00000066       0x23 c:/devkitPro/libnds/lib\libfat.a(filetime.o)
 .comment       0x00000066       0x23 c:/devkitPro/libnds/lib\libfat.a(directory.o)
 .comment       0x00000066       0x22 c:/devkitPro/libnds/lib\libnds9.a(sprite.o)
                                 0x23 (size before relaxing)
 .comment       0x00000088       0x23 c:/devkitPro/libnds/lib\libnds9.a(trig.o)
 .comment       0x00000088       0x23 c:/devkitPro/libnds/lib\libnds9.a(console.o)
 .comment       0x00000088       0x23 c:/devkitPro/libnds/lib\libnds9.a(sprite_alloc.o)
 .comment       0x00000088       0x23 c:/devkitPro/libnds/lib\libnds9.a(video.o)
 .comment       0x00000088       0x23 c:/devkitPro/libnds/lib\libnds9.a(background.o)
 .comment       0x00000088       0x23 c:/devkitPro/libnds/lib\libnds9.a(dldi.o)
 .comment       0x00000088       0x23 c:/devkitPro/libnds/lib\libnds9.a(dsi_sd.o)
 .comment       0x00000088       0x23 c:/devkitPro/libnds/lib\libnds9.a(initSystem.o)
 .comment       0x00000088       0x23 c:/devkitPro/libnds/lib\libnds9.a(fifosystem.o)
 .comment       0x00000088       0x23 c:/devkitPro/libnds/lib\libnds9.a(card.o)
 .comment       0x00000088       0x23 c:/devkitPro/libnds/lib\libnds9.a(libnds_exit.arm.o)
 .comment       0x00000088       0x23 c:/devkitPro/libnds/lib\libnds9.a(interrupts.o)
 .comment       0x00000088       0x23 c:/devkitPro/libnds/lib\libnds9.a(system.o)
 .comment       0x00000088       0x23 c:/devkitPro/libnds/lib\libnds9.a(timeSupport.o)
 .comment       0x00000088       0x23 c:/devkitpro/devkitarm/bin/../lib/gcc/arm-none-eabi/5.3.0/thumb\libgcc.a(_muldi3.o)
 .comment       0x00000088       0x23 c:/devkitpro/devkitarm/bin/../lib/gcc/arm-none-eabi/5.3.0/../../../../arm-none-eabi/lib/thumb\libg.a(lib_a-bsearch.o)
 .comment       0x00000088       0x23 c:/devkitpro/devkitarm/bin/../lib/gcc/arm-none-eabi/5.3.0/../../../../arm-none-eabi/lib/thumb\libg.a(lib_a-calloc.o)
 .comment       0x00000088       0x23 c:/devkitpro/devkitarm/bin/../lib/gcc/arm-none-eabi/5.3.0/../../../../arm-none-eabi/lib/thumb\libg.a(lib_a-callocr.o)
 .comment       0x00000088       0x23 c:/devkitpro/devkitarm/bin/../lib/gcc/arm-none-eabi/5.3.0/../../../../arm-none-eabi/lib/thumb\libg.a(lib_a-ctype_.o)
 .comment       0x00000088       0x23 c:/devkitpro/devkitarm/bin/../lib/gcc/arm-none-eabi/5.3.0/../../../../arm-none-eabi/lib/thumb\libg.a(lib_a-fclose.o)
 .comment       0x00000088       0x23 c:/devkitpro/devkitarm/bin/../lib/gcc/arm-none-eabi/5.3.0/../../../../arm-none-eabi/lib/thumb\libg.a(lib_a-fflush.o)
 .comment       0x00000088       0x23 c:/devkitpro/devkitarm/bin/../lib/gcc/arm-none-eabi/5.3.0/../../../../arm-none-eabi/lib/thumb\libg.a(lib_a-findfp.o)
 .comment       0x00000088       0x23 c:/devkitpro/devkitarm/bin/../lib/gcc/arm-none-eabi/5.3.0/../../../../arm-none-eabi/lib/thumb\libg.a(lib_a-fopen.o)
 .comment       0x00000088       0x23 c:/devkitpro/devkitarm/bin/../lib/gcc/arm-none-eabi/5.3.0/../../../../arm-none-eabi/lib/thumb\libg.a(lib_a-fread.o)
 .comment       0x00000088       0x23 c:/devkitpro/devkitarm/bin/../lib/gcc/arm-none-eabi/5.3.0/../../../../arm-none-eabi/lib/thumb\libg.a(lib_a-freer.o)
 .comment       0x00000088       0x23 c:/devkitpro/devkitarm/bin/../lib/gcc/arm-none-eabi/5.3.0/../../../../arm-none-eabi/lib/thumb\libg.a(lib_a-fseek.o)
 .comment       0x00000088       0x23 c:/devkitpro/devkitarm/bin/../lib/gcc/arm-none-eabi/5.3.0/../../../../arm-none-eabi/lib/thumb\libg.a(lib_a-fseeko.o)
 .comment       0x00000088       0x23 c:/devkitpro/devkitarm/bin/../lib/gcc/arm-none-eabi/5.3.0/../../../../arm-none-eabi/lib/thumb\libg.a(lib_a-ftell.o)
 .comment       0x00000088       0x23 c:/devkitpro/devkitarm/bin/../lib/gcc/arm-none-eabi/5.3.0/../../../../arm-none-eabi/lib/thumb\libg.a(lib_a-ftello.o)